Archive member included to satisfy reference by file (symbol)

C:/MyPrograms/STM32CubeIDE/STM32CubeIDE_1.14.0/STM32CubeIDE/plugins/com.st.stm32cube.ide.mcu.externaltools.gnu-tools-for-stm32.11.3.rel1.win32_1.1.100.202309141235/tools/bin/../lib/gcc/arm-none-eabi/11.3.1/../../../../arm-none-eabi/lib/thumb/v7e-m+fp/hard\libc_nano.a(libc_a-exit.o)
                              C:/MyPrograms/STM32CubeIDE/STM32CubeIDE_1.14.0/STM32CubeIDE/plugins/com.st.stm32cube.ide.mcu.externaltools.gnu-tools-for-stm32.11.3.rel1.win32_1.1.100.202309141235/tools/bin/../lib/gcc/arm-none-eabi/11.3.1/../../../../arm-none-eabi/lib/thumb/v7e-m+fp/hard/crt0.o (exit)
C:/MyPrograms/STM32CubeIDE/STM32CubeIDE_1.14.0/STM32CubeIDE/plugins/com.st.stm32cube.ide.mcu.externaltools.gnu-tools-for-stm32.11.3.rel1.win32_1.1.100.202309141235/tools/bin/../lib/gcc/arm-none-eabi/11.3.1/../../../../arm-none-eabi/lib/thumb/v7e-m+fp/hard\libc_nano.a(libc_a-findfp.o)
                              ./Middlewares/Third_Party/FreeRTOS/Source/tasks.o (__sf)
C:/MyPrograms/STM32CubeIDE/STM32CubeIDE_1.14.0/STM32CubeIDE/plugins/com.st.stm32cube.ide.mcu.externaltools.gnu-tools-for-stm32.11.3.rel1.win32_1.1.100.202309141235/tools/bin/../lib/gcc/arm-none-eabi/11.3.1/../../../../arm-none-eabi/lib/thumb/v7e-m+fp/hard\libc_nano.a(libc_a-fwalk.o)
                              C:/MyPrograms/STM32CubeIDE/STM32CubeIDE_1.14.0/STM32CubeIDE/plugins/com.st.stm32cube.ide.mcu.externaltools.gnu-tools-for-stm32.11.3.rel1.win32_1.1.100.202309141235/tools/bin/../lib/gcc/arm-none-eabi/11.3.1/../../../../arm-none-eabi/lib/thumb/v7e-m+fp/hard\libc_nano.a(libc_a-findfp.o) (_fwalk_sglue)
C:/MyPrograms/STM32CubeIDE/STM32CubeIDE_1.14.0/STM32CubeIDE/plugins/com.st.stm32cube.ide.mcu.externaltools.gnu-tools-for-stm32.11.3.rel1.win32_1.1.100.202309141235/tools/bin/../lib/gcc/arm-none-eabi/11.3.1/../../../../arm-none-eabi/lib/thumb/v7e-m+fp/hard\libc_nano.a(libc_a-stdio.o)
                              C:/MyPrograms/STM32CubeIDE/STM32CubeIDE_1.14.0/STM32CubeIDE/plugins/com.st.stm32cube.ide.mcu.externaltools.gnu-tools-for-stm32.11.3.rel1.win32_1.1.100.202309141235/tools/bin/../lib/gcc/arm-none-eabi/11.3.1/../../../../arm-none-eabi/lib/thumb/v7e-m+fp/hard\libc_nano.a(libc_a-findfp.o) (__sread)
C:/MyPrograms/STM32CubeIDE/STM32CubeIDE_1.14.0/STM32CubeIDE/plugins/com.st.stm32cube.ide.mcu.externaltools.gnu-tools-for-stm32.11.3.rel1.win32_1.1.100.202309141235/tools/bin/../lib/gcc/arm-none-eabi/11.3.1/../../../../arm-none-eabi/lib/thumb/v7e-m+fp/hard\libc_nano.a(libc_a-memset.o)
                              C:/MyPrograms/STM32CubeIDE/STM32CubeIDE_1.14.0/STM32CubeIDE/plugins/com.st.stm32cube.ide.mcu.externaltools.gnu-tools-for-stm32.11.3.rel1.win32_1.1.100.202309141235/tools/bin/../lib/gcc/arm-none-eabi/11.3.1/../../../../arm-none-eabi/lib/thumb/v7e-m+fp/hard/crt0.o (memset)
C:/MyPrograms/STM32CubeIDE/STM32CubeIDE_1.14.0/STM32CubeIDE/plugins/com.st.stm32cube.ide.mcu.externaltools.gnu-tools-for-stm32.11.3.rel1.win32_1.1.100.202309141235/tools/bin/../lib/gcc/arm-none-eabi/11.3.1/../../../../arm-none-eabi/lib/thumb/v7e-m+fp/hard\libc_nano.a(libc_a-closer.o)
                              C:/MyPrograms/STM32CubeIDE/STM32CubeIDE_1.14.0/STM32CubeIDE/plugins/com.st.stm32cube.ide.mcu.externaltools.gnu-tools-for-stm32.11.3.rel1.win32_1.1.100.202309141235/tools/bin/../lib/gcc/arm-none-eabi/11.3.1/../../../../arm-none-eabi/lib/thumb/v7e-m+fp/hard\libc_nano.a(libc_a-stdio.o) (_close_r)
C:/MyPrograms/STM32CubeIDE/STM32CubeIDE_1.14.0/STM32CubeIDE/plugins/com.st.stm32cube.ide.mcu.externaltools.gnu-tools-for-stm32.11.3.rel1.win32_1.1.100.202309141235/tools/bin/../lib/gcc/arm-none-eabi/11.3.1/../../../../arm-none-eabi/lib/thumb/v7e-m+fp/hard\libc_nano.a(libc_a-reent.o)
                              ./Middlewares/Third_Party/FreeRTOS/Source/tasks.o (_reclaim_reent)
C:/MyPrograms/STM32CubeIDE/STM32CubeIDE_1.14.0/STM32CubeIDE/plugins/com.st.stm32cube.ide.mcu.externaltools.gnu-tools-for-stm32.11.3.rel1.win32_1.1.100.202309141235/tools/bin/../lib/gcc/arm-none-eabi/11.3.1/../../../../arm-none-eabi/lib/thumb/v7e-m+fp/hard\libc_nano.a(libc_a-impure.o)
                              ./Middlewares/Third_Party/FreeRTOS/Source/tasks.o (_impure_ptr)
C:/MyPrograms/STM32CubeIDE/STM32CubeIDE_1.14.0/STM32CubeIDE/plugins/com.st.stm32cube.ide.mcu.externaltools.gnu-tools-for-stm32.11.3.rel1.win32_1.1.100.202309141235/tools/bin/../lib/gcc/arm-none-eabi/11.3.1/../../../../arm-none-eabi/lib/thumb/v7e-m+fp/hard\libc_nano.a(libc_a-lseekr.o)
                              C:/MyPrograms/STM32CubeIDE/STM32CubeIDE_1.14.0/STM32CubeIDE/plugins/com.st.stm32cube.ide.mcu.externaltools.gnu-tools-for-stm32.11.3.rel1.win32_1.1.100.202309141235/tools/bin/../lib/gcc/arm-none-eabi/11.3.1/../../../../arm-none-eabi/lib/thumb/v7e-m+fp/hard\libc_nano.a(libc_a-stdio.o) (_lseek_r)
[...]
Memory Configuration

Name             Origin             Length             Attributes
RAM              0x0000000020000000 0x000000000001c000 xrw
FLASH            0x0000000008000000 0x0000000000080000 xr
*default*        0x0000000000000000 0xffffffffffffffff

Linker script and memory map

LOAD C:/MyPrograms/STM32CubeIDE/STM32CubeIDE_1.14.0/STM32CubeIDE/plugins/com.st.stm32cube.ide.mcu.externaltools.gnu-tools-for-stm32.11.3.rel1.win32_1.1.100.202309141235/tools/bin/../lib/gcc/arm-none-eabi/11.3.1/thumb/v7e-m+fp/hard/crti.o
LOAD C:/MyPrograms/STM32CubeIDE/STM32CubeIDE_1.14.0/STM32CubeIDE/plugins/com.st.stm32cube.ide.mcu.externaltools.gnu-tools-for-stm32.11.3.rel1.win32_1.1.100.202309141235/tools/bin/../lib/gcc/arm-none-eabi/11.3.1/thumb/v7e-m+fp/hard/crtbegin.o
LOAD C:/MyPrograms/STM32CubeIDE/STM32CubeIDE_1.14.0/STM32CubeIDE/plugins/com.st.stm32cube.ide.mcu.externaltools.gnu-tools-for-stm32.11.3.rel1.win32_1.1.100.202309141235/tools/bin/../lib/gcc/arm-none-eabi/11.3.1/../../../../arm-none-eabi/lib/thumb/v7e-m+fp/hard/crt0.o
LOAD ./Core/Src/adc.o
LOAD ./Core/Src/app_freertos.o
LOAD ./Core/Src/bmp280.o
LOAD ./Core/Src/gpio.o
LOAD ./Core/Src/i2c.o
LOAD ./Core/Src/main.o
LOAD ./Core/Src/printf.o
LOAD ./Core/Src/stm32g4xx_hal_msp.o
LOAD ./Core/Src/stm32g4xx_hal_timebase_tim.o
LOAD ./Core/Src/stm32g4xx_it.o
LOAD ./Core/Src/syscalls.o
LOAD ./Core/Src/sysmem.o
LOAD ./Core/Src/system_stm32g4xx.o
LOAD ./Core/Src/tim.o
LOAD ./Core/Src/usart.o
LOAD ./Core/Startup/startup_stm32g491retx.o
LOAD ./Drivers/STM32G4xx_HAL_Driver/Src/stm32g4xx_hal.o
LOAD ./Drivers/STM32G4xx_HAL_Driver/Src/stm32g4xx_hal_adc.o
LOAD ./Drivers/STM32G4xx_HAL_Driver/Src/stm32g4xx_hal_adc_ex.o
LOAD ./Drivers/STM32G4xx_HAL_Driver/Src/stm32g4xx_hal_cortex.o
LOAD ./Drivers/STM32G4xx_HAL_Driver/Src/stm32g4xx_hal_dma.o
LOAD ./Drivers/STM32G4xx_HAL_Driver/Src/stm32g4xx_hal_dma_ex.o
LOAD ./Drivers/STM32G4xx_HAL_Driver/Src/stm32g4xx_hal_exti.o
LOAD ./Drivers/STM32G4xx_HAL_Driver/Src/stm32g4xx_hal_flash.o
LOAD ./Drivers/STM32G4xx_HAL_Driver/Src/stm32g4xx_hal_flash_ex.o
LOAD ./Drivers/STM32G4xx_HAL_Driver/Src/stm32g4xx_hal_flash_ramfunc.o
LOAD ./Drivers/STM32G4xx_HAL_Driver/Src/stm32g4xx_hal_gpio.o
LOAD ./Drivers/STM32G4xx_HAL_Driver/Src/stm32g4xx_hal_i2c.o
LOAD ./Drivers/STM32G4xx_HAL_Driver/Src/stm32g4xx_hal_i2c_ex.o
LOAD ./Drivers/STM32G4xx_HAL_Driver/Src/stm32g4xx_hal_pwr.o
LOAD ./Drivers/STM32G4xx_HAL_Driver/Src/stm32g4xx_hal_pwr_ex.o
LOAD ./Drivers/STM32G4xx_HAL_Driver/Src/stm32g4xx_hal_rcc.o
LOAD ./Drivers/STM32G4xx_HAL_Driver/Src/stm32g4xx_hal_rcc_ex.o
LOAD ./Drivers/STM32G4xx_HAL_Driver/Src/stm32g4xx_hal_tim.o
LOAD ./Drivers/STM32G4xx_HAL_Driver/Src/stm32g4xx_hal_tim_ex.o
LOAD ./Drivers/STM32G4xx_HAL_Driver/Src/stm32g4xx_hal_uart.o
LOAD ./Drivers/STM32G4xx_HAL_Driver/Src/stm32g4xx_hal_uart_ex.o
LOAD ./Drivers/STM32G4xx_HAL_Driver/Src/stm32g4xx_ll_adc.o
LOAD ./Middlewares/Third_Party/FreeRTOS/Source/CMSIS_RTOS_V2/cmsis_os2.o
LOAD ./Middlewares/Third_Party/FreeRTOS/Source/croutine.o
LOAD ./Middlewares/Third_Party/FreeRTOS/Source/event_groups.o
LOAD ./Middlewares/Third_Party/FreeRTOS/Source/list.o
LOAD ./Middlewares/Third_Party/FreeRTOS/Source/queue.o
LOAD ./Middlewares/Third_Party/FreeRTOS/Source/stream_buffer.o
LOAD ./Middlewares/Third_Party/FreeRTOS/Source/tasks.o
LOAD ./Middlewares/Third_Party/FreeRTOS/Source/timers.o
LOAD ./Middlewares/Third_Party/FreeRTOS/Source/portable/GCC/ARM_CM4F/port.o
LOAD ./Middlewares/Third_Party/FreeRTOS/Source/portable/MemMang/heap_4.o
START GROUP
LOAD C:/MyPrograms/STM32CubeIDE/STM32CubeIDE_1.14.0/STM32CubeIDE/plugins/com.st.stm32cube.ide.mcu.externaltools.gnu-tools-for-stm32.11.3.rel1.win32_1.1.100.202309141235/tools/bin/../lib/gcc/arm-none-eabi/11.3.1/../../../../arm-none-eabi/lib/thumb/v7e-m+fp/hard\libc_nano.a
LOAD C:/MyPrograms/STM32CubeIDE/STM32CubeIDE_1.14.0/STM32CubeIDE/plugins/com.st.stm32cube.ide.mcu.externaltools.gnu-tools-for-stm32.11.3.rel1.win32_1.1.100.202309141235/tools/bin/../lib/gcc/arm-none-eabi/11.3.1/../../../../arm-none-eabi/lib/thumb/v7e-m+fp/hard\libm.a
END GROUP
START GROUP
LOAD C:/MyPrograms/STM32CubeIDE/STM32CubeIDE_1.14.0/STM32CubeIDE/plugins/com.st.stm32cube.ide.mcu.externaltools.gnu-tools-for-stm32.11.3.rel1.win32_1.1.100.202309141235/tools/bin/../lib/gcc/arm-none-eabi/11.3.1/thumb/v7e-m+fp/hard\libgcc.a
LOAD C:/MyPrograms/STM32CubeIDE/STM32CubeIDE_1.14.0/STM32CubeIDE/plugins/com.st.stm32cube.ide.mcu.externaltools.gnu-tools-for-stm32.11.3.rel1.win32_1.1.100.202309141235/tools/bin/../lib/gcc/arm-none-eabi/11.3.1/../../../../arm-none-eabi/lib/thumb/v7e-m+fp/hard\libc_nano.a
END GROUP
START GROUP
LOAD C:/MyPrograms/STM32CubeIDE/STM32CubeIDE_1.14.0/STM32CubeIDE/plugins/com.st.stm32cube.ide.mcu.externaltools.gnu-tools-for-stm32.11.3.rel1.win32_1.1.100.202309141235/tools/bin/../lib/gcc/arm-none-eabi/11.3.1/thumb/v7e-m+fp/hard\libgcc.a
LOAD C:/MyPrograms/STM32CubeIDE/STM32CubeIDE_1.14.0/STM32CubeIDE/plugins/com.st.stm32cube.ide.mcu.externaltools.gnu-tools-for-stm32.11.3.rel1.win32_1.1.100.202309141235/tools/bin/../lib/gcc/arm-none-eabi/11.3.1/../../../../arm-none-eabi/lib/thumb/v7e-m+fp/hard\libc_nano.a
LOAD C:/MyPrograms/STM32CubeIDE/STM32CubeIDE_1.14.0/STM32CubeIDE/plugins/com.st.stm32cube.ide.mcu.externaltools.gnu-tools-for-stm32.11.3.rel1.win32_1.1.100.202309141235/tools/bin/../lib/gcc/arm-none-eabi/11.3.1/../../../../arm-none-eabi/lib/thumb/v7e-m+fp/hard\libnosys.a
END GROUP
START GROUP
LOAD C:/MyPrograms/STM32CubeIDE/STM32CubeIDE_1.14.0/STM32CubeIDE/plugins/com.st.stm32cube.ide.mcu.externaltools.gnu-tools-for-stm32.11.3.rel1.win32_1.1.100.202309141235/tools/bin/../lib/gcc/arm-none-eabi/11.3.1/thumb/v7e-m+fp/hard\libgcc.a
LOAD C:/MyPrograms/STM32CubeIDE/STM32CubeIDE_1.14.0/STM32CubeIDE/plugins/com.st.stm32cube.ide.mcu.externaltools.gnu-tools-for-stm32.11.3.rel1.win32_1.1.100.202309141235/tools/bin/../lib/gcc/arm-none-eabi/11.3.1/../../../../arm-none-eabi/lib/thumb/v7e-m+fp/hard\libc_nano.a
LOAD C:/MyPrograms/STM32CubeIDE/STM32CubeIDE_1.14.0/STM32CubeIDE/plugins/com.st.stm32cube.ide.mcu.externaltools.gnu-tools-for-stm32.11.3.rel1.win32_1.1.100.202309141235/tools/bin/../lib/gcc/arm-none-eabi/11.3.1/../../../../arm-none-eabi/lib/thumb/v7e-m+fp/hard\libnosys.a
END GROUP
LOAD C:/MyPrograms/STM32CubeIDE/STM32CubeIDE_1.14.0/STM32CubeIDE/plugins/com.st.stm32cube.ide.mcu.externaltools.gnu-tools-for-stm32.11.3.rel1.win32_1.1.100.202309141235/tools/bin/../lib/gcc/arm-none-eabi/11.3.1/thumb/v7e-m+fp/hard/crtend.o
LOAD C:/MyPrograms/STM32CubeIDE/STM32CubeIDE_1.14.0/STM32CubeIDE/plugins/com.st.stm32cube.ide.mcu.externaltools.gnu-tools-for-stm32.11.3.rel1.win32_1.1.100.202309141235/tools/bin/../lib/gcc/arm-none-eabi/11.3.1/thumb/v7e-m+fp/hard/crtn.o
                0x000000002001c000                _estack = (ORIGIN (RAM) + LENGTH (RAM))
                0x0000000000000200                _Min_Heap_Size = 0x200
                0x0000000000000400                _Min_Stack_Size = 0x400

.isr_vector     0x0000000008000000      0x1d8
                0x0000000008000000                . = ALIGN (0x4)
 *(.isr_vector)
 .isr_vector    0x0000000008000000      0x1d8 ./Core/Startup/startup_stm32g491retx.o
                0x0000000008000000                g_pfnVectors
                0x00000000080001d8                . = ALIGN (0x4)

.text           0x00000000080001e0     0xcc68
                0x00000000080001e0                . = ALIGN (0x4)
 *(.text)
 .text          0x00000000080001e0       0x40 C:/MyPrograms/STM32CubeIDE/STM32CubeIDE_1.14.0/STM32CubeIDE/plugins/com.st.stm32cube.ide.mcu.externaltools.gnu-tools-for-stm32.11.3.rel1.win32_1.1.100.202309141235/tools/bin/../lib/gcc/arm-none-eabi/11.3.1/thumb/v7e-m+fp/hard/crtbegin.o
 .text          0x0000000008000220      0x378 C:/MyPrograms/STM32CubeIDE/STM32CubeIDE_1.14.0/STM32CubeIDE/plugins/com.st.stm32cube.ide.mcu.externaltools.gnu-tools-for-stm32.11.3.rel1.win32_1.1.100.202309141235/tools/bin/../lib/gcc/arm-none-eabi/11.3.1/thumb/v7e-m+fp/hard\libgcc.a(_arm_addsubdf3.o)
                0x0000000008000220                __aeabi_drsub
                0x0000000008000228                __aeabi_dsub
                0x0000000008000228                __subdf3
                0x000000000800022c                __aeabi_dadd
                0x000000000800022c                __adddf3
                0x00000000080004a4                __floatunsidf
                0x00000000080004a4                __aeabi_ui2d
                0x00000000080004c4                __floatsidf
                0x00000000080004c4                __aeabi_i2d
                0x00000000080004e8                __aeabi_f2d
                0x00000000080004e8                __extendsfdf2
                0x000000000800052c                __floatundidf
                0x000000000800052c                __aeabi_ul2d
                0x000000000800053c                __floatdidf
                0x000000000800053c                __aeabi_l2d
 .text          0x0000000008000598      0x424 C:/MyPrograms/STM32CubeIDE/STM32CubeIDE_1.14.0/STM32CubeIDE/plugins/com.st.stm32cube.ide.mcu.externaltools.gnu-tools-for-stm32.11.3.rel1.win32_1.1.100.202309141235/tools/bin/../lib/gcc/arm-none-eabi/11.3.1/thumb/v7e-m+fp/hard\libgcc.a(_arm_muldivdf3.o)
                0x0000000008000598                __aeabi_dmul
                0x0000000008000598                __muldf3
                0x00000000080007ec                __divdf3
                0x00000000080007ec                __aeabi_ddiv
 .text          0x00000000080009bc      0x110 C:/MyPrograms/STM32CubeIDE/STM32CubeIDE_1.14.0/STM32CubeIDE/plugins/com.st.stm32cube.ide.mcu.externaltools.gnu-tools-for-stm32.11.3.rel1.win32_1.1.100.202309141235/tools/bin/../lib/gcc/arm-none-eabi/11.3.1/thumb/v7e-m+fp/hard\libgcc.a(_arm_cmpdf2.o)
                0x00000000080009bc                __gtdf2
                0x00000000080009bc                __gedf2
                0x00000000080009c4                __ltdf2
                0x00000000080009c4                __ledf2
                0x00000000080009cc                __nedf2
                0x00000000080009cc                __eqdf2
                0x00000000080009cc                __cmpdf2
                0x0000000008000a48                __aeabi_cdrcmple
                0x0000000008000a58                __aeabi_cdcmpeq
                0x0000000008000a58                __aeabi_cdcmple
                0x0000000008000a68                __aeabi_dcmpeq
                0x0000000008000a7c                __aeabi_dcmplt
                0x0000000008000a90                __aeabi_dcmple
                0x0000000008000aa4                __aeabi_dcmpge
                0x0000000008000ab8                __aeabi_dcmpgt
 .text          0x0000000008000acc       0x50 C:/MyPrograms/STM32CubeIDE/STM32CubeIDE_1.14.0/STM32CubeIDE/plugins/com.st.stm32cube.ide.mcu.externaltools.gnu-tools-for-stm32.11.3.rel1.win32_1.1.100.202309141235/tools/bin/../lib/gcc/arm-none-eabi/11.3.1/thumb/v7e-m+fp/hard\libgcc.a(_arm_fixdfsi.o)
                0x0000000008000acc                __aeabi_d2iz
                0x0000000008000acc                __fixdfsi
 .text          0x0000000008000b1c       0x40 C:/MyPrograms/STM32CubeIDE/STM32CubeIDE_1.14.0/STM32CubeIDE/plugins/com.st.stm32cube.ide.mcu.externaltools.gnu-tools-for-stm32.11.3.rel1.win32_1.1.100.202309141235/tools/bin/../lib/gcc/arm-none-eabi/11.3.1/thumb/v7e-m+fp/hard\libgcc.a(_arm_fixunsdfsi.o)
                0x0000000008000b1c                __aeabi_d2uiz
                0x0000000008000b1c                __fixunsdfsi
 .text          0x0000000008000b5c       0xa0 C:/MyPrograms/STM32CubeIDE/STM32CubeIDE_1.14.0/STM32CubeIDE/plugins/com.st.stm32cube.ide.mcu.externaltools.gnu-tools-for-stm32.11.3.rel1.win32_1.1.100.202309141235/tools/bin/../lib/gcc/arm-none-eabi/11.3.1/thumb/v7e-m+fp/hard\libgcc.a(_arm_truncdfsf2.o)
                0x0000000008000b5c                __truncdfsf2
                0x0000000008000b5c                __aeabi_d2f
 .text          0x0000000008000bfc       0x30 C:/MyPrograms/STM32CubeIDE/STM32CubeIDE_1.14.0/STM32CubeIDE/plugins/com.st.stm32cube.ide.mcu.externaltools.gnu-tools-for-stm32.11.3.rel1.win32_1.1.100.202309141235/tools/bin/../lib/gcc/arm-none-eabi/11.3.1/thumb/v7e-m+fp/hard\libgcc.a(_aeabi_uldivmod.o)
                0x0000000008000bfc                __aeabi_uldivmod
 .text          0x0000000008000c2c      0x2c8 C:/MyPrograms/STM32CubeIDE/STM32CubeIDE_1.14.0/STM32CubeIDE/plugins/com.st.stm32cube.ide.mcu.externaltools.gnu-tools-for-stm32.11.3.rel1.win32_1.1.100.202309141235/tools/bin/../lib/gcc/arm-none-eabi/11.3.1/thumb/v7e-m+fp/hard\libgcc.a(_udivmoddi4.o)
                0x0000000008000c2c                __udivmoddi4
 .text          0x0000000008000ef4        0x4 C:/MyPrograms/STM32CubeIDE/STM32CubeIDE_1.14.0/STM32CubeIDE/plugins/com.st.stm32cube.ide.mcu.externaltools.gnu-tools-for-stm32.11.3.rel1.win32_1.1.100.202309141235/tools/bin/../lib/gcc/arm-none-eabi/11.3.1/thumb/v7e-m+fp/hard\libgcc.a(_dvmd_tls.o)
                0x0000000008000ef4                __aeabi_idiv0
                0x0000000008000ef4                __aeabi_ldiv0
 *(.text*)
 .text.MX_ADC1_Init
                0x0000000008000ef8       0xf0 ./Core/Src/adc.o
                0x0000000008000ef8                MX_ADC1_Init
 .text.HAL_ADC_MspInit
                0x0000000008000fe8       0xb8 ./Core/Src/adc.o
                0x0000000008000fe8                HAL_ADC_MspInit
 .text.readADCData
                0x00000000080010a0       0x4c ./Core/Src/app_freertos.o
                0x00000000080010a0                readADCData
 .text.SetChannel
                0x00000000080010ec       0x50 ./Core/Src/app_freertos.o
                0x00000000080010ec                SetChannel
 .text.MX_FREERTOS_Init
                0x000000000800113c      0x110 ./Core/Src/app_freertos.o
                0x000000000800113c                MX_FREERTOS_Init
 .text.sensAnalog01Task
                0x000000000800124c       0x94 ./Core/Src/app_freertos.o
                0x000000000800124c                sensAnalog01Task
 .text.sensUARTTask
                0x00000000080012e0       0x38 ./Core/Src/app_freertos.o
                0x00000000080012e0                sensUARTTask
 .text.sensI2CTask
                0x0000000008001318       0x88 ./Core/Src/app_freertos.o
                0x0000000008001318                sensI2CTask
 .text.sensAnalog02Task
                0x00000000080013a0       0x74 ./Core/Src/app_freertos.o
                0x00000000080013a0                sensAnalog02Task
 .text.StartInfoTask
                0x0000000008001414       0xc8 ./Core/Src/app_freertos.o
                0x0000000008001414                StartInfoTask
 .text.sensGPIOTask
                0x00000000080014dc       0x40 ./Core/Src/app_freertos.o
                0x00000000080014dc                sensGPIOTask
 .text._putchar
                0x000000000800151c       0x40 ./Core/Src/app_freertos.o
                0x000000000800151c                _putchar
 .text.Read8    0x000000000800155c       0x3e ./Core/Src/bmp280.o
                0x000000000800155c                Read8
 .text.Write8   0x000000000800159a       0x3e ./Core/Src/bmp280.o
                0x000000000800159a                Write8
 .text.Read16   0x00000000080015d8       0x4c ./Core/Src/bmp280.o
                0x00000000080015d8                Read16
 .text.Read24   0x0000000008001624       0x4a ./Core/Src/bmp280.o
                0x0000000008001624                Read24
 .text.BMP280_SetMode
                0x000000000800166e       0x52 ./Core/Src/bmp280.o
                0x000000000800166e                BMP280_SetMode
 .text.BMP280_SetPressureOversampling
                0x00000000080016c0       0x54 ./Core/Src/bmp280.o
                0x00000000080016c0                BMP280_SetPressureOversampling
 .text.BMP280_SetTemperatureOversampling
                0x0000000008001714       0x4e ./Core/Src/bmp280.o
                0x0000000008001714                BMP280_SetTemperatureOversampling
 .text.BMP280_ReadTemperatureRaw
                0x0000000008001762       0x24 ./Core/Src/bmp280.o
                0x0000000008001762                BMP280_ReadTemperatureRaw
 .text.BMP280_ReadPressureRaw
                0x0000000008001786       0x24 ./Core/Src/bmp280.o
                0x0000000008001786                BMP280_ReadPressureRaw
 *fill*         0x00000000080017aa        0x2 
 .text.BMP280_ReadTemperature
                0x00000000080017ac       0x9c ./Core/Src/bmp280.o
                0x00000000080017ac                BMP280_ReadTemperature
 .text.BMP280_ReadPressureAndTemperature
                0x0000000008001848      0x16c ./Core/Src/bmp280.o
                0x0000000008001848                BMP280_ReadPressureAndTemperature
 .text.BMP280_Init
                0x00000000080019b4      0x112 ./Core/Src/bmp280.o
                0x00000000080019b4                BMP280_Init
 *fill*         0x0000000008001ac6        0x2 
 .text.MX_GPIO_Init
                0x0000000008001ac8      0x10c ./Core/Src/gpio.o
                0x0000000008001ac8                MX_GPIO_Init
 .text.MX_I2C2_Init
                0x0000000008001bd4       0x80 ./Core/Src/i2c.o
                0x0000000008001bd4                MX_I2C2_Init
 .text.HAL_I2C_MspInit
                0x0000000008001c54       0xec ./Core/Src/i2c.o
                0x0000000008001c54                HAL_I2C_MspInit
 .text.main     0x0000000008001d40       0x44 ./Core/Src/main.o
                0x0000000008001d40                main
 .text.SystemClock_Config
                0x0000000008001d84       0x96 ./Core/Src/main.o
                0x0000000008001d84                SystemClock_Config
 *fill*         0x0000000008001e1a        0x2 
 .text.HAL_TIM_PeriodElapsedCallback
                0x0000000008001e1c       0x24 ./Core/Src/main.o
                0x0000000008001e1c                HAL_TIM_PeriodElapsedCallback
 .text.Error_Handler
                0x0000000008001e40        0xa ./Core/Src/main.o
                0x0000000008001e40                Error_Handler
 .text._out_null
                0x0000000008001e4a       0x1c ./Core/Src/printf.o
 .text._out_char
                0x0000000008001e66       0x26 ./Core/Src/printf.o
 .text._strnlen_s
                0x0000000008001e8c       0x3a ./Core/Src/printf.o
 .text._is_digit
                0x0000000008001ec6       0x2e ./Core/Src/printf.o
 .text._atoi    0x0000000008001ef4       0x48 ./Core/Src/printf.o
 .text._out_rev
                0x0000000008001f3c       0xa0 ./Core/Src/printf.o
 .text._ntoa_format
                0x0000000008001fdc      0x1b8 ./Core/Src/printf.o
 .text._ntoa_long
                0x0000000008002194       0xcc ./Core/Src/printf.o
 .text._ntoa_long_long
                0x0000000008002260       0xda ./Core/Src/printf.o
 *fill*         0x000000000800233a        0x6 
 .text._ftoa    0x0000000008002340      0x4ac ./Core/Src/printf.o
 *fill*         0x00000000080027ec        0x4 
 .text._etoa    0x00000000080027f0      0x510 ./Core/Src/printf.o
 .text._vsnprintf
                0x0000000008002d00      0x9ec ./Core/Src/printf.o
 .text.printf_  0x00000000080036ec       0x38 ./Core/Src/printf.o
                0x00000000080036ec                printf_
 .text.HAL_MspInit
                0x0000000008003724       0x54 ./Core/Src/stm32g4xx_hal_msp.o
                0x0000000008003724                HAL_MspInit
 .text.HAL_InitTick
                0x0000000008003778       0xd8 ./Core/Src/stm32g4xx_hal_timebase_tim.o
                0x0000000008003778                HAL_InitTick
 .text.NMI_Handler
                0x0000000008003850        0x6 ./Core/Src/stm32g4xx_it.o
                0x0000000008003850                NMI_Handler
 .text.HardFault_Handler
                0x0000000008003856        0x6 ./Core/Src/stm32g4xx_it.o
                0x0000000008003856                HardFault_Handler
 .text.MemManage_Handler
                0x000000000800385c        0x6 ./Core/Src/stm32g4xx_it.o
                0x000000000800385c                MemManage_Handler
 .text.BusFault_Handler
                0x0000000008003862        0x6 ./Core/Src/stm32g4xx_it.o
                0x0000000008003862                BusFault_Handler
 .text.UsageFault_Handler
                0x0000000008003868        0x6 ./Core/Src/stm32g4xx_it.o
                0x0000000008003868                UsageFault_Handler
 .text.DebugMon_Handler
                0x000000000800386e        0xe ./Core/Src/stm32g4xx_it.o
                0x000000000800386e                DebugMon_Handler
 .text.ADC1_2_IRQHandler
                0x000000000800387c       0x14 ./Core/Src/stm32g4xx_it.o
                0x000000000800387c                ADC1_2_IRQHandler
 .text.TIM1_UP_TIM16_IRQHandler
                0x0000000008003890       0x14 ./Core/Src/stm32g4xx_it.o
                0x0000000008003890                TIM1_UP_TIM16_IRQHandler
 .text.EXTI15_10_IRQHandler
                0x00000000080038a4       0x10 ./Core/Src/stm32g4xx_it.o
                0x00000000080038a4                EXTI15_10_IRQHandler
 .text.SystemInit
                0x00000000080038b4       0x24 ./Core/Src/system_stm32g4xx.o
                0x00000000080038b4                SystemInit
 .text.MX_TIM6_Init
                0x00000000080038d8       0x6c ./Core/Src/tim.o
                0x00000000080038d8                MX_TIM6_Init
 .text.HAL_TIM_Base_MspInit
                0x0000000008003944       0x40 ./Core/Src/tim.o
                0x0000000008003944                HAL_TIM_Base_MspInit
 .text.MX_LPUART1_UART_Init
                0x0000000008003984       0x94 ./Core/Src/usart.o
                0x0000000008003984                MX_LPUART1_UART_Init
 .text.MX_UART5_Init
                0x0000000008003a18       0x98 ./Core/Src/usart.o
                0x0000000008003a18                MX_UART5_Init
 .text.HAL_UART_MspInit
                0x0000000008003ab0      0x16c ./Core/Src/usart.o
                0x0000000008003ab0                HAL_UART_MspInit
 .text.Reset_Handler
                0x0000000008003c1c       0x50 ./Core/Startup/startup_stm32g491retx.o
                0x0000000008003c1c                Reset_Handler
 .text.Default_Handler
                0x0000000008003c6c        0x2 ./Core/Startup/startup_stm32g491retx.o
                0x0000000008003c6c                RTC_Alarm_IRQHandler
                0x0000000008003c6c                EXTI2_IRQHandler
                0x0000000008003c6c                TIM8_TRG_COM_IRQHandler
                0x0000000008003c6c                TIM8_CC_IRQHandler
                0x0000000008003c6c                TIM1_CC_IRQHandler
                0x0000000008003c6c                USB_HP_IRQHandler
                0x0000000008003c6c                CORDIC_IRQHandler
                0x0000000008003c6c                DMA2_Channel8_IRQHandler
                0x0000000008003c6c                EXTI3_IRQHandler
                0x0000000008003c6c                I2C3_ER_IRQHandler
                0x0000000008003c6c                EXTI0_IRQHandler
                0x0000000008003c6c                I2C2_EV_IRQHandler
                0x0000000008003c6c                FPU_IRQHandler
                0x0000000008003c6c                FDCAN1_IT1_IRQHandler
                0x0000000008003c6c                SPI1_IRQHandler
                0x0000000008003c6c                TIM6_DAC_IRQHandler
                0x0000000008003c6c                TIM8_UP_IRQHandler
                0x0000000008003c6c                DMA2_Channel2_IRQHandler
                0x0000000008003c6c                DMA1_Channel4_IRQHandler
                0x0000000008003c6c                TIM20_TRG_COM_IRQHandler
                0x0000000008003c6c                USART3_IRQHandler
                0x0000000008003c6c                DMA1_Channel7_IRQHandler
                0x0000000008003c6c                UART5_IRQHandler
                0x0000000008003c6c                ADC3_IRQHandler
                0x0000000008003c6c                TIM4_IRQHandler
                0x0000000008003c6c                DMA2_Channel1_IRQHandler
                0x0000000008003c6c                QUADSPI_IRQHandler
                0x0000000008003c6c                I2C1_EV_IRQHandler
                0x0000000008003c6c                DMA1_Channel6_IRQHandler
                0x0000000008003c6c                UART4_IRQHandler
                0x0000000008003c6c                DMA2_Channel4_IRQHandler
                0x0000000008003c6c                TIM3_IRQHandler
                0x0000000008003c6c                RCC_IRQHandler
                0x0000000008003c6c                TIM20_UP_IRQHandler
                0x0000000008003c6c                DMA1_Channel1_IRQHandler
                0x0000000008003c6c                Default_Handler
                0x0000000008003c6c                DMA2_Channel7_IRQHandler
                0x0000000008003c6c                RTC_TAMP_LSECSS_IRQHandler
                0x0000000008003c6c                FMAC_IRQHandler
                0x0000000008003c6c                DMA1_Channel8_IRQHandler
                0x0000000008003c6c                TIM7_IRQHandler
                0x0000000008003c6c                UCPD1_IRQHandler
                0x0000000008003c6c                I2C3_EV_IRQHandler
                0x0000000008003c6c                EXTI9_5_IRQHandler
                0x0000000008003c6c                RTC_WKUP_IRQHandler
                0x0000000008003c6c                PVD_PVM_IRQHandler
                0x0000000008003c6c                SPI2_IRQHandler
                0x0000000008003c6c                DMA2_Channel5_IRQHandler
                0x0000000008003c6c                CRS_IRQHandler
                0x0000000008003c6c                DMA1_Channel5_IRQHandler
                0x0000000008003c6c                USB_LP_IRQHandler
                0x0000000008003c6c                EXTI4_IRQHandler
                0x0000000008003c6c                RNG_IRQHandler
                0x0000000008003c6c                TIM1_TRG_COM_TIM17_IRQHandler
                0x0000000008003c6c                FDCAN2_IT1_IRQHandler
                0x0000000008003c6c                DMA1_Channel3_IRQHandler
                0x0000000008003c6c                WWDG_IRQHandler
                0x0000000008003c6c                FDCAN2_IT0_IRQHandler
                0x0000000008003c6c                LPUART1_IRQHandler
                0x0000000008003c6c                DMA2_Channel6_IRQHandler
                0x0000000008003c6c                FDCAN1_IT0_IRQHandler
                0x0000000008003c6c                TIM2_IRQHandler
                0x0000000008003c6c                COMP1_2_3_IRQHandler
                0x0000000008003c6c                EXTI1_IRQHandler
                0x0000000008003c6c                USART2_IRQHandler
                0x0000000008003c6c                TIM20_BRK_IRQHandler
                0x0000000008003c6c                I2C2_ER_IRQHandler
                0x0000000008003c6c                DMA1_Channel2_IRQHandler
                0x0000000008003c6c                TIM8_BRK_IRQHandler
                0x0000000008003c6c                FLASH_IRQHandler
                0x0000000008003c6c                TIM20_CC_IRQHandler
                0x0000000008003c6c                USART1_IRQHandler
                0x0000000008003c6c                SPI3_IRQHandler
                0x0000000008003c6c                I2C1_ER_IRQHandler
                0x0000000008003c6c                LPTIM1_IRQHandler
                0x0000000008003c6c                DMAMUX_OVR_IRQHandler
                0x0000000008003c6c                USBWakeUp_IRQHandler
                0x0000000008003c6c                SAI1_IRQHandler
                0x0000000008003c6c                DMA2_Channel3_IRQHandler
                0x0000000008003c6c                COMP4_IRQHandler
                0x0000000008003c6c                TIM1_BRK_TIM15_IRQHandler
 .text.HAL_Init
                0x0000000008003c6e       0x30 ./Drivers/STM32G4xx_HAL_Driver/Src/stm32g4xx_hal.o
                0x0000000008003c6e                HAL_Init
 *fill*         0x0000000008003c9e        0x2 
 .text.HAL_IncTick
                0x0000000008003ca0       0x24 ./Drivers/STM32G4xx_HAL_Driver/Src/stm32g4xx_hal.o
                0x0000000008003ca0                HAL_IncTick
 .text.HAL_GetTick
                0x0000000008003cc4       0x18 ./Drivers/STM32G4xx_HAL_Driver/Src/stm32g4xx_hal.o
                0x0000000008003cc4                HAL_GetTick
 .text.LL_ADC_SetCommonClock
                0x0000000008003cdc       0x26 ./Drivers/STM32G4xx_HAL_Driver/Src/stm32g4xx_hal_adc.o
 .text.LL_ADC_SetCommonPathInternalCh
                0x0000000008003d02       0x26 ./Drivers/STM32G4xx_HAL_Driver/Src/stm32g4xx_hal_adc.o
 .text.LL_ADC_GetCommonPathInternalCh
                0x0000000008003d28       0x1c ./Drivers/STM32G4xx_HAL_Driver/Src/stm32g4xx_hal_adc.o
 .text.LL_ADC_SetOffset
                0x0000000008003d44       0x48 ./Drivers/STM32G4xx_HAL_Driver/Src/stm32g4xx_hal_adc.o
 .text.LL_ADC_GetOffsetChannel
                0x0000000008003d8c       0x2c ./Drivers/STM32G4xx_HAL_Driver/Src/stm32g4xx_hal_adc.o
 .text.LL_ADC_SetOffsetState
                0x0000000008003db8       0x36 ./Drivers/STM32G4xx_HAL_Driver/Src/stm32g4xx_hal_adc.o
 .text.LL_ADC_SetOffsetSign
                0x0000000008003dee       0x36 ./Drivers/STM32G4xx_HAL_Driver/Src/stm32g4xx_hal_adc.o
 .text.LL_ADC_SetOffsetSaturation
                0x0000000008003e24       0x36 ./Drivers/STM32G4xx_HAL_Driver/Src/stm32g4xx_hal_adc.o
 .text.LL_ADC_SetSamplingTimeCommonConfig
                0x0000000008003e5a       0x26 ./Drivers/STM32G4xx_HAL_Driver/Src/stm32g4xx_hal_adc.o
 .text.LL_ADC_REG_IsTriggerSourceSWStart
                0x0000000008003e80       0x26 ./Drivers/STM32G4xx_HAL_Driver/Src/stm32g4xx_hal_adc.o
 .text.LL_ADC_REG_SetSequencerRanks
                0x0000000008003ea6       0x58 ./Drivers/STM32G4xx_HAL_Driver/Src/stm32g4xx_hal_adc.o
 .text.LL_ADC_INJ_IsTriggerSourceSWStart
                0x0000000008003efe       0x26 ./Drivers/STM32G4xx_HAL_Driver/Src/stm32g4xx_hal_adc.o
 .text.LL_ADC_SetChannelSamplingTime
                0x0000000008003f24       0x56 ./Drivers/STM32G4xx_HAL_Driver/Src/stm32g4xx_hal_adc.o
 *fill*         0x0000000008003f7a        0x2 
 .text.LL_ADC_SetChannelSingleDiff
                0x0000000008003f7c       0x48 ./Drivers/STM32G4xx_HAL_Driver/Src/stm32g4xx_hal_adc.o
 .text.LL_ADC_GetMultimode
                0x0000000008003fc4       0x1c ./Drivers/STM32G4xx_HAL_Driver/Src/stm32g4xx_hal_adc.o
 .text.LL_ADC_GetMultiDMATransfer
                0x0000000008003fe0       0x1c ./Drivers/STM32G4xx_HAL_Driver/Src/stm32g4xx_hal_adc.o
 .text.LL_ADC_DisableDeepPowerDown
                0x0000000008003ffc       0x24 ./Drivers/STM32G4xx_HAL_Driver/Src/stm32g4xx_hal_adc.o
 .text.LL_ADC_IsDeepPowerDownEnabled
                0x0000000008004020       0x28 ./Drivers/STM32G4xx_HAL_Driver/Src/stm32g4xx_hal_adc.o
 .text.LL_ADC_EnableInternalRegulator
                0x0000000008004048       0x28 ./Drivers/STM32G4xx_HAL_Driver/Src/stm32g4xx_hal_adc.o
 .text.LL_ADC_IsInternalRegulatorEnabled
                0x0000000008004070       0x28 ./Drivers/STM32G4xx_HAL_Driver/Src/stm32g4xx_hal_adc.o
 .text.LL_ADC_Enable
                0x0000000008004098       0x28 ./Drivers/STM32G4xx_HAL_Driver/Src/stm32g4xx_hal_adc.o
 .text.LL_ADC_Disable
                0x00000000080040c0       0x28 ./Drivers/STM32G4xx_HAL_Driver/Src/stm32g4xx_hal_adc.o
 .text.LL_ADC_IsEnabled
                0x00000000080040e8       0x26 ./Drivers/STM32G4xx_HAL_Driver/Src/stm32g4xx_hal_adc.o
 .text.LL_ADC_IsDisableOngoing
                0x000000000800410e       0x26 ./Drivers/STM32G4xx_HAL_Driver/Src/stm32g4xx_hal_adc.o
 .text.LL_ADC_REG_StartConversion
                0x0000000008004134       0x28 ./Drivers/STM32G4xx_HAL_Driver/Src/stm32g4xx_hal_adc.o
 .text.LL_ADC_REG_StopConversion
                0x000000000800415c       0x28 ./Drivers/STM32G4xx_HAL_Driver/Src/stm32g4xx_hal_adc.o
 .text.LL_ADC_REG_IsConversionOngoing
                0x0000000008004184       0x26 ./Drivers/STM32G4xx_HAL_Driver/Src/stm32g4xx_hal_adc.o
 .text.LL_ADC_INJ_StopConversion
                0x00000000080041aa       0x28 ./Drivers/STM32G4xx_HAL_Driver/Src/stm32g4xx_hal_adc.o
 .text.LL_ADC_INJ_IsConversionOngoing
                0x00000000080041d2       0x26 ./Drivers/STM32G4xx_HAL_Driver/Src/stm32g4xx_hal_adc.o
 .text.HAL_ADC_Init
                0x00000000080041f8      0x35c ./Drivers/STM32G4xx_HAL_Driver/Src/stm32g4xx_hal_adc.o
                0x00000000080041f8                HAL_ADC_Init
 .text.HAL_ADC_Start
                0x0000000008004554      0x194 ./Drivers/STM32G4xx_HAL_Driver/Src/stm32g4xx_hal_adc.o
                0x0000000008004554                HAL_ADC_Start
 .text.HAL_ADC_Stop
                0x00000000080046e8       0x66 ./Drivers/STM32G4xx_HAL_Driver/Src/stm32g4xx_hal_adc.o
                0x00000000080046e8                HAL_ADC_Stop
 *fill*         0x000000000800474e        0x2 
 .text.HAL_ADC_PollForConversion
                0x0000000008004750      0x1e8 ./Drivers/STM32G4xx_HAL_Driver/Src/stm32g4xx_hal_adc.o
                0x0000000008004750                HAL_ADC_PollForConversion
 .text.HAL_ADC_GetValue
                0x0000000008004938       0x1a ./Drivers/STM32G4xx_HAL_Driver/Src/stm32g4xx_hal_adc.o
                0x0000000008004938                HAL_ADC_GetValue
 *fill*         0x0000000008004952        0x2 
 .text.HAL_ADC_IRQHandler
                0x0000000008004954      0x474 ./Drivers/STM32G4xx_HAL_Driver/Src/stm32g4xx_hal_adc.o
                0x0000000008004954                HAL_ADC_IRQHandler
 .text.HAL_ADC_ConvCpltCallback
                0x0000000008004dc8       0x14 ./Drivers/STM32G4xx_HAL_Driver/Src/stm32g4xx_hal_adc.o
                0x0000000008004dc8                HAL_ADC_ConvCpltCallback
 .text.HAL_ADC_LevelOutOfWindowCallback
                0x0000000008004ddc       0x14 ./Drivers/STM32G4xx_HAL_Driver/Src/stm32g4xx_hal_adc.o
                0x0000000008004ddc                HAL_ADC_LevelOutOfWindowCallback
 .text.HAL_ADC_ErrorCallback
                0x0000000008004df0       0x14 ./Drivers/STM32G4xx_HAL_Driver/Src/stm32g4xx_hal_adc.o
                0x0000000008004df0                HAL_ADC_ErrorCallback
 .text.HAL_ADC_ConfigChannel
                0x0000000008004e04      0x858 ./Drivers/STM32G4xx_HAL_Driver/Src/stm32g4xx_hal_adc.o
                0x0000000008004e04                HAL_ADC_ConfigChannel
 .text.ADC_ConversionStop
                0x000000000800565c      0x178 ./Drivers/STM32G4xx_HAL_Driver/Src/stm32g4xx_hal_adc.o
                0x000000000800565c                ADC_ConversionStop
 .text.ADC_Enable
                0x00000000080057d4      0x12c ./Drivers/STM32G4xx_HAL_Driver/Src/stm32g4xx_hal_adc.o
                0x00000000080057d4                ADC_Enable
 .text.ADC_Disable
                0x0000000008005900       0xbe ./Drivers/STM32G4xx_HAL_Driver/Src/stm32g4xx_hal_adc.o
                0x0000000008005900                ADC_Disable
 .text.LL_ADC_IsEnabled
                0x00000000080059be       0x26 ./Drivers/STM32G4xx_HAL_Driver/Src/stm32g4xx_hal_adc_ex.o
 .text.LL_ADC_REG_IsConversionOngoing
                0x00000000080059e4       0x26 ./Drivers/STM32G4xx_HAL_Driver/Src/stm32g4xx_hal_adc_ex.o
 .text.HAL_ADCEx_InjectedConvCpltCallback
                0x0000000008005a0a       0x14 ./Drivers/STM32G4xx_HAL_Driver/Src/stm32g4xx_hal_adc_ex.o
                0x0000000008005a0a                HAL_ADCEx_InjectedConvCpltCallback
 .text.HAL_ADCEx_InjectedQueueOverflowCallback
                0x0000000008005a1e       0x14 ./Drivers/STM32G4xx_HAL_Driver/Src/stm32g4xx_hal_adc_ex.o
                0x0000000008005a1e                HAL_ADCEx_InjectedQueueOverflowCallback
 .text.HAL_ADCEx_LevelOutOfWindow2Callback
                0x0000000008005a32       0x14 ./Drivers/STM32G4xx_HAL_Driver/Src/stm32g4xx_hal_adc_ex.o
                0x0000000008005a32                HAL_ADCEx_LevelOutOfWindow2Callback
 .text.HAL_ADCEx_LevelOutOfWindow3Callback
                0x0000000008005a46       0x14 ./Drivers/STM32G4xx_HAL_Driver/Src/stm32g4xx_hal_adc_ex.o
                0x0000000008005a46                HAL_ADCEx_LevelOutOfWindow3Callback
 .text.HAL_ADCEx_EndOfSamplingCallback
                0x0000000008005a5a       0x14 ./Drivers/STM32G4xx_HAL_Driver/Src/stm32g4xx_hal_adc_ex.o
                0x0000000008005a5a                HAL_ADCEx_EndOfSamplingCallback
 *fill*         0x0000000008005a6e        0x2 
 .text.HAL_ADCEx_MultiModeConfigChannel
                0x0000000008005a70      0x1d0 ./Drivers/STM32G4xx_HAL_Driver/Src/stm32g4xx_hal_adc_ex.o
                0x0000000008005a70                HAL_ADCEx_MultiModeConfigChannel
 .text.__NVIC_SetPriorityGrouping
                0x0000000008005c40       0x48 ./Drivers/STM32G4xx_HAL_Driver/Src/stm32g4xx_hal_cortex.o
 .text.__NVIC_GetPriorityGrouping
                0x0000000008005c88       0x1c ./Drivers/STM32G4xx_HAL_Driver/Src/stm32g4xx_hal_cortex.o
 .text.__NVIC_EnableIRQ
                0x0000000008005ca4       0x3c ./Drivers/STM32G4xx_HAL_Driver/Src/stm32g4xx_hal_cortex.o
 .text.__NVIC_SetPriority
                0x0000000008005ce0       0x54 ./Drivers/STM32G4xx_HAL_Driver/Src/stm32g4xx_hal_cortex.o
 .text.NVIC_EncodePriority
                0x0000000008005d34       0x66 ./Drivers/STM32G4xx_HAL_Driver/Src/stm32g4xx_hal_cortex.o
 .text.HAL_NVIC_SetPriorityGrouping
                0x0000000008005d9a       0x16 ./Drivers/STM32G4xx_HAL_Driver/Src/stm32g4xx_hal_cortex.o
                0x0000000008005d9a                HAL_NVIC_SetPriorityGrouping
 .text.HAL_NVIC_SetPriority
                0x0000000008005db0       0x34 ./Drivers/STM32G4xx_HAL_Driver/Src/stm32g4xx_hal_cortex.o
                0x0000000008005db0                HAL_NVIC_SetPriority
 .text.HAL_NVIC_EnableIRQ
                0x0000000008005de4       0x1c ./Drivers/STM32G4xx_HAL_Driver/Src/stm32g4xx_hal_cortex.o
                0x0000000008005de4                HAL_NVIC_EnableIRQ
 .text.HAL_GPIO_Init
                0x0000000008005e00      0x304 ./Drivers/STM32G4xx_HAL_Driver/Src/stm32g4xx_hal_gpio.o
                0x0000000008005e00                HAL_GPIO_Init
 .text.HAL_GPIO_ReadPin
                0x0000000008006104       0x30 ./Drivers/STM32G4xx_HAL_Driver/Src/stm32g4xx_hal_gpio.o
                0x0000000008006104                HAL_GPIO_ReadPin
 .text.HAL_GPIO_WritePin
                0x0000000008006134       0x30 ./Drivers/STM32G4xx_HAL_Driver/Src/stm32g4xx_hal_gpio.o
                0x0000000008006134                HAL_GPIO_WritePin
 .text.HAL_GPIO_EXTI_IRQHandler
                0x0000000008006164       0x30 ./Drivers/STM32G4xx_HAL_Driver/Src/stm32g4xx_hal_gpio.o
                0x0000000008006164                HAL_GPIO_EXTI_IRQHandler
 .text.HAL_GPIO_EXTI_Callback
                0x0000000008006194       0x16 ./Drivers/STM32G4xx_HAL_Driver/Src/stm32g4xx_hal_gpio.o
                0x0000000008006194                HAL_GPIO_EXTI_Callback
 .text.HAL_I2C_Init
                0x00000000080061aa      0x136 ./Drivers/STM32G4xx_HAL_Driver/Src/stm32g4xx_hal_i2c.o
                0x00000000080061aa                HAL_I2C_Init
 .text.HAL_I2C_Mem_Write
                0x00000000080062e0      0x228 ./Drivers/STM32G4xx_HAL_Driver/Src/stm32g4xx_hal_i2c.o
                0x00000000080062e0                HAL_I2C_Mem_Write
 .text.HAL_I2C_Mem_Read
                0x0000000008006508      0x234 ./Drivers/STM32G4xx_HAL_Driver/Src/stm32g4xx_hal_i2c.o
                0x0000000008006508                HAL_I2C_Mem_Read
 .text.I2C_RequestMemoryWrite
                0x000000000800673c       0xa8 ./Drivers/STM32G4xx_HAL_Driver/Src/stm32g4xx_hal_i2c.o
 .text.I2C_RequestMemoryRead
                0x00000000080067e4       0xa8 ./Drivers/STM32G4xx_HAL_Driver/Src/stm32g4xx_hal_i2c.o
 .text.I2C_Flush_TXDR
                0x000000000800688c       0x48 ./Drivers/STM32G4xx_HAL_Driver/Src/stm32g4xx_hal_i2c.o
 .text.I2C_WaitOnFlagUntilTimeout
                0x00000000080068d4       0xb2 ./Drivers/STM32G4xx_HAL_Driver/Src/stm32g4xx_hal_i2c.o
 .text.I2C_WaitOnTXISFlagUntilTimeout
                0x0000000008006986       0x8e ./Drivers/STM32G4xx_HAL_Driver/Src/stm32g4xx_hal_i2c.o
 .text.I2C_WaitOnSTOPFlagUntilTimeout
                0x0000000008006a14       0x86 ./Drivers/STM32G4xx_HAL_Driver/Src/stm32g4xx_hal_i2c.o
 *fill*         0x0000000008006a9a        0x2 
 .text.I2C_IsErrorOccurred
                0x0000000008006a9c      0x1c0 ./Drivers/STM32G4xx_HAL_Driver/Src/stm32g4xx_hal_i2c.o
 .text.I2C_TransferConfig
                0x0000000008006c5c       0x64 ./Drivers/STM32G4xx_HAL_Driver/Src/stm32g4xx_hal_i2c.o
 .text.HAL_I2CEx_ConfigAnalogFilter
                0x0000000008006cc0       0x96 ./Drivers/STM32G4xx_HAL_Driver/Src/stm32g4xx_hal_i2c_ex.o
                0x0000000008006cc0                HAL_I2CEx_ConfigAnalogFilter
 .text.HAL_I2CEx_ConfigDigitalFilter
                0x0000000008006d56       0x98 ./Drivers/STM32G4xx_HAL_Driver/Src/stm32g4xx_hal_i2c_ex.o
                0x0000000008006d56                HAL_I2CEx_ConfigDigitalFilter
 *fill*         0x0000000008006dee        0x2 
 .text.HAL_PWREx_ControlVoltageScaling
                0x0000000008006df0      0x148 ./Drivers/STM32G4xx_HAL_Driver/Src/stm32g4xx_hal_pwr_ex.o
                0x0000000008006df0                HAL_PWREx_ControlVoltageScaling
 .text.HAL_PWREx_DisableUCPDDeadBattery
                0x0000000008006f38       0x20 ./Drivers/STM32G4xx_HAL_Driver/Src/stm32g4xx_hal_pwr_ex.o
                0x0000000008006f38                HAL_PWREx_DisableUCPDDeadBattery
 .text.HAL_RCC_OscConfig
                0x0000000008006f58      0x624 ./Drivers/STM32G4xx_HAL_Driver/Src/stm32g4xx_hal_rcc.o
                0x0000000008006f58                HAL_RCC_OscConfig
 .text.HAL_RCC_ClockConfig
                0x000000000800757c      0x278 ./Drivers/STM32G4xx_HAL_Driver/Src/stm32g4xx_hal_rcc.o
                0x000000000800757c                HAL_RCC_ClockConfig
 .text.HAL_RCC_GetSysClockFreq
                0x00000000080077f4       0xc4 ./Drivers/STM32G4xx_HAL_Driver/Src/stm32g4xx_hal_rcc.o
                0x00000000080077f4                HAL_RCC_GetSysClockFreq
 .text.HAL_RCC_GetHCLKFreq
                0x00000000080078b8       0x18 ./Drivers/STM32G4xx_HAL_Driver/Src/stm32g4xx_hal_rcc.o
                0x00000000080078b8                HAL_RCC_GetHCLKFreq
 .text.HAL_RCC_GetPCLK1Freq
                0x00000000080078d0       0x2c ./Drivers/STM32G4xx_HAL_Driver/Src/stm32g4xx_hal_rcc.o
                0x00000000080078d0                HAL_RCC_GetPCLK1Freq
 .text.HAL_RCC_GetPCLK2Freq
                0x00000000080078fc       0x2c ./Drivers/STM32G4xx_HAL_Driver/Src/stm32g4xx_hal_rcc.o
                0x00000000080078fc                HAL_RCC_GetPCLK2Freq
 .text.HAL_RCC_GetClockConfig
                0x0000000008007928       0x64 ./Drivers/STM32G4xx_HAL_Driver/Src/stm32g4xx_hal_rcc.o
                0x0000000008007928                HAL_RCC_GetClockConfig
 .text.RCC_GetSysClockFreqFromPLLSource
                0x000000000800798c       0x8c ./Drivers/STM32G4xx_HAL_Driver/Src/stm32g4xx_hal_rcc.o
 .text.HAL_RCCEx_PeriphCLKConfig
                0x0000000008007a18      0x478 ./Drivers/STM32G4xx_HAL_Driver/Src/stm32g4xx_hal_rcc_ex.o
                0x0000000008007a18                HAL_RCCEx_PeriphCLKConfig
 .text.HAL_TIM_Base_Init
                0x0000000008007e90       0xae ./Drivers/STM32G4xx_HAL_Driver/Src/stm32g4xx_hal_tim.o
                0x0000000008007e90                HAL_TIM_Base_Init
 *fill*         0x0000000008007f3e        0x2 
 .text.HAL_TIM_Base_Start_IT
                0x0000000008007f40       0xe0 ./Drivers/STM32G4xx_HAL_Driver/Src/stm32g4xx_hal_tim.o
                0x0000000008007f40                HAL_TIM_Base_Start_IT
 .text.HAL_TIM_IRQHandler
                0x0000000008008020      0x29e ./Drivers/STM32G4xx_HAL_Driver/Src/stm32g4xx_hal_tim.o
                0x0000000008008020                HAL_TIM_IRQHandler
 .text.HAL_TIM_OC_DelayElapsedCallback
                0x00000000080082be       0x14 ./Drivers/STM32G4xx_HAL_Driver/Src/stm32g4xx_hal_tim.o
                0x00000000080082be                HAL_TIM_OC_DelayElapsedCallback
 .text.HAL_TIM_IC_CaptureCallback
                0x00000000080082d2       0x14 ./Drivers/STM32G4xx_HAL_Driver/Src/stm32g4xx_hal_tim.o
                0x00000000080082d2                HAL_TIM_IC_CaptureCallback
 .text.HAL_TIM_PWM_PulseFinishedCallback
                0x00000000080082e6       0x14 ./Drivers/STM32G4xx_HAL_Driver/Src/stm32g4xx_hal_tim.o
                0x00000000080082e6                HAL_TIM_PWM_PulseFinishedCallback
 .text.HAL_TIM_TriggerCallback
                0x00000000080082fa       0x14 ./Drivers/STM32G4xx_HAL_Driver/Src/stm32g4xx_hal_tim.o
                0x00000000080082fa                HAL_TIM_TriggerCallback
 *fill*         0x000000000800830e        0x2 
 .text.TIM_Base_SetConfig
                0x0000000008008310      0x154 ./Drivers/STM32G4xx_HAL_Driver/Src/stm32g4xx_hal_tim.o
                0x0000000008008310                TIM_Base_SetConfig
 .text.HAL_TIMEx_MasterConfigSynchronization
                0x0000000008008464      0x11c ./Drivers/STM32G4xx_HAL_Driver/Src/stm32g4xx_hal_tim_ex.o
                0x0000000008008464                HAL_TIMEx_MasterConfigSynchronization
 .text.HAL_TIMEx_CommutCallback
                0x0000000008008580       0x14 ./Drivers/STM32G4xx_HAL_Driver/Src/stm32g4xx_hal_tim_ex.o
                0x0000000008008580                HAL_TIMEx_CommutCallback
 .text.HAL_TIMEx_BreakCallback
                0x0000000008008594       0x14 ./Drivers/STM32G4xx_HAL_Driver/Src/stm32g4xx_hal_tim_ex.o
                0x0000000008008594                HAL_TIMEx_BreakCallback
 .text.HAL_TIMEx_Break2Callback
                0x00000000080085a8       0x14 ./Drivers/STM32G4xx_HAL_Driver/Src/stm32g4xx_hal_tim_ex.o
                0x00000000080085a8                HAL_TIMEx_Break2Callback
 .text.HAL_TIMEx_EncoderIndexCallback
                0x00000000080085bc       0x14 ./Drivers/STM32G4xx_HAL_Driver/Src/stm32g4xx_hal_tim_ex.o
                0x00000000080085bc                HAL_TIMEx_EncoderIndexCallback
 .text.HAL_TIMEx_DirectionChangeCallback
                0x00000000080085d0       0x14 ./Drivers/STM32G4xx_HAL_Driver/Src/stm32g4xx_hal_tim_ex.o
                0x00000000080085d0                HAL_TIMEx_DirectionChangeCallback
 .text.HAL_TIMEx_IndexErrorCallback
                0x00000000080085e4       0x14 ./Drivers/STM32G4xx_HAL_Driver/Src/stm32g4xx_hal_tim_ex.o
                0x00000000080085e4                HAL_TIMEx_IndexErrorCallback
 .text.HAL_TIMEx_TransitionErrorCallback
                0x00000000080085f8       0x14 ./Drivers/STM32G4xx_HAL_Driver/Src/stm32g4xx_hal_tim_ex.o
                0x00000000080085f8                HAL_TIMEx_TransitionErrorCallback
 .text.HAL_UART_Init
                0x000000000800860c       0xa0 ./Drivers/STM32G4xx_HAL_Driver/Src/stm32g4xx_hal_uart.o
                0x000000000800860c                HAL_UART_Init
 .text.HAL_UART_Transmit
                0x00000000080086ac      0x11c ./Drivers/STM32G4xx_HAL_Driver/Src/stm32g4xx_hal_uart.o
                0x00000000080086ac                HAL_UART_Transmit
 .text.UART_SetConfig
                0x00000000080087c8      0x5f8 ./Drivers/STM32G4xx_HAL_Driver/Src/stm32g4xx_hal_uart.o
                0x00000000080087c8                UART_SetConfig
 .text.UART_AdvFeatureConfig
                0x0000000008008dc0      0x144 ./Drivers/STM32G4xx_HAL_Driver/Src/stm32g4xx_hal_uart.o
                0x0000000008008dc0                UART_AdvFeatureConfig
 .text.UART_CheckIdleState
                0x0000000008008f04      0x154 ./Drivers/STM32G4xx_HAL_Driver/Src/stm32g4xx_hal_uart.o
                0x0000000008008f04                UART_CheckIdleState
 .text.UART_WaitOnFlagUntilTimeout
                0x0000000008009058       0xda ./Drivers/STM32G4xx_HAL_Driver/Src/stm32g4xx_hal_uart.o
                0x0000000008009058                UART_WaitOnFlagUntilTimeout
 .text.UART_EndRxTransfer
                0x0000000008009132       0xcc ./Drivers/STM32G4xx_HAL_Driver/Src/stm32g4xx_hal_uart.o
 .text.HAL_UARTEx_DisableFifoMode
                0x00000000080091fe       0x72 ./Drivers/STM32G4xx_HAL_Driver/Src/stm32g4xx_hal_uart_ex.o
                0x00000000080091fe                HAL_UARTEx_DisableFifoMode
 .text.HAL_UARTEx_SetTxFifoThreshold
                0x0000000008009270       0x7c ./Drivers/STM32G4xx_HAL_Driver/Src/stm32g4xx_hal_uart_ex.o
                0x0000000008009270                HAL_UARTEx_SetTxFifoThreshold
 .text.HAL_UARTEx_SetRxFifoThreshold
                0x00000000080092ec       0x7c ./Drivers/STM32G4xx_HAL_Driver/Src/stm32g4xx_hal_uart_ex.o
                0x00000000080092ec                HAL_UARTEx_SetRxFifoThreshold
 .text.UARTEx_SetNbDataToProcess
                0x0000000008009368       0x9c ./Drivers/STM32G4xx_HAL_Driver/Src/stm32g4xx_hal_uart_ex.o
 .text.__NVIC_SetPriority
                0x0000000008009404       0x54 ./Middlewares/Third_Party/FreeRTOS/Source/CMSIS_RTOS_V2/cmsis_os2.o
 .text.SysTick_Handler
                0x0000000008009458       0x20 ./Middlewares/Third_Party/FreeRTOS/Source/CMSIS_RTOS_V2/cmsis_os2.o
                0x0000000008009458                SysTick_Handler
 .text.SVC_Setup
                0x0000000008009478       0x12 ./Middlewares/Third_Party/FreeRTOS/Source/CMSIS_RTOS_V2/cmsis_os2.o
 *fill*         0x000000000800948a        0x2 
 .text.osKernelInitialize
                0x000000000800948c       0x48 ./Middlewares/Third_Party/FreeRTOS/Source/CMSIS_RTOS_V2/cmsis_os2.o
                0x000000000800948c                osKernelInitialize
 .text.osKernelStart
                0x00000000080094d4       0x4c ./Middlewares/Third_Party/FreeRTOS/Source/CMSIS_RTOS_V2/cmsis_os2.o
                0x00000000080094d4                osKernelStart
 .text.osThreadNew
                0x0000000008009520      0x124 ./Middlewares/Third_Party/FreeRTOS/Source/CMSIS_RTOS_V2/cmsis_os2.o
                0x0000000008009520                osThreadNew
 .text.osDelay  0x0000000008009644       0x36 ./Middlewares/Third_Party/FreeRTOS/Source/CMSIS_RTOS_V2/cmsis_os2.o
                0x0000000008009644                osDelay
 .text.osSemaphoreNew
                0x000000000800967a      0x112 ./Middlewares/Third_Party/FreeRTOS/Source/CMSIS_RTOS_V2/cmsis_os2.o
                0x000000000800967a                osSemaphoreNew
 .text.osSemaphoreAcquire
                0x000000000800978c       0xa4 ./Middlewares/Third_Party/FreeRTOS/Source/CMSIS_RTOS_V2/cmsis_os2.o
                0x000000000800978c                osSemaphoreAcquire
 .text.osSemaphoreRelease
                0x0000000008009830       0x88 ./Middlewares/Third_Party/FreeRTOS/Source/CMSIS_RTOS_V2/cmsis_os2.o
                0x0000000008009830                osSemaphoreRelease
 .text.osMessageQueueNew
                0x00000000080098b8       0xe6 ./Middlewares/Third_Party/FreeRTOS/Source/CMSIS_RTOS_V2/cmsis_os2.o
                0x00000000080098b8                osMessageQueueNew
 *fill*         0x000000000800999e        0x2 
 .text.osMessageQueuePut
                0x00000000080099a0       0xc0 ./Middlewares/Third_Party/FreeRTOS/Source/CMSIS_RTOS_V2/cmsis_os2.o
                0x00000000080099a0                osMessageQueuePut
 .text.osMessageQueueGet
                0x0000000008009a60       0xbc ./Middlewares/Third_Party/FreeRTOS/Source/CMSIS_RTOS_V2/cmsis_os2.o
                0x0000000008009a60                osMessageQueueGet
 .text.vApplicationGetIdleTaskMemory
                0x0000000008009b1c       0x34 ./Middlewares/Third_Party/FreeRTOS/Source/CMSIS_RTOS_V2/cmsis_os2.o
                0x0000000008009b1c                vApplicationGetIdleTaskMemory
 .text.vApplicationGetTimerTaskMemory
                0x0000000008009b50       0x34 ./Middlewares/Third_Party/FreeRTOS/Source/CMSIS_RTOS_V2/cmsis_os2.o
                0x0000000008009b50                vApplicationGetTimerTaskMemory
 .text.vListInitialise
                0x0000000008009b84       0x40 ./Middlewares/Third_Party/FreeRTOS/Source/list.o
                0x0000000008009b84                vListInitialise
 .text.vListInitialiseItem
                0x0000000008009bc4       0x1a ./Middlewares/Third_Party/FreeRTOS/Source/list.o
                0x0000000008009bc4                vListInitialiseItem
 .text.vListInsertEnd
                0x0000000008009bde       0x48 ./Middlewares/Third_Party/FreeRTOS/Source/list.o
                0x0000000008009bde                vListInsertEnd
 .text.vListInsert
                0x0000000008009c26       0x72 ./Middlewares/Third_Party/FreeRTOS/Source/list.o
                0x0000000008009c26                vListInsert
 .text.uxListRemove
                0x0000000008009c98       0x54 ./Middlewares/Third_Party/FreeRTOS/Source/list.o
                0x0000000008009c98                uxListRemove
 .text.xQueueGenericReset
                0x0000000008009cec       0xd0 ./Middlewares/Third_Party/FreeRTOS/Source/queue.o
                0x0000000008009cec                xQueueGenericReset
 .text.xQueueGenericCreateStatic
                0x0000000008009dbc       0xf0 ./Middlewares/Third_Party/FreeRTOS/Source/queue.o
                0x0000000008009dbc                xQueueGenericCreateStatic
 .text.xQueueGenericCreate
                0x0000000008009eac       0x74 ./Middlewares/Third_Party/FreeRTOS/Source/queue.o
                0x0000000008009eac                xQueueGenericCreate
 .text.prvInitialiseNewQueue
                0x0000000008009f20       0x46 ./Middlewares/Third_Party/FreeRTOS/Source/queue.o
 .text.xQueueCreateCountingSemaphoreStatic
                0x0000000008009f66       0x6e ./Middlewares/Third_Party/FreeRTOS/Source/queue.o
                0x0000000008009f66                xQueueCreateCountingSemaphoreStatic
 .text.xQueueCreateCountingSemaphore
                0x0000000008009fd4       0x66 ./Middlewares/Third_Party/FreeRTOS/Source/queue.o
                0x0000000008009fd4                xQueueCreateCountingSemaphore
 *fill*         0x000000000800a03a        0x2 
 .text.xQueueGenericSend
                0x000000000800a03c      0x1fc ./Middlewares/Third_Party/FreeRTOS/Source/queue.o
                0x000000000800a03c                xQueueGenericSend
 .text.xQueueGenericSendFromISR
                0x000000000800a238      0x136 ./Middlewares/Third_Party/FreeRTOS/Source/queue.o
                0x000000000800a238                xQueueGenericSendFromISR
 .text.xQueueGiveFromISR
                0x000000000800a36e      0x11a ./Middlewares/Third_Party/FreeRTOS/Source/queue.o
                0x000000000800a36e                xQueueGiveFromISR
 .text.xQueueReceive
                0x000000000800a488      0x1c0 ./Middlewares/Third_Party/FreeRTOS/Source/queue.o
                0x000000000800a488                xQueueReceive
 .text.xQueueSemaphoreTake
                0x000000000800a648      0x218 ./Middlewares/Third_Party/FreeRTOS/Source/queue.o
                0x000000000800a648                xQueueSemaphoreTake
 .text.xQueueReceiveFromISR
                0x000000000800a860      0x100 ./Middlewares/Third_Party/FreeRTOS/Source/queue.o
                0x000000000800a860                xQueueReceiveFromISR
 .text.vQueueDelete
                0x000000000800a960       0x46 ./Middlewares/Third_Party/FreeRTOS/Source/queue.o
                0x000000000800a960                vQueueDelete
 .text.prvGetDisinheritPriorityAfterTimeout
                0x000000000800a9a6       0x30 ./Middlewares/Third_Party/FreeRTOS/Source/queue.o
 .text.prvCopyDataToQueue
                0x000000000800a9d6       0xd4 ./Middlewares/Third_Party/FreeRTOS/Source/queue.o
 .text.prvCopyDataFromQueue
                0x000000000800aaaa       0x4c ./Middlewares/Third_Party/FreeRTOS/Source/queue.o
 .text.prvUnlockQueue
                0x000000000800aaf6       0xa4 ./Middlewares/Third_Party/FreeRTOS/Source/queue.o
 .text.prvIsQueueEmpty
                0x000000000800ab9a       0x2c ./Middlewares/Third_Party/FreeRTOS/Source/queue.o
 .text.prvIsQueueFull
                0x000000000800abc6       0x30 ./Middlewares/Third_Party/FreeRTOS/Source/queue.o
 *fill*         0x000000000800abf6        0x2 
 .text.vQueueAddToRegistry
                0x000000000800abf8       0x54 ./Middlewares/Third_Party/FreeRTOS/Source/queue.o
                0x000000000800abf8                vQueueAddToRegistry
 .text.vQueueUnregisterQueue
                0x000000000800ac4c       0x54 ./Middlewares/Third_Party/FreeRTOS/Source/queue.o
                0x000000000800ac4c                vQueueUnregisterQueue
 .text.vQueueWaitForMessageRestricted
                0x000000000800aca0       0x68 ./Middlewares/Third_Party/FreeRTOS/Source/queue.o
                0x000000000800aca0                vQueueWaitForMessageRestricted
 .text.xTaskCreateStatic
                0x000000000800ad08       0xba ./Middlewares/Third_Party/FreeRTOS/Source/tasks.o
                0x000000000800ad08                xTaskCreateStatic
 .text.xTaskCreate
                0x000000000800adc2       0x8a ./Middlewares/Third_Party/FreeRTOS/Source/tasks.o
                0x000000000800adc2                xTaskCreate
 .text.prvInitialiseNewTask
                0x000000000800ae4c      0x14c ./Middlewares/Third_Party/FreeRTOS/Source/tasks.o
 .text.prvAddNewTaskToReadyList
                0x000000000800af98       0xe0 ./Middlewares/Third_Party/FreeRTOS/Source/tasks.o
 .text.vTaskDelay
                0x000000000800b078       0x68 ./Middlewares/Third_Party/FreeRTOS/Source/tasks.o
                0x000000000800b078                vTaskDelay
 .text.vTaskStartScheduler
                0x000000000800b0e0       0xe0 ./Middlewares/Third_Party/FreeRTOS/Source/tasks.o
                0x000000000800b0e0                vTaskStartScheduler
 .text.vTaskSuspendAll
                0x000000000800b1c0       0x1c ./Middlewares/Third_Party/FreeRTOS/Source/tasks.o
                0x000000000800b1c0                vTaskSuspendAll
 .text.xTaskResumeAll
                0x000000000800b1dc      0x13c ./Middlewares/Third_Party/FreeRTOS/Source/tasks.o
                0x000000000800b1dc                xTaskResumeAll
 .text.xTaskGetTickCount
                0x000000000800b318       0x20 ./Middlewares/Third_Party/FreeRTOS/Source/tasks.o
                0x000000000800b318                xTaskGetTickCount
 .text.xTaskIncrementTick
                0x000000000800b338      0x174 ./Middlewares/Third_Party/FreeRTOS/Source/tasks.o
                0x000000000800b338                xTaskIncrementTick
 .text.vTaskSwitchContext
                0x000000000800b4ac       0xc8 ./Middlewares/Third_Party/FreeRTOS/Source/tasks.o
                0x000000000800b4ac                vTaskSwitchContext
 .text.vTaskPlaceOnEventList
                0x000000000800b574       0x48 ./Middlewares/Third_Party/FreeRTOS/Source/tasks.o
                0x000000000800b574                vTaskPlaceOnEventList
 .text.vTaskPlaceOnEventListRestricted
                0x000000000800b5bc       0x58 ./Middlewares/Third_Party/FreeRTOS/Source/tasks.o
                0x000000000800b5bc                vTaskPlaceOnEventListRestricted
 .text.xTaskRemoveFromEventList
                0x000000000800b614       0xc8 ./Middlewares/Third_Party/FreeRTOS/Source/tasks.o
                0x000000000800b614                xTaskRemoveFromEventList
 .text.vTaskInternalSetTimeOutState
                0x000000000800b6dc       0x2c ./Middlewares/Third_Party/FreeRTOS/Source/tasks.o
                0x000000000800b6dc                vTaskInternalSetTimeOutState
 .text.xTaskCheckForTimeOut
                0x000000000800b708       0xc4 ./Middlewares/Third_Party/FreeRTOS/Source/tasks.o
                0x000000000800b708                xTaskCheckForTimeOut
 .text.vTaskMissedYield
                0x000000000800b7cc       0x18 ./Middlewares/Third_Party/FreeRTOS/Source/tasks.o
                0x000000000800b7cc                vTaskMissedYield
 .text.prvIdleTask
                0x000000000800b7e4       0x30 ./Middlewares/Third_Party/FreeRTOS/Source/tasks.o
 .text.prvInitialiseTaskLists
                0x000000000800b814       0x80 ./Middlewares/Third_Party/FreeRTOS/Source/tasks.o
 .text.prvCheckTasksWaitingTermination
                0x000000000800b894       0x5c ./Middlewares/Third_Party/FreeRTOS/Source/tasks.o
 .text.prvDeleteTCB
                0x000000000800b8f0       0x68 ./Middlewares/Third_Party/FreeRTOS/Source/tasks.o
 .text.prvResetNextTaskUnblockTime
                0x000000000800b958       0x40 ./Middlewares/Third_Party/FreeRTOS/Source/tasks.o
 .text.xTaskGetSchedulerState
                0x000000000800b998       0x3c ./Middlewares/Third_Party/FreeRTOS/Source/tasks.o
                0x000000000800b998                xTaskGetSchedulerState
 .text.xTaskPriorityInherit
                0x000000000800b9d4       0xd0 ./Middlewares/Third_Party/FreeRTOS/Source/tasks.o
                0x000000000800b9d4                xTaskPriorityInherit
 .text.xTaskPriorityDisinherit
                0x000000000800baa4       0xdc ./Middlewares/Third_Party/FreeRTOS/Source/tasks.o
                0x000000000800baa4                xTaskPriorityDisinherit
 .text.vTaskPriorityDisinheritAfterTimeout
                0x000000000800bb80      0x104 ./Middlewares/Third_Party/FreeRTOS/Source/tasks.o
                0x000000000800bb80                vTaskPriorityDisinheritAfterTimeout
 .text.pvTaskIncrementMutexHeldCount
                0x000000000800bc84       0x28 ./Middlewares/Third_Party/FreeRTOS/Source/tasks.o
                0x000000000800bc84                pvTaskIncrementMutexHeldCount
 .text.prvAddCurrentTaskToDelayedList
                0x000000000800bcac       0xa8 ./Middlewares/Third_Party/FreeRTOS/Source/tasks.o
 .text.xTimerCreateTimerTask
                0x000000000800bd54       0x90 ./Middlewares/Third_Party/FreeRTOS/Source/timers.o
                0x000000000800bd54                xTimerCreateTimerTask
 .text.xTimerGenericCommand
                0x000000000800bde4       0x9c ./Middlewares/Third_Party/FreeRTOS/Source/timers.o
                0x000000000800bde4                xTimerGenericCommand
 .text.prvProcessExpiredTimer
                0x000000000800be80       0x98 ./Middlewares/Third_Party/FreeRTOS/Source/timers.o
 .text.prvTimerTask
                0x000000000800bf18       0x24 ./Middlewares/Third_Party/FreeRTOS/Source/timers.o
 .text.prvProcessTimerOrBlockTask
                0x000000000800bf3c       0x9c ./Middlewares/Third_Party/FreeRTOS/Source/timers.o
 .text.prvGetNextExpireTime
                0x000000000800bfd8       0x48 ./Middlewares/Third_Party/FreeRTOS/Source/timers.o
 .text.prvSampleTimeNow
                0x000000000800c020       0x40 ./Middlewares/Third_Party/FreeRTOS/Source/timers.o
 .text.prvInsertTimerInActiveList
                0x000000000800c060       0x84 ./Middlewares/Third_Party/FreeRTOS/Source/timers.o
 .text.prvProcessReceivedCommands
                0x000000000800c0e4      0x1c4 ./Middlewares/Third_Party/FreeRTOS/Source/timers.o
 .text.prvSwitchTimerLists
                0x000000000800c2a8       0xc8 ./Middlewares/Third_Party/FreeRTOS/Source/timers.o
 .text.prvCheckForValidListAndQueue
                0x000000000800c370       0x80 ./Middlewares/Third_Party/FreeRTOS/Source/timers.o
 .text.pxPortInitialiseStack
                0x000000000800c3f0       0x68 ./Middlewares/Third_Party/FreeRTOS/Source/portable/GCC/ARM_CM4F/port.o
                0x000000000800c3f0                pxPortInitialiseStack
 .text.prvTaskExitError
                0x000000000800c458       0x58 ./Middlewares/Third_Party/FreeRTOS/Source/portable/GCC/ARM_CM4F/port.o
 .text.SVC_Handler
                0x000000000800c4b0       0x28 ./Middlewares/Third_Party/FreeRTOS/Source/portable/GCC/ARM_CM4F/port.o
                0x000000000800c4b0                SVC_Handler
 .text.prvPortStartFirstTask
                0x000000000800c4d8       0x28 ./Middlewares/Third_Party/FreeRTOS/Source/portable/GCC/ARM_CM4F/port.o
 .text.xPortStartScheduler
                0x000000000800c500      0x144 ./Middlewares/Third_Party/FreeRTOS/Source/portable/GCC/ARM_CM4F/port.o
                0x000000000800c500                xPortStartScheduler
 .text.vPortEnterCritical
                0x000000000800c644       0x60 ./Middlewares/Third_Party/FreeRTOS/Source/portable/GCC/ARM_CM4F/port.o
                0x000000000800c644                vPortEnterCritical
 .text.vPortExitCritical
                0x000000000800c6a4       0x54 ./Middlewares/Third_Party/FreeRTOS/Source/portable/GCC/ARM_CM4F/port.o
                0x000000000800c6a4                vPortExitCritical
 *fill*         0x000000000800c6f8        0x8 
 .text.PendSV_Handler
                0x000000000800c700       0x68 ./Middlewares/Third_Party/FreeRTOS/Source/portable/GCC/ARM_CM4F/port.o
                0x000000000800c700                PendSV_Handler
 .text.xPortSysTickHandler
                0x000000000800c768       0x44 ./Middlewares/Third_Party/FreeRTOS/Source/portable/GCC/ARM_CM4F/port.o
                0x000000000800c768                xPortSysTickHandler
 .text.vPortSetupTimerInterrupt
                0x000000000800c7ac       0x48 ./Middlewares/Third_Party/FreeRTOS/Source/portable/GCC/ARM_CM4F/port.o
                0x000000000800c7ac                vPortSetupTimerInterrupt
 .text.vPortEnableVFP
                0x000000000800c7f4       0x14 ./Middlewares/Third_Party/FreeRTOS/Source/portable/GCC/ARM_CM4F/port.o
 .text.vPortValidateInterruptPriority
                0x000000000800c808       0x80 ./Middlewares/Third_Party/FreeRTOS/Source/portable/GCC/ARM_CM4F/port.o
                0x000000000800c808                vPortValidateInterruptPriority
 .text.pvPortMalloc
                0x000000000800c888      0x198 ./Middlewares/Third_Party/FreeRTOS/Source/portable/MemMang/heap_4.o
                0x000000000800c888                pvPortMalloc
 .text.vPortFree
                0x000000000800ca20       0xc4 ./Middlewares/Third_Party/FreeRTOS/Source/portable/MemMang/heap_4.o
                0x000000000800ca20                vPortFree
 .text.prvHeapInit
                0x000000000800cae4       0xc4 ./Middlewares/Third_Party/FreeRTOS/Source/portable/MemMang/heap_4.o
 .text.prvInsertBlockIntoFreeList
                0x000000000800cba8       0xb4 ./Middlewares/Third_Party/FreeRTOS/Source/portable/MemMang/heap_4.o
 .text.memset   0x000000000800cc5c       0x10 C:/MyPrograms/STM32CubeIDE/STM32CubeIDE_1.14.0/STM32CubeIDE/plugins/com.st.stm32cube.ide.mcu.externaltools.gnu-tools-for-stm32.11.3.rel1.win32_1.1.100.202309141235/tools/bin/../lib/gcc/arm-none-eabi/11.3.1/../../../../arm-none-eabi/lib/thumb/v7e-m+fp/hard\libc_nano.a(libc_a-memset.o)
                0x000000000800cc5c                memset
 .text._reclaim_reent
                0x000000000800cc6c       0xac C:/MyPrograms/STM32CubeIDE/STM32CubeIDE_1.14.0/STM32CubeIDE/plugins/com.st.stm32cube.ide.mcu.externaltools.gnu-tools-for-stm32.11.3.rel1.win32_1.1.100.202309141235/tools/bin/../lib/gcc/arm-none-eabi/11.3.1/../../../../arm-none-eabi/lib/thumb/v7e-m+fp/hard\libc_nano.a(libc_a-reent.o)
                0x000000000800cc6c                _reclaim_reent
 .text.__libc_init_array
                0x000000000800cd18       0x48 C:/MyPrograms/STM32CubeIDE/STM32CubeIDE_1.14.0/STM32CubeIDE/plugins/com.st.stm32cube.ide.mcu.externaltools.gnu-tools-for-stm32.11.3.rel1.win32_1.1.100.202309141235/tools/bin/../lib/gcc/arm-none-eabi/11.3.1/../../../../arm-none-eabi/lib/thumb/v7e-m+fp/hard\libc_nano.a(libc_a-init.o)
                0x000000000800cd18                __libc_init_array
 .text.__retarget_lock_acquire_recursive
                0x000000000800cd60        0x2 C:/MyPrograms/STM32CubeIDE/STM32CubeIDE_1.14.0/STM32CubeIDE/plugins/com.st.stm32cube.ide.mcu.externaltools.gnu-tools-for-stm32.11.3.rel1.win32_1.1.100.202309141235/tools/bin/../lib/gcc/arm-none-eabi/11.3.1/../../../../arm-none-eabi/lib/thumb/v7e-m+fp/hard\libc_nano.a(libc_a-lock.o)
                0x000000000800cd60                __retarget_lock_acquire_recursive
 .text.__retarget_lock_release_recursive
                0x000000000800cd62        0x2 C:/MyPrograms/STM32CubeIDE/STM32CubeIDE_1.14.0/STM32CubeIDE/plugins/com.st.stm32cube.ide.mcu.externaltools.gnu-tools-for-stm32.11.3.rel1.win32_1.1.100.202309141235/tools/bin/../lib/gcc/arm-none-eabi/11.3.1/../../../../arm-none-eabi/lib/thumb/v7e-m+fp/hard\libc_nano.a(libc_a-lock.o)
                0x000000000800cd62                __retarget_lock_release_recursive
 .text.memcpy   0x000000000800cd64       0x1c C:/MyPrograms/STM32CubeIDE/STM32CubeIDE_1.14.0/STM32CubeIDE/plugins/com.st.stm32cube.ide.mcu.externaltools.gnu-tools-for-stm32.11.3.rel1.win32_1.1.100.202309141235/tools/bin/../lib/gcc/arm-none-eabi/11.3.1/../../../../arm-none-eabi/lib/thumb/v7e-m+fp/hard\libc_nano.a(libc_a-memcpy-stub.o)
                0x000000000800cd64                memcpy
 .text._free_r  0x000000000800cd80       0x98 C:/MyPrograms/STM32CubeIDE/STM32CubeIDE_1.14.0/STM32CubeIDE/plugins/com.st.stm32cube.ide.mcu.externaltools.gnu-tools-for-stm32.11.3.rel1.win32_1.1.100.202309141235/tools/bin/../lib/gcc/arm-none-eabi/11.3.1/../../../../arm-none-eabi/lib/thumb/v7e-m+fp/hard\libc_nano.a(libc_a-freer.o)
                0x000000000800cd80                _free_r
 .text.__malloc_lock
                0x000000000800ce18        0xc C:/MyPrograms/STM32CubeIDE/STM32CubeIDE_1.14.0/STM32CubeIDE/plugins/com.st.stm32cube.ide.mcu.externaltools.gnu-tools-for-stm32.11.3.rel1.win32_1.1.100.202309141235/tools/bin/../lib/gcc/arm-none-eabi/11.3.1/../../../../arm-none-eabi/lib/thumb/v7e-m+fp/hard\libc_nano.a(libc_a-mlock.o)
                0x000000000800ce18                __malloc_lock
 .text.__malloc_unlock
                0x000000000800ce24        0xc C:/MyPrograms/STM32CubeIDE/STM32CubeIDE_1.14.0/STM32CubeIDE/plugins/com.st.stm32cube.ide.mcu.externaltools.gnu-tools-for-stm32.11.3.rel1.win32_1.1.100.202309141235/tools/bin/../lib/gcc/arm-none-eabi/11.3.1/../../../../arm-none-eabi/lib/thumb/v7e-m+fp/hard\libc_nano.a(libc_a-mlock.o)
                0x000000000800ce24                __malloc_unlock
 *(.glue_7)
 .glue_7        0x000000000800ce30        0x0 linker stubs
 *(.glue_7t)
 .glue_7t       0x000000000800ce30        0x0 linker stubs
 *(.eh_frame)
 .eh_frame      0x000000000800ce30        0x0 C:/MyPrograms/STM32CubeIDE/STM32CubeIDE_1.14.0/STM32CubeIDE/plugins/com.st.stm32cube.ide.mcu.externaltools.gnu-tools-for-stm32.11.3.rel1.win32_1.1.100.202309141235/tools/bin/../lib/gcc/arm-none-eabi/11.3.1/thumb/v7e-m+fp/hard/crtbegin.o
 *(.init)
 .init          0x000000000800ce30        0x4 C:/MyPrograms/STM32CubeIDE/STM32CubeIDE_1.14.0/STM32CubeIDE/plugins/com.st.stm32cube.ide.mcu.externaltools.gnu-tools-for-stm32.11.3.rel1.win32_1.1.100.202309141235/tools/bin/../lib/gcc/arm-none-eabi/11.3.1/thumb/v7e-m+fp/hard/crti.o
                0x000000000800ce30                _init
 .init          0x000000000800ce34        0x8 C:/MyPrograms/STM32CubeIDE/STM32CubeIDE_1.14.0/STM32CubeIDE/plugins/com.st.stm32cube.ide.mcu.externaltools.gnu-tools-for-stm32.11.3.rel1.win32_1.1.100.202309141235/tools/bin/../lib/gcc/arm-none-eabi/11.3.1/thumb/v7e-m+fp/hard/crtn.o
 *(.fini)
 .fini          0x000000000800ce3c        0x4 C:/MyPrograms/STM32CubeIDE/STM32CubeIDE_1.14.0/STM32CubeIDE/plugins/com.st.stm32cube.ide.mcu.externaltools.gnu-tools-for-stm32.11.3.rel1.win32_1.1.100.202309141235/tools/bin/../lib/gcc/arm-none-eabi/11.3.1/thumb/v7e-m+fp/hard/crti.o
                0x000000000800ce3c                _fini
 .fini          0x000000000800ce40        0x8 C:/MyPrograms/STM32CubeIDE/STM32CubeIDE_1.14.0/STM32CubeIDE/plugins/com.st.stm32cube.ide.mcu.externaltools.gnu-tools-for-stm32.11.3.rel1.win32_1.1.100.202309141235/tools/bin/../lib/gcc/arm-none-eabi/11.3.1/thumb/v7e-m+fp/hard/crtn.o
                0x000000000800ce48                . = ALIGN (0x4)
                0x000000000800ce48                _etext = .

.vfp11_veneer   0x000000000800ce48        0x0
 .vfp11_veneer  0x000000000800ce48        0x0 linker stubs

.v4_bx          0x000000000800ce48        0x0
 .v4_bx         0x000000000800ce48        0x0 linker stubs

.iplt           0x000000000800ce48        0x0
 .iplt          0x000000000800ce48        0x0 C:/MyPrograms/STM32CubeIDE/STM32CubeIDE_1.14.0/STM32CubeIDE/plugins/com.st.stm32cube.ide.mcu.externaltools.gnu-tools-for-stm32.11.3.rel1.win32_1.1.100.202309141235/tools/bin/../lib/gcc/arm-none-eabi/11.3.1/thumb/v7e-m+fp/hard/crtbegin.o

.rodata         0x000000000800ce48      0x300
                0x000000000800ce48                . = ALIGN (0x4)
 *(.rodata)
 .rodata        0x000000000800ce48      0x115 ./Core/Src/app_freertos.o
 *fill*         0x000000000800cf5d        0x3 
 .rodata        0x000000000800cf60       0x18 ./Core/Src/printf.o
 .rodata        0x000000000800cf78        0x5 ./Middlewares/Third_Party/FreeRTOS/Source/tasks.o
 *fill*         0x000000000800cf7d        0x3 
 .rodata        0x000000000800cf80        0xd ./Middlewares/Third_Party/FreeRTOS/Source/timers.o
 *(.rodata*)
 *fill*         0x000000000800cf8d        0x3 
 .rodata.sensAnalog01_attributes
                0x000000000800cf90       0x24 ./Core/Src/app_freertos.o
                0x000000000800cf90                sensAnalog01_attributes
 .rodata.sensUART_attributes
                0x000000000800cfb4       0x24 ./Core/Src/app_freertos.o
                0x000000000800cfb4                sensUART_attributes
 .rodata.sensI2C_attributes
                0x000000000800cfd8       0x24 ./Core/Src/app_freertos.o
                0x000000000800cfd8                sensI2C_attributes
 .rodata.sensAnalog02_attributes
                0x000000000800cffc       0x24 ./Core/Src/app_freertos.o
                0x000000000800cffc                sensAnalog02_attributes
 .rodata.infoTask_attributes
                0x000000000800d020       0x24 ./Core/Src/app_freertos.o
                0x000000000800d020                infoTask_attributes
 .rodata.sensGPIO_attributes
                0x000000000800d044       0x24 ./Core/Src/app_freertos.o
                0x000000000800d044                sensGPIO_attributes
 .rodata.queueToUART_attributes
                0x000000000800d068       0x18 ./Core/Src/app_freertos.o
                0x000000000800d068                queueToUART_attributes
 .rodata.queueToInfo_attributes
                0x000000000800d080       0x18 ./Core/Src/app_freertos.o
                0x000000000800d080                queueToInfo_attributes
 .rodata.UART_Semaphore_attributes
                0x000000000800d098       0x10 ./Core/Src/app_freertos.o
                0x000000000800d098                UART_Semaphore_attributes
 .rodata.ADC_Semaphore_attributes
                0x000000000800d0a8       0x10 ./Core/Src/app_freertos.o
                0x000000000800d0a8                ADC_Semaphore_attributes
 .rodata.pow10.0
                0x000000000800d0b8       0x50 ./Core/Src/printf.o
 .rodata.AHBPrescTable
                0x000000000800d108       0x10 ./Core/Src/system_stm32g4xx.o
                0x000000000800d108                AHBPrescTable
 .rodata.APBPrescTable
                0x000000000800d118        0x8 ./Core/Src/system_stm32g4xx.o
                0x000000000800d118                APBPrescTable
 .rodata.UARTPrescTable
                0x000000000800d120       0x18 ./Drivers/STM32G4xx_HAL_Driver/Src/stm32g4xx_hal_uart.o
                0x000000000800d120                UARTPrescTable
 .rodata.numerator.1
                0x000000000800d138        0x8 ./Drivers/STM32G4xx_HAL_Driver/Src/stm32g4xx_hal_uart_ex.o
 .rodata.denominator.0
                0x000000000800d140        0x8 ./Drivers/STM32G4xx_HAL_Driver/Src/stm32g4xx_hal_uart_ex.o
                0x000000000800d148                . = ALIGN (0x4)

.ARM.extab      0x000000000800d148        0x0
                0x000000000800d148                . = ALIGN (0x4)
 *(.ARM.extab* .gnu.linkonce.armextab.*)
                0x000000000800d148                . = ALIGN (0x4)

.ARM            0x000000000800d148        0x8
                0x000000000800d148                . = ALIGN (0x4)
                0x000000000800d148                __exidx_start = .
 *(.ARM.exidx*)
 .ARM.exidx     0x000000000800d148        0x8 C:/MyPrograms/STM32CubeIDE/STM32CubeIDE_1.14.0/STM32CubeIDE/plugins/com.st.stm32cube.ide.mcu.externaltools.gnu-tools-for-stm32.11.3.rel1.win32_1.1.100.202309141235/tools/bin/../lib/gcc/arm-none-eabi/11.3.1/thumb/v7e-m+fp/hard\libgcc.a(_udivmoddi4.o)
                0x000000000800d150                __exidx_end = .
                0x000000000800d150                . = ALIGN (0x4)

.rel.dyn        0x000000000800d150        0x0
 .rel.iplt      0x000000000800d150        0x0 C:/MyPrograms/STM32CubeIDE/STM32CubeIDE_1.14.0/STM32CubeIDE/plugins/com.st.stm32cube.ide.mcu.externaltools.gnu-tools-for-stm32.11.3.rel1.win32_1.1.100.202309141235/tools/bin/../lib/gcc/arm-none-eabi/11.3.1/thumb/v7e-m+fp/hard/crtbegin.o

.preinit_array  0x000000000800d150        0x0
                0x000000000800d150                . = ALIGN (0x4)
                0x000000000800d150                PROVIDE (__preinit_array_start = .)
 *(.preinit_array*)
                0x000000000800d150                PROVIDE (__preinit_array_end = .)
                0x000000000800d150                . = ALIGN (0x4)

.init_array     0x000000000800d150        0x4
                0x000000000800d150                . = ALIGN (0x4)
                0x000000000800d150                PROVIDE (__init_array_start = .)
 *(SORT_BY_NAME(.init_array.*))
 *(.init_array*)
 .init_array    0x000000000800d150        0x4 C:/MyPrograms/STM32CubeIDE/STM32CubeIDE_1.14.0/STM32CubeIDE/plugins/com.st.stm32cube.ide.mcu.externaltools.gnu-tools-for-stm32.11.3.rel1.win32_1.1.100.202309141235/tools/bin/../lib/gcc/arm-none-eabi/11.3.1/thumb/v7e-m+fp/hard/crtbegin.o
                0x000000000800d154                PROVIDE (__init_array_end = .)
                0x000000000800d154                . = ALIGN (0x4)

.fini_array     0x000000000800d154        0x4
                0x000000000800d154                . = ALIGN (0x4)
                [!provide]                        PROVIDE (__fini_array_start = .)
 *(SORT_BY_NAME(.fini_array.*))
 *(.fini_array*)
 .fini_array    0x000000000800d154        0x4 C:/MyPrograms/STM32CubeIDE/STM32CubeIDE_1.14.0/STM32CubeIDE/plugins/com.st.stm32cube.ide.mcu.externaltools.gnu-tools-for-stm32.11.3.rel1.win32_1.1.100.202309141235/tools/bin/../lib/gcc/arm-none-eabi/11.3.1/thumb/v7e-m+fp/hard/crtbegin.o
                [!provide]                        PROVIDE (__fini_array_end = .)
                0x000000000800d158                . = ALIGN (0x4)
                0x000000000800d158                _sidata = LOADADDR (.data)

.data           0x0000000020000000       0x60 load address 0x000000000800d158
                0x0000000020000000                . = ALIGN (0x4)
                0x0000000020000000                _sdata = .
 *(.data)
 *(.data*)
 .data.SystemCoreClock
                0x0000000020000000        0x4 ./Core/Src/system_stm32g4xx.o
                0x0000000020000000                SystemCoreClock
 .data.uwTickPrio
                0x0000000020000004        0x4 ./Drivers/STM32G4xx_HAL_Driver/Src/stm32g4xx_hal.o
                0x0000000020000004                uwTickPrio
 .data.uwTickFreq
                0x0000000020000008        0x4 ./Drivers/STM32G4xx_HAL_Driver/Src/stm32g4xx_hal.o
                0x0000000020000008                uwTickFreq
 .data.uxCriticalNesting
                0x000000002000000c        0x4 ./Middlewares/Third_Party/FreeRTOS/Source/portable/GCC/ARM_CM4F/port.o
 .data._impure_data
                0x0000000020000010       0x4c C:/MyPrograms/STM32CubeIDE/STM32CubeIDE_1.14.0/STM32CubeIDE/plugins/com.st.stm32cube.ide.mcu.externaltools.gnu-tools-for-stm32.11.3.rel1.win32_1.1.100.202309141235/tools/bin/../lib/gcc/arm-none-eabi/11.3.1/../../../../arm-none-eabi/lib/thumb/v7e-m+fp/hard\libc_nano.a(libc_a-impure.o)
                0x0000000020000010                _impure_data
 .data._impure_ptr
                0x000000002000005c        0x4 C:/MyPrograms/STM32CubeIDE/STM32CubeIDE_1.14.0/STM32CubeIDE/plugins/com.st.stm32cube.ide.mcu.externaltools.gnu-tools-for-stm32.11.3.rel1.win32_1.1.100.202309141235/tools/bin/../lib/gcc/arm-none-eabi/11.3.1/../../../../arm-none-eabi/lib/thumb/v7e-m+fp/hard\libc_nano.a(libc_a-impure.o)
                0x000000002000005c                _impure_ptr
 *(.RamFunc)
 *(.RamFunc*)
                0x0000000020000060                . = ALIGN (0x4)
                0x0000000020000060                _edata = .

.igot.plt       0x0000000020000060        0x0 load address 0x000000000800d1b8
 .igot.plt      0x0000000020000060        0x0 C:/MyPrograms/STM32CubeIDE/STM32CubeIDE_1.14.0/STM32CubeIDE/plugins/com.st.stm32cube.ide.mcu.externaltools.gnu-tools-for-stm32.11.3.rel1.win32_1.1.100.202309141235/tools/bin/../lib/gcc/arm-none-eabi/11.3.1/thumb/v7e-m+fp/hard/crtbegin.o
                0x0000000020000060                . = ALIGN (0x4)

.bss            0x0000000020000060     0x2b40 load address 0x000000000800d1b8
                0x0000000020000060                _sbss = .
                0x0000000020000060                __bss_start__ = _sbss
 *(.bss)
 .bss           0x0000000020000060       0x1c C:/MyPrograms/STM32CubeIDE/STM32CubeIDE_1.14.0/STM32CubeIDE/plugins/com.st.stm32cube.ide.mcu.externaltools.gnu-tools-for-stm32.11.3.rel1.win32_1.1.100.202309141235/tools/bin/../lib/gcc/arm-none-eabi/11.3.1/thumb/v7e-m+fp/hard/crtbegin.o
 *(.bss*)
 .bss.hadc1     0x000000002000007c       0x6c ./Core/Src/adc.o
                0x000000002000007c                hadc1
 .bss.sensAnalog01Handle
                0x00000000200000e8        0x4 ./Core/Src/app_freertos.o
                0x00000000200000e8                sensAnalog01Handle
 .bss.sensUARTHandle
                0x00000000200000ec        0x4 ./Core/Src/app_freertos.o
                0x00000000200000ec                sensUARTHandle
 .bss.sensI2CHandle
                0x00000000200000f0        0x4 ./Core/Src/app_freertos.o
                0x00000000200000f0                sensI2CHandle
 .bss.sensAnalog02Handle
                0x00000000200000f4        0x4 ./Core/Src/app_freertos.o
                0x00000000200000f4                sensAnalog02Handle
 .bss.infoTaskHandle
                0x00000000200000f8        0x4 ./Core/Src/app_freertos.o
                0x00000000200000f8                infoTaskHandle
 .bss.sensGPIOHandle
                0x00000000200000fc        0x4 ./Core/Src/app_freertos.o
                0x00000000200000fc                sensGPIOHandle
 .bss.queueToUARTHandle
                0x0000000020000100        0x4 ./Core/Src/app_freertos.o
                0x0000000020000100                queueToUARTHandle
 .bss.queueToInfoHandle
                0x0000000020000104        0x4 ./Core/Src/app_freertos.o
                0x0000000020000104                queueToInfoHandle
 .bss.UART_SemaphoreHandle
                0x0000000020000108        0x4 ./Core/Src/app_freertos.o
                0x0000000020000108                UART_SemaphoreHandle
 .bss.ADC_SemaphoreHandle
                0x000000002000010c        0x4 ./Core/Src/app_freertos.o
                0x000000002000010c                ADC_SemaphoreHandle
 .bss.hi2c2     0x0000000020000110       0x54 ./Core/Src/i2c.o
                0x0000000020000110                hi2c2
 .bss.Bmp280    0x0000000020000164       0x24 ./Core/Src/main.o
                0x0000000020000164                Bmp280
 .bss.htim1     0x0000000020000188       0x4c ./Core/Src/stm32g4xx_hal_timebase_tim.o
                0x0000000020000188                htim1
 .bss.htim6     0x00000000200001d4       0x4c ./Core/Src/tim.o
                0x00000000200001d4                htim6
 .bss.hlpuart1  0x0000000020000220       0x94 ./Core/Src/usart.o
                0x0000000020000220                hlpuart1
 .bss.huart5    0x00000000200002b4       0x94 ./Core/Src/usart.o
                0x00000000200002b4                huart5
 .bss.uwTick    0x0000000020000348        0x4 ./Drivers/STM32G4xx_HAL_Driver/Src/stm32g4xx_hal.o
                0x0000000020000348                uwTick
 .bss.KernelState
                0x000000002000034c        0x4 ./Middlewares/Third_Party/FreeRTOS/Source/CMSIS_RTOS_V2/cmsis_os2.o
 .bss.Idle_TCB.3
                0x0000000020000350       0xa8 ./Middlewares/Third_Party/FreeRTOS/Source/CMSIS_RTOS_V2/cmsis_os2.o
 .bss.Idle_Stack.2
                0x00000000200003f8      0x200 ./Middlewares/Third_Party/FreeRTOS/Source/CMSIS_RTOS_V2/cmsis_os2.o
 .bss.Timer_TCB.1
                0x00000000200005f8       0xa8 ./Middlewares/Third_Party/FreeRTOS/Source/CMSIS_RTOS_V2/cmsis_os2.o
 .bss.Timer_Stack.0
                0x00000000200006a0      0x400 ./Middlewares/Third_Party/FreeRTOS/Source/CMSIS_RTOS_V2/cmsis_os2.o
 .bss.xQueueRegistry
                0x0000000020000aa0       0x40 ./Middlewares/Third_Party/FreeRTOS/Source/queue.o
                0x0000000020000aa0                xQueueRegistry
 .bss.pxCurrentTCB
                0x0000000020000ae0        0x4 ./Middlewares/Third_Party/FreeRTOS/Source/tasks.o
                0x0000000020000ae0                pxCurrentTCB
 .bss.pxReadyTasksLists
                0x0000000020000ae4      0x460 ./Middlewares/Third_Party/FreeRTOS/Source/tasks.o
 .bss.xDelayedTaskList1
                0x0000000020000f44       0x14 ./Middlewares/Third_Party/FreeRTOS/Source/tasks.o
 .bss.xDelayedTaskList2
                0x0000000020000f58       0x14 ./Middlewares/Third_Party/FreeRTOS/Source/tasks.o
 .bss.pxDelayedTaskList
                0x0000000020000f6c        0x4 ./Middlewares/Third_Party/FreeRTOS/Source/tasks.o
 .bss.pxOverflowDelayedTaskList
                0x0000000020000f70        0x4 ./Middlewares/Third_Party/FreeRTOS/Source/tasks.o
 .bss.xPendingReadyList
                0x0000000020000f74       0x14 ./Middlewares/Third_Party/FreeRTOS/Source/tasks.o
 .bss.xTasksWaitingTermination
                0x0000000020000f88       0x14 ./Middlewares/Third_Party/FreeRTOS/Source/tasks.o
 .bss.uxDeletedTasksWaitingCleanUp
                0x0000000020000f9c        0x4 ./Middlewares/Third_Party/FreeRTOS/Source/tasks.o
 .bss.xSuspendedTaskList
                0x0000000020000fa0       0x14 ./Middlewares/Third_Party/FreeRTOS/Source/tasks.o
 .bss.uxCurrentNumberOfTasks
                0x0000000020000fb4        0x4 ./Middlewares/Third_Party/FreeRTOS/Source/tasks.o
 .bss.xTickCount
                0x0000000020000fb8        0x4 ./Middlewares/Third_Party/FreeRTOS/Source/tasks.o
 .bss.uxTopReadyPriority
                0x0000000020000fbc        0x4 ./Middlewares/Third_Party/FreeRTOS/Source/tasks.o
 .bss.xSchedulerRunning
                0x0000000020000fc0        0x4 ./Middlewares/Third_Party/FreeRTOS/Source/tasks.o
 .bss.xPendedTicks
                0x0000000020000fc4        0x4 ./Middlewares/Third_Party/FreeRTOS/Source/tasks.o
 .bss.xYieldPending
                0x0000000020000fc8        0x4 ./Middlewares/Third_Party/FreeRTOS/Source/tasks.o
 .bss.xNumOfOverflows
                0x0000000020000fcc        0x4 ./Middlewares/Third_Party/FreeRTOS/Source/tasks.o
 .bss.uxTaskNumber
                0x0000000020000fd0        0x4 ./Middlewares/Third_Party/FreeRTOS/Source/tasks.o
 .bss.xNextTaskUnblockTime
                0x0000000020000fd4        0x4 ./Middlewares/Third_Party/FreeRTOS/Source/tasks.o
 .bss.xIdleTaskHandle
                0x0000000020000fd8        0x4 ./Middlewares/Third_Party/FreeRTOS/Source/tasks.o
 .bss.uxSchedulerSuspended
                0x0000000020000fdc        0x4 ./Middlewares/Third_Party/FreeRTOS/Source/tasks.o
 .bss.xActiveTimerList1
                0x0000000020000fe0       0x14 ./Middlewares/Third_Party/FreeRTOS/Source/timers.o
 .bss.xActiveTimerList2
                0x0000000020000ff4       0x14 ./Middlewares/Third_Party/FreeRTOS/Source/timers.o
 .bss.pxCurrentTimerList
                0x0000000020001008        0x4 ./Middlewares/Third_Party/FreeRTOS/Source/timers.o
 .bss.pxOverflowTimerList
                0x000000002000100c        0x4 ./Middlewares/Third_Party/FreeRTOS/Source/timers.o
 .bss.xTimerQueue
                0x0000000020001010        0x4 ./Middlewares/Third_Party/FreeRTOS/Source/timers.o
 .bss.xTimerTaskHandle
                0x0000000020001014        0x4 ./Middlewares/Third_Party/FreeRTOS/Source/timers.o
 .bss.xLastTime.2
                0x0000000020001018        0x4 ./Middlewares/Third_Party/FreeRTOS/Source/timers.o
 .bss.ucStaticTimerQueueStorage.1
                0x000000002000101c       0xa0 ./Middlewares/Third_Party/FreeRTOS/Source/timers.o
 .bss.xStaticTimerQueue.0
                0x00000000200010bc       0x50 ./Middlewares/Third_Party/FreeRTOS/Source/timers.o
 .bss.ucMaxSysCallPriority
                0x000000002000110c        0x1 ./Middlewares/Third_Party/FreeRTOS/Source/portable/GCC/ARM_CM4F/port.o
 *fill*         0x000000002000110d        0x3 
 .bss.ulMaxPRIGROUPValue
                0x0000000020001110        0x4 ./Middlewares/Third_Party/FreeRTOS/Source/portable/GCC/ARM_CM4F/port.o
 .bss.ucHeap    0x0000000020001114     0x192c ./Middlewares/Third_Party/FreeRTOS/Source/portable/MemMang/heap_4.o
 .bss.xStart    0x0000000020002a40        0x8 ./Middlewares/Third_Party/FreeRTOS/Source/portable/MemMang/heap_4.o
 .bss.pxEnd     0x0000000020002a48        0x4 ./Middlewares/Third_Party/FreeRTOS/Source/portable/MemMang/heap_4.o
 .bss.xFreeBytesRemaining
                0x0000000020002a4c        0x4 ./Middlewares/Third_Party/FreeRTOS/Source/portable/MemMang/heap_4.o
 .bss.xMinimumEverFreeBytesRemaining
                0x0000000020002a50        0x4 ./Middlewares/Third_Party/FreeRTOS/Source/portable/MemMang/heap_4.o
 .bss.xNumberOfSuccessfulAllocations
                0x0000000020002a54        0x4 ./Middlewares/Third_Party/FreeRTOS/Source/portable/MemMang/heap_4.o
 .bss.xNumberOfSuccessfulFrees
                0x0000000020002a58        0x4 ./Middlewares/Third_Party/FreeRTOS/Source/portable/MemMang/heap_4.o
 .bss.xBlockAllocatedBit
                0x0000000020002a5c        0x4 ./Middlewares/Third_Party/FreeRTOS/Source/portable/MemMang/heap_4.o
 .bss.__sf      0x0000000020002a60      0x138 C:/MyPrograms/STM32CubeIDE/STM32CubeIDE_1.14.0/STM32CubeIDE/plugins/com.st.stm32cube.ide.mcu.externaltools.gnu-tools-for-stm32.11.3.rel1.win32_1.1.100.202309141235/tools/bin/../lib/gcc/arm-none-eabi/11.3.1/../../../../arm-none-eabi/lib/thumb/v7e-m+fp/hard\libc_nano.a(libc_a-findfp.o)
                0x0000000020002a60                __sf
 .bss.__lock___malloc_recursive_mutex
                0x0000000020002b98        0x1 C:/MyPrograms/STM32CubeIDE/STM32CubeIDE_1.14.0/STM32CubeIDE/plugins/com.st.stm32cube.ide.mcu.externaltools.gnu-tools-for-stm32.11.3.rel1.win32_1.1.100.202309141235/tools/bin/../lib/gcc/arm-none-eabi/11.3.1/../../../../arm-none-eabi/lib/thumb/v7e-m+fp/hard\libc_nano.a(libc_a-lock.o)
                0x0000000020002b98                __lock___malloc_recursive_mutex
 *fill*         0x0000000020002b99        0x3 
 .bss.__malloc_free_list
                0x0000000020002b9c        0x4 C:/MyPrograms/STM32CubeIDE/STM32CubeIDE_1.14.0/STM32CubeIDE/plugins/com.st.stm32cube.ide.mcu.externaltools.gnu-tools-for-stm32.11.3.rel1.win32_1.1.100.202309141235/tools/bin/../lib/gcc/arm-none-eabi/11.3.1/../../../../arm-none-eabi/lib/thumb/v7e-m+fp/hard\libc_nano.a(libc_a-mallocr.o)
                0x0000000020002b9c                __malloc_free_list
 *(COMMON)
                0x0000000020002ba0                . = ALIGN (0x4)
                0x0000000020002ba0                _ebss = .
                0x0000000020002ba0                __bss_end__ = _ebss

._user_heap_stack
                0x0000000020002ba0      0x600 load address 0x000000000800d1b8
                0x0000000020002ba0                . = ALIGN (0x8)
                [!provide]                        PROVIDE (end = .)
                0x0000000020002ba0                PROVIDE (_end = .)
                0x0000000020002da0                . = (. + _Min_Heap_Size)
 *fill*         0x0000000020002ba0      0x200 
                0x00000000200031a0                . = (. + _Min_Stack_Size)
 *fill*         0x0000000020002da0      0x400 
                0x00000000200031a0                . = ALIGN (0x8)

/DISCARD/
 libc.a(*)
 libm.a(*)
 libgcc.a(*)

.ARM.attributes
                0x0000000000000000       0x30
 *(.ARM.attributes)
 .ARM.attributes
                0x0000000000000000       0x1e C:/MyPrograms/STM32CubeIDE/STM32CubeIDE_1.14.0/STM32CubeIDE/plugins/com.st.stm32cube.ide.mcu.externaltools.gnu-tools-for-stm32.11.3.rel1.win32_1.1.100.202309141235/tools/bin/../lib/gcc/arm-none-eabi/11.3.1/thumb/v7e-m+fp/hard/crti.o
 .ARM.attributes
                0x000000000000001e       0x34 C:/MyPrograms/STM32CubeIDE/STM32CubeIDE_1.14.0/STM32CubeIDE/plugins/com.st.stm32cube.ide.mcu.externaltools.gnu-tools-for-stm32.11.3.rel1.win32_1.1.100.202309141235/tools/bin/../lib/gcc/arm-none-eabi/11.3.1/thumb/v7e-m+fp/hard/crtbegin.o
 .ARM.attributes
                0x0000000000000052       0x34 ./Core/Src/adc.o
 .ARM.attributes
                0x0000000000000086       0x34 ./Core/Src/app_freertos.o
 .ARM.attributes
                0x00000000000000ba       0x34 ./Core/Src/bmp280.o
 .ARM.attributes
                0x00000000000000ee       0x34 ./Core/Src/gpio.o
 .ARM.attributes
                0x0000000000000122       0x34 ./Core/Src/i2c.o
 .ARM.attributes
                0x0000000000000156       0x34 ./Core/Src/main.o
 .ARM.attributes
                0x000000000000018a       0x34 ./Core/Src/printf.o
 .ARM.attributes
                0x00000000000001be       0x34 ./Core/Src/stm32g4xx_hal_msp.o
 .ARM.attributes
                0x00000000000001f2       0x34 ./Core/Src/stm32g4xx_hal_timebase_tim.o
 .ARM.attributes
                0x0000000000000226       0x34 ./Core/Src/stm32g4xx_it.o
 .ARM.attributes
                0x000000000000025a       0x34 ./Core/Src/system_stm32g4xx.o
 .ARM.attributes
                0x000000000000028e       0x34 ./Core/Src/tim.o
 .ARM.attributes
                0x00000000000002c2       0x34 ./Core/Src/usart.o
 .ARM.attributes
                0x00000000000002f6       0x21 ./Core/Startup/startup_stm32g491retx.o
 .ARM.attributes
                0x0000000000000317       0x34 ./Drivers/STM32G4xx_HAL_Driver/Src/stm32g4xx_hal.o
 .ARM.attributes
                0x000000000000034b       0x34 ./Drivers/STM32G4xx_HAL_Driver/Src/stm32g4xx_hal_adc.o
 .ARM.attributes
                0x000000000000037f       0x34 ./Drivers/STM32G4xx_HAL_Driver/Src/stm32g4xx_hal_adc_ex.o
 .ARM.attributes
                0x00000000000003b3       0x34 ./Drivers/STM32G4xx_HAL_Driver/Src/stm32g4xx_hal_cortex.o
 .ARM.attributes
                0x00000000000003e7       0x34 ./Drivers/STM32G4xx_HAL_Driver/Src/stm32g4xx_hal_gpio.o
 .ARM.attributes
                0x000000000000041b       0x34 ./Drivers/STM32G4xx_HAL_Driver/Src/stm32g4xx_hal_i2c.o
 .ARM.attributes