Archive member included to satisfy reference by file (symbol)

C:/MyPrograms/STM32CubeIDE/STM32CubeIDE_1.14.0/STM32CubeIDE/plugins/com.st.stm32cube.ide.mcu.externaltools.gnu-tools-for-stm32.11.3.rel1.win32_1.1.100.202309141235/tools/bin/../lib/gcc/arm-none-eabi/11.3.1/../../../../arm-none-eabi/lib/thumb/v7e-m+dp/hard\libc_nano.a(libc_a-exit.o)
                              C:/MyPrograms/STM32CubeIDE/STM32CubeIDE_1.14.0/STM32CubeIDE/plugins/com.st.stm32cube.ide.mcu.externaltools.gnu-tools-for-stm32.11.3.rel1.win32_1.1.100.202309141235/tools/bin/../lib/gcc/arm-none-eabi/11.3.1/../../../../arm-none-eabi/lib/thumb/v7e-m+dp/hard/crt0.o (exit)
C:/MyPrograms/STM32CubeIDE/STM32CubeIDE_1.14.0/STM32CubeIDE/plugins/com.st.stm32cube.ide.mcu.externaltools.gnu-tools-for-stm32.11.3.rel1.win32_1.1.100.202309141235/tools/bin/../lib/gcc/arm-none-eabi/11.3.1/../../../../arm-none-eabi/lib/thumb/v7e-m+dp/hard\libc_nano.a(libc_a-findfp.o)
                              C:/MyPrograms/STM32CubeIDE/STM32CubeIDE_1.14.0/STM32CubeIDE/plugins/com.st.stm32cube.ide.mcu.externaltools.gnu-tools-for-stm32.11.3.rel1.win32_1.1.100.202309141235/tools/bin/../lib/gcc/arm-none-eabi/11.3.1/../../../../arm-none-eabi/lib/thumb/v7e-m+dp/hard\libc_nano.a(libc_a-exit.o) (__stdio_exit_handler)
C:/MyPrograms/STM32CubeIDE/STM32CubeIDE_1.14.0/STM32CubeIDE/plugins/com.st.stm32cube.ide.mcu.externaltools.gnu-tools-for-stm32.11.3.rel1.win32_1.1.100.202309141235/tools/bin/../lib/gcc/arm-none-eabi/11.3.1/../../../../arm-none-eabi/lib/thumb/v7e-m+dp/hard\libc_nano.a(libc_a-fwalk.o)
                              C:/MyPrograms/STM32CubeIDE/STM32CubeIDE_1.14.0/STM32CubeIDE/plugins/com.st.stm32cube.ide.mcu.externaltools.gnu-tools-for-stm32.11.3.rel1.win32_1.1.100.202309141235/tools/bin/../lib/gcc/arm-none-eabi/11.3.1/../../../../arm-none-eabi/lib/thumb/v7e-m+dp/hard\libc_nano.a(libc_a-findfp.o) (_fwalk_sglue)
C:/MyPrograms/STM32CubeIDE/STM32CubeIDE_1.14.0/STM32CubeIDE/plugins/com.st.stm32cube.ide.mcu.externaltools.gnu-tools-for-stm32.11.3.rel1.win32_1.1.100.202309141235/tools/bin/../lib/gcc/arm-none-eabi/11.3.1/../../../../arm-none-eabi/lib/thumb/v7e-m+dp/hard\libc_nano.a(libc_a-stdio.o)
                              C:/MyPrograms/STM32CubeIDE/STM32CubeIDE_1.14.0/STM32CubeIDE/plugins/com.st.stm32cube.ide.mcu.externaltools.gnu-tools-for-stm32.11.3.rel1.win32_1.1.100.202309141235/tools/bin/../lib/gcc/arm-none-eabi/11.3.1/../../../../arm-none-eabi/lib/thumb/v7e-m+dp/hard\libc_nano.a(libc_a-findfp.o) (__sread)
C:/MyPrograms/STM32CubeIDE/STM32CubeIDE_1.14.0/STM32CubeIDE/plugins/com.st.stm32cube.ide.mcu.externaltools.gnu-tools-for-stm32.11.3.rel1.win32_1.1.100.202309141235/tools/bin/../lib/gcc/arm-none-eabi/11.3.1/../../../../arm-none-eabi/lib/thumb/v7e-m+dp/hard\libc_nano.a(libc_a-memset.o)
                              C:/MyPrograms/STM32CubeIDE/STM32CubeIDE_1.14.0/STM32CubeIDE/plugins/com.st.stm32cube.ide.mcu.externaltools.gnu-tools-for-stm32.11.3.rel1.win32_1.1.100.202309141235/tools/bin/../lib/gcc/arm-none-eabi/11.3.1/../../../../arm-none-eabi/lib/thumb/v7e-m+dp/hard/crt0.o (memset)
C:/MyPrograms/STM32CubeIDE/STM32CubeIDE_1.14.0/STM32CubeIDE/plugins/com.st.stm32cube.ide.mcu.externaltools.gnu-tools-for-stm32.11.3.rel1.win32_1.1.100.202309141235/tools/bin/../lib/gcc/arm-none-eabi/11.3.1/../../../../arm-none-eabi/lib/thumb/v7e-m+dp/hard\libc_nano.a(libc_a-closer.o)
                              C:/MyPrograms/STM32CubeIDE/STM32CubeIDE_1.14.0/STM32CubeIDE/plugins/com.st.stm32cube.ide.mcu.externaltools.gnu-tools-for-stm32.11.3.rel1.win32_1.1.100.202309141235/tools/bin/../lib/gcc/arm-none-eabi/11.3.1/../../../../arm-none-eabi/lib/thumb/v7e-m+dp/hard\libc_nano.a(libc_a-stdio.o) (_close_r)
C:/MyPrograms/STM32CubeIDE/STM32CubeIDE_1.14.0/STM32CubeIDE/plugins/com.st.stm32cube.ide.mcu.externaltools.gnu-tools-for-stm32.11.3.rel1.win32_1.1.100.202309141235/tools/bin/../lib/gcc/arm-none-eabi/11.3.1/../../../../arm-none-eabi/lib/thumb/v7e-m+dp/hard\libc_nano.a(libc_a-reent.o)
                              C:/MyPrograms/STM32CubeIDE/STM32CubeIDE_1.14.0/STM32CubeIDE/plugins/com.st.stm32cube.ide.mcu.externaltools.gnu-tools-for-stm32.11.3.rel1.win32_1.1.100.202309141235/tools/bin/../lib/gcc/arm-none-eabi/11.3.1/../../../../arm-none-eabi/lib/thumb/v7e-m+dp/hard\libc_nano.a(libc_a-closer.o) (errno)
C:/MyPrograms/STM32CubeIDE/STM32CubeIDE_1.14.0/STM32CubeIDE/plugins/com.st.stm32cube.ide.mcu.externaltools.gnu-tools-for-stm32.11.3.rel1.win32_1.1.100.202309141235/tools/bin/../lib/gcc/arm-none-eabi/11.3.1/../../../../arm-none-eabi/lib/thumb/v7e-m+dp/hard\libc_nano.a(libc_a-impure.o)
                              C:/MyPrograms/STM32CubeIDE/STM32CubeIDE_1.14.0/STM32CubeIDE/plugins/com.st.stm32cube.ide.mcu.externaltools.gnu-tools-for-stm32.11.3.rel1.win32_1.1.100.202309141235/tools/bin/../lib/gcc/arm-none-eabi/11.3.1/../../../../arm-none-eabi/lib/thumb/v7e-m+dp/hard\libc_nano.a(libc_a-reent.o) (_impure_ptr)
[...]
Memory Configuration

Name             Origin             Length             Attributes
RAM              0x0000000020000000 0x0000000000080000 xrw
FLASH            0x0000000008000000 0x0000000000200000 xr
*default*        0x0000000000000000 0xffffffffffffffff

Linker script and memory map

LOAD C:/MyPrograms/STM32CubeIDE/STM32CubeIDE_1.14.0/STM32CubeIDE/plugins/com.st.stm32cube.ide.mcu.externaltools.gnu-tools-for-stm32.11.3.rel1.win32_1.1.100.202309141235/tools/bin/../lib/gcc/arm-none-eabi/11.3.1/thumb/v7e-m+dp/hard/crti.o
LOAD C:/MyPrograms/STM32CubeIDE/STM32CubeIDE_1.14.0/STM32CubeIDE/plugins/com.st.stm32cube.ide.mcu.externaltools.gnu-tools-for-stm32.11.3.rel1.win32_1.1.100.202309141235/tools/bin/../lib/gcc/arm-none-eabi/11.3.1/thumb/v7e-m+dp/hard/crtbegin.o
LOAD C:/MyPrograms/STM32CubeIDE/STM32CubeIDE_1.14.0/STM32CubeIDE/plugins/com.st.stm32cube.ide.mcu.externaltools.gnu-tools-for-stm32.11.3.rel1.win32_1.1.100.202309141235/tools/bin/../lib/gcc/arm-none-eabi/11.3.1/../../../../arm-none-eabi/lib/thumb/v7e-m+dp/hard/crt0.o
LOAD ./Core/Src/eth.o
LOAD ./Core/Src/gpio.o
LOAD ./Core/Src/main.o
LOAD ./Core/Src/stm32f7xx_hal_msp.o
LOAD ./Core/Src/stm32f7xx_it.o
LOAD ./Core/Src/syscalls.o
LOAD ./Core/Src/sysmem.o
LOAD ./Core/Src/system_stm32f7xx.o
LOAD ./Core/Src/usart.o
LOAD ./Core/Src/usb_otg.o
LOAD ./Core/Startup/startup_stm32f767zitx.o
LOAD ./Drivers/STM32F7xx_HAL_Driver/Src/stm32f7xx_hal.o
LOAD ./Drivers/STM32F7xx_HAL_Driver/Src/stm32f7xx_hal_cortex.o
LOAD ./Drivers/STM32F7xx_HAL_Driver/Src/stm32f7xx_hal_dma.o
LOAD ./Drivers/STM32F7xx_HAL_Driver/Src/stm32f7xx_hal_dma_ex.o
LOAD ./Drivers/STM32F7xx_HAL_Driver/Src/stm32f7xx_hal_eth.o
LOAD ./Drivers/STM32F7xx_HAL_Driver/Src/stm32f7xx_hal_exti.o
LOAD ./Drivers/STM32F7xx_HAL_Driver/Src/stm32f7xx_hal_flash.o
LOAD ./Drivers/STM32F7xx_HAL_Driver/Src/stm32f7xx_hal_flash_ex.o
LOAD ./Drivers/STM32F7xx_HAL_Driver/Src/stm32f7xx_hal_gpio.o
LOAD ./Drivers/STM32F7xx_HAL_Driver/Src/stm32f7xx_hal_i2c.o
LOAD ./Drivers/STM32F7xx_HAL_Driver/Src/stm32f7xx_hal_i2c_ex.o
LOAD ./Drivers/STM32F7xx_HAL_Driver/Src/stm32f7xx_hal_pcd.o
LOAD ./Drivers/STM32F7xx_HAL_Driver/Src/stm32f7xx_hal_pcd_ex.o
LOAD ./Drivers/STM32F7xx_HAL_Driver/Src/stm32f7xx_hal_pwr.o
LOAD ./Drivers/STM32F7xx_HAL_Driver/Src/stm32f7xx_hal_pwr_ex.o
LOAD ./Drivers/STM32F7xx_HAL_Driver/Src/stm32f7xx_hal_rcc.o
LOAD ./Drivers/STM32F7xx_HAL_Driver/Src/stm32f7xx_hal_rcc_ex.o
LOAD ./Drivers/STM32F7xx_HAL_Driver/Src/stm32f7xx_hal_tim.o
LOAD ./Drivers/STM32F7xx_HAL_Driver/Src/stm32f7xx_hal_tim_ex.o
LOAD ./Drivers/STM32F7xx_HAL_Driver/Src/stm32f7xx_hal_uart.o
LOAD ./Drivers/STM32F7xx_HAL_Driver/Src/stm32f7xx_hal_uart_ex.o
LOAD ./Drivers/STM32F7xx_HAL_Driver/Src/stm32f7xx_ll_usb.o
START GROUP
LOAD C:/MyPrograms/STM32CubeIDE/STM32CubeIDE_1.14.0/STM32CubeIDE/plugins/com.st.stm32cube.ide.mcu.externaltools.gnu-tools-for-stm32.11.3.rel1.win32_1.1.100.202309141235/tools/bin/../lib/gcc/arm-none-eabi/11.3.1/../../../../arm-none-eabi/lib/thumb/v7e-m+dp/hard\libc_nano.a
LOAD C:/MyPrograms/STM32CubeIDE/STM32CubeIDE_1.14.0/STM32CubeIDE/plugins/com.st.stm32cube.ide.mcu.externaltools.gnu-tools-for-stm32.11.3.rel1.win32_1.1.100.202309141235/tools/bin/../lib/gcc/arm-none-eabi/11.3.1/../../../../arm-none-eabi/lib/thumb/v7e-m+dp/hard\libm.a
END GROUP
START GROUP
LOAD C:/MyPrograms/STM32CubeIDE/STM32CubeIDE_1.14.0/STM32CubeIDE/plugins/com.st.stm32cube.ide.mcu.externaltools.gnu-tools-for-stm32.11.3.rel1.win32_1.1.100.202309141235/tools/bin/../lib/gcc/arm-none-eabi/11.3.1/thumb/v7e-m+dp/hard\libgcc.a
LOAD C:/MyPrograms/STM32CubeIDE/STM32CubeIDE_1.14.0/STM32CubeIDE/plugins/com.st.stm32cube.ide.mcu.externaltools.gnu-tools-for-stm32.11.3.rel1.win32_1.1.100.202309141235/tools/bin/../lib/gcc/arm-none-eabi/11.3.1/../../../../arm-none-eabi/lib/thumb/v7e-m+dp/hard\libc_nano.a
END GROUP
START GROUP
LOAD C:/MyPrograms/STM32CubeIDE/STM32CubeIDE_1.14.0/STM32CubeIDE/plugins/com.st.stm32cube.ide.mcu.externaltools.gnu-tools-for-stm32.11.3.rel1.win32_1.1.100.202309141235/tools/bin/../lib/gcc/arm-none-eabi/11.3.1/thumb/v7e-m+dp/hard\libgcc.a
LOAD C:/MyPrograms/STM32CubeIDE/STM32CubeIDE_1.14.0/STM32CubeIDE/plugins/com.st.stm32cube.ide.mcu.externaltools.gnu-tools-for-stm32.11.3.rel1.win32_1.1.100.202309141235/tools/bin/../lib/gcc/arm-none-eabi/11.3.1/../../../../arm-none-eabi/lib/thumb/v7e-m+dp/hard\libc_nano.a
LOAD C:/MyPrograms/STM32CubeIDE/STM32CubeIDE_1.14.0/STM32CubeIDE/plugins/com.st.stm32cube.ide.mcu.externaltools.gnu-tools-for-stm32.11.3.rel1.win32_1.1.100.202309141235/tools/bin/../lib/gcc/arm-none-eabi/11.3.1/../../../../arm-none-eabi/lib/thumb/v7e-m+dp/hard\libnosys.a
END GROUP
START GROUP
LOAD C:/MyPrograms/STM32CubeIDE/STM32CubeIDE_1.14.0/STM32CubeIDE/plugins/com.st.stm32cube.ide.mcu.externaltools.gnu-tools-for-stm32.11.3.rel1.win32_1.1.100.202309141235/tools/bin/../lib/gcc/arm-none-eabi/11.3.1/thumb/v7e-m+dp/hard\libgcc.a
LOAD C:/MyPrograms/STM32CubeIDE/STM32CubeIDE_1.14.0/STM32CubeIDE/plugins/com.st.stm32cube.ide.mcu.externaltools.gnu-tools-for-stm32.11.3.rel1.win32_1.1.100.202309141235/tools/bin/../lib/gcc/arm-none-eabi/11.3.1/../../../../arm-none-eabi/lib/thumb/v7e-m+dp/hard\libc_nano.a
LOAD C:/MyPrograms/STM32CubeIDE/STM32CubeIDE_1.14.0/STM32CubeIDE/plugins/com.st.stm32cube.ide.mcu.externaltools.gnu-tools-for-stm32.11.3.rel1.win32_1.1.100.202309141235/tools/bin/../lib/gcc/arm-none-eabi/11.3.1/../../../../arm-none-eabi/lib/thumb/v7e-m+dp/hard\libnosys.a
END GROUP
LOAD C:/MyPrograms/STM32CubeIDE/STM32CubeIDE_1.14.0/STM32CubeIDE/plugins/com.st.stm32cube.ide.mcu.externaltools.gnu-tools-for-stm32.11.3.rel1.win32_1.1.100.202309141235/tools/bin/../lib/gcc/arm-none-eabi/11.3.1/thumb/v7e-m+dp/hard/crtend.o
LOAD C:/MyPrograms/STM32CubeIDE/STM32CubeIDE_1.14.0/STM32CubeIDE/plugins/com.st.stm32cube.ide.mcu.externaltools.gnu-tools-for-stm32.11.3.rel1.win32_1.1.100.202309141235/tools/bin/../lib/gcc/arm-none-eabi/11.3.1/thumb/v7e-m+dp/hard/crtn.o
                0x0000000020080000                _estack = (ORIGIN (RAM) + LENGTH (RAM))
                0x0000000000000200                _Min_Heap_Size = 0x200
                0x0000000000000400                _Min_Stack_Size = 0x400

.isr_vector     0x0000000008000000      0x1f8
                0x0000000008000000                . = ALIGN (0x4)
 *(.isr_vector)
 .isr_vector    0x0000000008000000      0x1f8 ./Core/Startup/startup_stm32f767zitx.o
                0x0000000008000000                g_pfnVectors
                0x00000000080001f8                . = ALIGN (0x4)

.text           0x00000000080001f8     0x4df8
                0x00000000080001f8                . = ALIGN (0x4)
 *(.text)
 .text          0x00000000080001f8       0x40 C:/MyPrograms/STM32CubeIDE/STM32CubeIDE_1.14.0/STM32CubeIDE/plugins/com.st.stm32cube.ide.mcu.externaltools.gnu-tools-for-stm32.11.3.rel1.win32_1.1.100.202309141235/tools/bin/../lib/gcc/arm-none-eabi/11.3.1/thumb/v7e-m+dp/hard/crtbegin.o
 .text          0x0000000008000238       0x30 C:/MyPrograms/STM32CubeIDE/STM32CubeIDE_1.14.0/STM32CubeIDE/plugins/com.st.stm32cube.ide.mcu.externaltools.gnu-tools-for-stm32.11.3.rel1.win32_1.1.100.202309141235/tools/bin/../lib/gcc/arm-none-eabi/11.3.1/thumb/v7e-m+dp/hard\libgcc.a(_aeabi_uldivmod.o)
                0x0000000008000238                __aeabi_uldivmod
 .text          0x0000000008000268      0x2c8 C:/MyPrograms/STM32CubeIDE/STM32CubeIDE_1.14.0/STM32CubeIDE/plugins/com.st.stm32cube.ide.mcu.externaltools.gnu-tools-for-stm32.11.3.rel1.win32_1.1.100.202309141235/tools/bin/../lib/gcc/arm-none-eabi/11.3.1/thumb/v7e-m+dp/hard\libgcc.a(_udivmoddi4.o)
                0x0000000008000268                __udivmoddi4
 .text          0x0000000008000530        0x4 C:/MyPrograms/STM32CubeIDE/STM32CubeIDE_1.14.0/STM32CubeIDE/plugins/com.st.stm32cube.ide.mcu.externaltools.gnu-tools-for-stm32.11.3.rel1.win32_1.1.100.202309141235/tools/bin/../lib/gcc/arm-none-eabi/11.3.1/thumb/v7e-m+dp/hard\libgcc.a(_dvmd_tls.o)
                0x0000000008000530                __aeabi_idiv0
                0x0000000008000530                __aeabi_ldiv0
 *(.text*)
 .text.MX_ETH_Init
                0x0000000008000534       0x9c ./Core/Src/eth.o
                0x0000000008000534                MX_ETH_Init
 .text.HAL_ETH_MspInit
                0x00000000080005d0      0x170 ./Core/Src/eth.o
                0x00000000080005d0                HAL_ETH_MspInit
 .text.MX_GPIO_Init
                0x0000000008000740      0x144 ./Core/Src/gpio.o
                0x0000000008000740                MX_GPIO_Init
 .text.main     0x0000000008000884       0x44 ./Core/Src/main.o
                0x0000000008000884                main
 .text.SystemClock_Config
                0x00000000080008c8       0xe4 ./Core/Src/main.o
                0x00000000080008c8                SystemClock_Config
 .text.HAL_UART_RxCpltCallback
                0x00000000080009ac       0x30 ./Core/Src/main.o
                0x00000000080009ac                HAL_UART_RxCpltCallback
 .text.Error_Handler
                0x00000000080009dc        0xa ./Core/Src/main.o
                0x00000000080009dc                Error_Handler
 *fill*         0x00000000080009e6        0x2 
 .text.HAL_MspInit
                0x00000000080009e8       0x48 ./Core/Src/stm32f7xx_hal_msp.o
                0x00000000080009e8                HAL_MspInit
 .text.NMI_Handler
                0x0000000008000a30        0x6 ./Core/Src/stm32f7xx_it.o
                0x0000000008000a30                NMI_Handler
 .text.HardFault_Handler
                0x0000000008000a36        0x6 ./Core/Src/stm32f7xx_it.o
                0x0000000008000a36                HardFault_Handler
 .text.MemManage_Handler
                0x0000000008000a3c        0x6 ./Core/Src/stm32f7xx_it.o
                0x0000000008000a3c                MemManage_Handler
 .text.BusFault_Handler
                0x0000000008000a42        0x6 ./Core/Src/stm32f7xx_it.o
                0x0000000008000a42                BusFault_Handler
 .text.UsageFault_Handler
                0x0000000008000a48        0x6 ./Core/Src/stm32f7xx_it.o
                0x0000000008000a48                UsageFault_Handler
 .text.SVC_Handler
                0x0000000008000a4e        0xe ./Core/Src/stm32f7xx_it.o
                0x0000000008000a4e                SVC_Handler
 .text.DebugMon_Handler
                0x0000000008000a5c        0xe ./Core/Src/stm32f7xx_it.o
                0x0000000008000a5c                DebugMon_Handler
 .text.PendSV_Handler
                0x0000000008000a6a        0xe ./Core/Src/stm32f7xx_it.o
                0x0000000008000a6a                PendSV_Handler
 .text.SysTick_Handler
                0x0000000008000a78        0xc ./Core/Src/stm32f7xx_it.o
                0x0000000008000a78                SysTick_Handler
 .text.USART2_IRQHandler
                0x0000000008000a84       0x14 ./Core/Src/stm32f7xx_it.o
                0x0000000008000a84                USART2_IRQHandler
 .text.USART3_IRQHandler
                0x0000000008000a98       0x14 ./Core/Src/stm32f7xx_it.o
                0x0000000008000a98                USART3_IRQHandler
 .text.SystemInit
                0x0000000008000aac       0x24 ./Core/Src/system_stm32f7xx.o
                0x0000000008000aac                SystemInit
 .text.MX_USART2_UART_Init
                0x0000000008000ad0       0x60 ./Core/Src/usart.o
                0x0000000008000ad0                MX_USART2_UART_Init
 .text.MX_USART3_UART_Init
                0x0000000008000b30       0x60 ./Core/Src/usart.o
                0x0000000008000b30                MX_USART3_UART_Init
 .text.HAL_UART_MspInit
                0x0000000008000b90      0x1ac ./Core/Src/usart.o
                0x0000000008000b90                HAL_UART_MspInit
 .text.MX_USB_OTG_FS_PCD_Init
                0x0000000008000d3c       0x5c ./Core/Src/usb_otg.o
                0x0000000008000d3c                MX_USB_OTG_FS_PCD_Init
 .text.HAL_PCD_MspInit
                0x0000000008000d98       0xf4 ./Core/Src/usb_otg.o
                0x0000000008000d98                HAL_PCD_MspInit
 .text.Reset_Handler
                0x0000000008000e8c       0x50 ./Core/Startup/startup_stm32f767zitx.o
                0x0000000008000e8c                Reset_Handler
 .text.Default_Handler
                0x0000000008000edc        0x2 ./Core/Startup/startup_stm32f767zitx.o
                0x0000000008000edc                RTC_Alarm_IRQHandler
                0x0000000008000edc                EXTI2_IRQHandler
                0x0000000008000edc                TIM8_CC_IRQHandler
                0x0000000008000edc                UART8_IRQHandler
                0x0000000008000edc                SPI4_IRQHandler
                0x0000000008000edc                TIM1_CC_IRQHandler
                0x0000000008000edc                DMA2_Stream5_IRQHandler
                0x0000000008000edc                JPEG_IRQHandler
                0x0000000008000edc                DMA1_Stream5_IRQHandler
                0x0000000008000edc                CAN3_RX1_IRQHandler
                0x0000000008000edc                PVD_IRQHandler
                0x0000000008000edc                TAMP_STAMP_IRQHandler
                0x0000000008000edc                CAN2_RX1_IRQHandler
                0x0000000008000edc                EXTI3_IRQHandler
                0x0000000008000edc                TIM8_TRG_COM_TIM14_IRQHandler
                0x0000000008000edc                DFSDM1_FLT1_IRQHandler
                0x0000000008000edc                TIM1_UP_TIM10_IRQHandler
                0x0000000008000edc                TIM8_UP_TIM13_IRQHandler
                0x0000000008000edc                I2C3_ER_IRQHandler
                0x0000000008000edc                DFSDM1_FLT2_IRQHandler
                0x0000000008000edc                EXTI0_IRQHandler
                0x0000000008000edc                I2C2_EV_IRQHandler
                0x0000000008000edc                DMA1_Stream2_IRQHandler
                0x0000000008000edc                CAN1_RX0_IRQHandler
                0x0000000008000edc                FPU_IRQHandler
                0x0000000008000edc                OTG_HS_WKUP_IRQHandler
                0x0000000008000edc                CAN3_SCE_IRQHandler
                0x0000000008000edc                LTDC_ER_IRQHandler
                0x0000000008000edc                CAN2_SCE_IRQHandler
                0x0000000008000edc                DMA2_Stream2_IRQHandler
                0x0000000008000edc                SPI1_IRQHandler
                0x0000000008000edc                TIM6_DAC_IRQHandler
                0x0000000008000edc                TIM1_BRK_TIM9_IRQHandler
                0x0000000008000edc                DCMI_IRQHandler
                0x0000000008000edc                CAN2_RX0_IRQHandler
                0x0000000008000edc                DMA2_Stream3_IRQHandler
                0x0000000008000edc                SAI2_IRQHandler
                0x0000000008000edc                DFSDM1_FLT3_IRQHandler
                0x0000000008000edc                USART6_IRQHandler
                0x0000000008000edc                CAN3_RX0_IRQHandler
                0x0000000008000edc                CAN1_RX1_IRQHandler
                0x0000000008000edc                UART5_IRQHandler
                0x0000000008000edc                DMA2_Stream0_IRQHandler
                0x0000000008000edc                TIM4_IRQHandler
                0x0000000008000edc                QUADSPI_IRQHandler
                0x0000000008000edc                I2C1_EV_IRQHandler
                0x0000000008000edc                DMA1_Stream6_IRQHandler
                0x0000000008000edc                DMA1_Stream1_IRQHandler
                0x0000000008000edc                UART4_IRQHandler
                0x0000000008000edc                TIM3_IRQHandler
                0x0000000008000edc                RCC_IRQHandler
                0x0000000008000edc                TIM8_BRK_TIM12_IRQHandler
                0x0000000008000edc                Default_Handler
                0x0000000008000edc                CEC_IRQHandler
                0x0000000008000edc                EXTI15_10_IRQHandler
                0x0000000008000edc                ADC_IRQHandler
                0x0000000008000edc                DMA1_Stream7_IRQHandler
                0x0000000008000edc                SPI5_IRQHandler
                0x0000000008000edc                TIM7_IRQHandler
                0x0000000008000edc                SDMMC1_IRQHandler
                0x0000000008000edc                CAN2_TX_IRQHandler
                0x0000000008000edc                TIM5_IRQHandler
                0x0000000008000edc                DMA2_Stream7_IRQHandler
                0x0000000008000edc                I2C3_EV_IRQHandler
                0x0000000008000edc                EXTI9_5_IRQHandler
                0x0000000008000edc                RTC_WKUP_IRQHandler
                0x0000000008000edc                LTDC_IRQHandler
                0x0000000008000edc                ETH_WKUP_IRQHandler
                0x0000000008000edc                SPDIF_RX_IRQHandler
                0x0000000008000edc                SPI2_IRQHandler
                0x0000000008000edc                OTG_HS_EP1_IN_IRQHandler
                0x0000000008000edc                DMA1_Stream0_IRQHandler
                0x0000000008000edc                CAN1_TX_IRQHandler
                0x0000000008000edc                EXTI4_IRQHandler
                0x0000000008000edc                RNG_IRQHandler
                0x0000000008000edc                ETH_IRQHandler
                0x0000000008000edc                OTG_HS_EP1_OUT_IRQHandler
                0x0000000008000edc                WWDG_IRQHandler
                0x0000000008000edc                SPI6_IRQHandler
                0x0000000008000edc                MDIOS_IRQHandler
                0x0000000008000edc                I2C4_EV_IRQHandler
                0x0000000008000edc                CAN3_TX_IRQHandler
                0x0000000008000edc                TIM2_IRQHandler
                0x0000000008000edc                OTG_FS_WKUP_IRQHandler
                0x0000000008000edc                TIM1_TRG_COM_TIM11_IRQHandler
                0x0000000008000edc                OTG_HS_IRQHandler
                0x0000000008000edc                DMA2D_IRQHandler
                0x0000000008000edc                EXTI1_IRQHandler
                0x0000000008000edc                SDMMC2_IRQHandler
                0x0000000008000edc                UART7_IRQHandler
                0x0000000008000edc                DFSDM1_FLT0_IRQHandler
                0x0000000008000edc                I2C2_ER_IRQHandler
                0x0000000008000edc                DMA2_Stream1_IRQHandler
                0x0000000008000edc                CAN1_SCE_IRQHandler
                0x0000000008000edc                FLASH_IRQHandler
                0x0000000008000edc                DMA2_Stream4_IRQHandler
                0x0000000008000edc                USART1_IRQHandler
                0x0000000008000edc                OTG_FS_IRQHandler
                0x0000000008000edc                SPI3_IRQHandler
                0x0000000008000edc                DMA1_Stream4_IRQHandler
                0x0000000008000edc                I2C1_ER_IRQHandler
                0x0000000008000edc                FMC_IRQHandler
                0x0000000008000edc                LPTIM1_IRQHandler
                0x0000000008000edc                I2C4_ER_IRQHandler
                0x0000000008000edc                DMA2_Stream6_IRQHandler
                0x0000000008000edc                SAI1_IRQHandler
                0x0000000008000edc                DMA1_Stream3_IRQHandler
 .text.HAL_Init
                0x0000000008000ede       0x1a ./Drivers/STM32F7xx_HAL_Driver/Src/stm32f7xx_hal.o
                0x0000000008000ede                HAL_Init
 .text.HAL_InitTick
                0x0000000008000ef8       0x60 ./Drivers/STM32F7xx_HAL_Driver/Src/stm32f7xx_hal.o
                0x0000000008000ef8                HAL_InitTick
 .text.HAL_IncTick
                0x0000000008000f58       0x28 ./Drivers/STM32F7xx_HAL_Driver/Src/stm32f7xx_hal.o
                0x0000000008000f58                HAL_IncTick
 .text.HAL_GetTick
                0x0000000008000f80       0x18 ./Drivers/STM32F7xx_HAL_Driver/Src/stm32f7xx_hal.o
                0x0000000008000f80                HAL_GetTick
 .text.HAL_Delay
                0x0000000008000f98       0x48 ./Drivers/STM32F7xx_HAL_Driver/Src/stm32f7xx_hal.o
                0x0000000008000f98                HAL_Delay
 .text.__NVIC_SetPriorityGrouping
                0x0000000008000fe0       0x48 ./Drivers/STM32F7xx_HAL_Driver/Src/stm32f7xx_hal_cortex.o
 .text.__NVIC_GetPriorityGrouping
                0x0000000008001028       0x1c ./Drivers/STM32F7xx_HAL_Driver/Src/stm32f7xx_hal_cortex.o
 .text.__NVIC_EnableIRQ
                0x0000000008001044       0x3c ./Drivers/STM32F7xx_HAL_Driver/Src/stm32f7xx_hal_cortex.o
 .text.__NVIC_SetPriority
                0x0000000008001080       0x54 ./Drivers/STM32F7xx_HAL_Driver/Src/stm32f7xx_hal_cortex.o
 .text.NVIC_EncodePriority
                0x00000000080010d4       0x66 ./Drivers/STM32F7xx_HAL_Driver/Src/stm32f7xx_hal_cortex.o
 *fill*         0x000000000800113a        0x2 
 .text.SysTick_Config
                0x000000000800113c       0x44 ./Drivers/STM32F7xx_HAL_Driver/Src/stm32f7xx_hal_cortex.o
 .text.HAL_NVIC_SetPriorityGrouping
                0x0000000008001180       0x16 ./Drivers/STM32F7xx_HAL_Driver/Src/stm32f7xx_hal_cortex.o
                0x0000000008001180                HAL_NVIC_SetPriorityGrouping
 .text.HAL_NVIC_SetPriority
                0x0000000008001196       0x38 ./Drivers/STM32F7xx_HAL_Driver/Src/stm32f7xx_hal_cortex.o
                0x0000000008001196                HAL_NVIC_SetPriority
 .text.HAL_NVIC_EnableIRQ
                0x00000000080011ce       0x1c ./Drivers/STM32F7xx_HAL_Driver/Src/stm32f7xx_hal_cortex.o
                0x00000000080011ce                HAL_NVIC_EnableIRQ
 .text.HAL_SYSTICK_Config
                0x00000000080011ea       0x18 ./Drivers/STM32F7xx_HAL_Driver/Src/stm32f7xx_hal_cortex.o
                0x00000000080011ea                HAL_SYSTICK_Config
 .text.HAL_DMA_Abort
                0x0000000008001202       0xe0 ./Drivers/STM32F7xx_HAL_Driver/Src/stm32f7xx_hal_dma.o
                0x0000000008001202                HAL_DMA_Abort
 .text.HAL_DMA_Abort_IT
                0x00000000080012e2       0x44 ./Drivers/STM32F7xx_HAL_Driver/Src/stm32f7xx_hal_dma.o
                0x00000000080012e2                HAL_DMA_Abort_IT
 *fill*         0x0000000008001326        0x2 
 .text.HAL_ETH_Init
                0x0000000008001328       0xf8 ./Drivers/STM32F7xx_HAL_Driver/Src/stm32f7xx_hal_eth.o
                0x0000000008001328                HAL_ETH_Init
 .text.ETH_SetMACConfig
                0x0000000008001420      0x160 ./Drivers/STM32F7xx_HAL_Driver/Src/stm32f7xx_hal_eth.o
 .text.ETH_SetDMAConfig
                0x0000000008001580      0x114 ./Drivers/STM32F7xx_HAL_Driver/Src/stm32f7xx_hal_eth.o
 .text.ETH_MACDMAConfig
                0x0000000008001694       0xe4 ./Drivers/STM32F7xx_HAL_Driver/Src/stm32f7xx_hal_eth.o
 .text.ETH_MACAddressConfig
                0x0000000008001778       0x70 ./Drivers/STM32F7xx_HAL_Driver/Src/stm32f7xx_hal_eth.o
 .text.ETH_DMATxDescListInit
                0x00000000080017e8       0xb2 ./Drivers/STM32F7xx_HAL_Driver/Src/stm32f7xx_hal_eth.o
 .text.ETH_DMARxDescListInit
                0x000000000800189a       0xda ./Drivers/STM32F7xx_HAL_Driver/Src/stm32f7xx_hal_eth.o
 .text.HAL_GPIO_Init
                0x0000000008001974      0x358 ./Drivers/STM32F7xx_HAL_Driver/Src/stm32f7xx_hal_gpio.o
                0x0000000008001974                HAL_GPIO_Init
 .text.HAL_GPIO_WritePin
                0x0000000008001ccc       0x32 ./Drivers/STM32F7xx_HAL_Driver/Src/stm32f7xx_hal_gpio.o
                0x0000000008001ccc                HAL_GPIO_WritePin
 .text.HAL_PCD_Init
                0x0000000008001cfe      0x248 ./Drivers/STM32F7xx_HAL_Driver/Src/stm32f7xx_hal_pcd.o
                0x0000000008001cfe                HAL_PCD_Init
 *fill*         0x0000000008001f46        0x2 
 .text.HAL_PCDEx_ActivateLPM
                0x0000000008001f48       0x48 ./Drivers/STM32F7xx_HAL_Driver/Src/stm32f7xx_hal_pcd_ex.o
                0x0000000008001f48                HAL_PCDEx_ActivateLPM
 .text.HAL_PWR_EnableBkUpAccess
                0x0000000008001f90       0x20 ./Drivers/STM32F7xx_HAL_Driver/Src/stm32f7xx_hal_pwr.o
                0x0000000008001f90                HAL_PWR_EnableBkUpAccess
 .text.HAL_PWREx_EnableOverDrive
                0x0000000008001fb0       0xa0 ./Drivers/STM32F7xx_HAL_Driver/Src/stm32f7xx_hal_pwr_ex.o
                0x0000000008001fb0                HAL_PWREx_EnableOverDrive
 .text.HAL_RCC_OscConfig
                0x0000000008002050      0x55c ./Drivers/STM32F7xx_HAL_Driver/Src/stm32f7xx_hal_rcc.o
                0x0000000008002050                HAL_RCC_OscConfig
 .text.HAL_RCC_ClockConfig
                0x00000000080025ac      0x1d8 ./Drivers/STM32F7xx_HAL_Driver/Src/stm32f7xx_hal_rcc.o
                0x00000000080025ac                HAL_RCC_ClockConfig
 .text.HAL_RCC_GetSysClockFreq
                0x0000000008002784      0x20c ./Drivers/STM32F7xx_HAL_Driver/Src/stm32f7xx_hal_rcc.o
                0x0000000008002784                HAL_RCC_GetSysClockFreq
 .text.HAL_RCC_GetHCLKFreq
                0x0000000008002990       0x18 ./Drivers/STM32F7xx_HAL_Driver/Src/stm32f7xx_hal_rcc.o
                0x0000000008002990                HAL_RCC_GetHCLKFreq
 .text.HAL_RCC_GetPCLK1Freq
                0x00000000080029a8       0x28 ./Drivers/STM32F7xx_HAL_Driver/Src/stm32f7xx_hal_rcc.o
                0x00000000080029a8                HAL_RCC_GetPCLK1Freq
 .text.HAL_RCC_GetPCLK2Freq
                0x00000000080029d0       0x28 ./Drivers/STM32F7xx_HAL_Driver/Src/stm32f7xx_hal_rcc.o
                0x00000000080029d0                HAL_RCC_GetPCLK2Freq
 .text.HAL_RCCEx_PeriphCLKConfig
                0x00000000080029f8      0x850 ./Drivers/STM32F7xx_HAL_Driver/Src/stm32f7xx_hal_rcc_ex.o
                0x00000000080029f8                HAL_RCCEx_PeriphCLKConfig
 .text.HAL_UART_Init
                0x0000000008003248       0x9c ./Drivers/STM32F7xx_HAL_Driver/Src/stm32f7xx_hal_uart.o
                0x0000000008003248                HAL_UART_Init
 .text.HAL_UART_Transmit_IT
                0x00000000080032e4       0xbc ./Drivers/STM32F7xx_HAL_Driver/Src/stm32f7xx_hal_uart.o
                0x00000000080032e4                HAL_UART_Transmit_IT
 .text.HAL_UART_Receive_IT
                0x00000000080033a0       0x88 ./Drivers/STM32F7xx_HAL_Driver/Src/stm32f7xx_hal_uart.o
                0x00000000080033a0                HAL_UART_Receive_IT
 .text.HAL_UART_IRQHandler
                0x0000000008003428      0x5d0 ./Drivers/STM32F7xx_HAL_Driver/Src/stm32f7xx_hal_uart.o
                0x0000000008003428                HAL_UART_IRQHandler
 .text.HAL_UART_TxCpltCallback
                0x00000000080039f8       0x14 ./Drivers/STM32F7xx_HAL_Driver/Src/stm32f7xx_hal_uart.o
                0x00000000080039f8                HAL_UART_TxCpltCallback
 .text.HAL_UART_ErrorCallback
                0x0000000008003a0c       0x14 ./Drivers/STM32F7xx_HAL_Driver/Src/stm32f7xx_hal_uart.o
                0x0000000008003a0c                HAL_UART_ErrorCallback
 .text.HAL_UARTEx_RxEventCallback
                0x0000000008003a20       0x18 ./Drivers/STM32F7xx_HAL_Driver/Src/stm32f7xx_hal_uart.o
                0x0000000008003a20                HAL_UARTEx_RxEventCallback
 .text.HAL_UARTEx_WakeupCallback
                0x0000000008003a38       0x14 ./Drivers/STM32F7xx_HAL_Driver/Src/stm32f7xx_hal_uart.o
                0x0000000008003a38                HAL_UARTEx_WakeupCallback
 .text.UART_SetConfig
                0x0000000008003a4c      0x4c8 ./Drivers/STM32F7xx_HAL_Driver/Src/stm32f7xx_hal_uart.o
                0x0000000008003a4c                UART_SetConfig
 .text.UART_AdvFeatureConfig
                0x0000000008003f14      0x144 ./Drivers/STM32F7xx_HAL_Driver/Src/stm32f7xx_hal_uart.o
                0x0000000008003f14                UART_AdvFeatureConfig
 .text.UART_CheckIdleState
                0x0000000008004058       0x9a ./Drivers/STM32F7xx_HAL_Driver/Src/stm32f7xx_hal_uart.o
                0x0000000008004058                UART_CheckIdleState
 .text.UART_WaitOnFlagUntilTimeout
                0x00000000080040f2      0x18c ./Drivers/STM32F7xx_HAL_Driver/Src/stm32f7xx_hal_uart.o
                0x00000000080040f2                UART_WaitOnFlagUntilTimeout
 *fill*         0x000000000800427e        0x2 
 .text.UART_Start_Receive_IT
                0x0000000008004280      0x18c ./Drivers/STM32F7xx_HAL_Driver/Src/stm32f7xx_hal_uart.o
                0x0000000008004280                UART_Start_Receive_IT
 .text.UART_EndRxTransfer
                0x000000000800440c       0xc8 ./Drivers/STM32F7xx_HAL_Driver/Src/stm32f7xx_hal_uart.o
 .text.UART_DMAAbortOnError
                0x00000000080044d4       0x2c ./Drivers/STM32F7xx_HAL_Driver/Src/stm32f7xx_hal_uart.o
 .text.UART_TxISR_8BIT
                0x0000000008004500       0xb6 ./Drivers/STM32F7xx_HAL_Driver/Src/stm32f7xx_hal_uart.o
 .text.UART_TxISR_16BIT
                0x00000000080045b6       0xc0 ./Drivers/STM32F7xx_HAL_Driver/Src/stm32f7xx_hal_uart.o
 .text.UART_EndTransmit_IT
                0x0000000008004676       0x54 ./Drivers/STM32F7xx_HAL_Driver/Src/stm32f7xx_hal_uart.o
 .text.UART_RxISR_8BIT
                0x00000000080046ca      0x166 ./Drivers/STM32F7xx_HAL_Driver/Src/stm32f7xx_hal_uart.o
 .text.UART_RxISR_16BIT
                0x0000000008004830      0x166 ./Drivers/STM32F7xx_HAL_Driver/Src/stm32f7xx_hal_uart.o
 *fill*         0x0000000008004996        0x2 
 .text.USB_CoreInit
                0x0000000008004998       0xb0 ./Drivers/STM32F7xx_HAL_Driver/Src/stm32f7xx_ll_usb.o
                0x0000000008004998                USB_CoreInit
 .text.USB_DisableGlobalInt
                0x0000000008004a48       0x22 ./Drivers/STM32F7xx_HAL_Driver/Src/stm32f7xx_ll_usb.o
                0x0000000008004a48                USB_DisableGlobalInt
 .text.USB_SetCurrentMode
                0x0000000008004a6a       0x98 ./Drivers/STM32F7xx_HAL_Driver/Src/stm32f7xx_ll_usb.o
                0x0000000008004a6a                USB_SetCurrentMode
 *fill*         0x0000000008004b02        0x2 
 .text.USB_DevInit
                0x0000000008004b04      0x2bc ./Drivers/STM32F7xx_HAL_Driver/Src/stm32f7xx_ll_usb.o
                0x0000000008004b04                USB_DevInit
 .text.USB_FlushTxFifo
                0x0000000008004dc0       0x68 ./Drivers/STM32F7xx_HAL_Driver/Src/stm32f7xx_ll_usb.o
                0x0000000008004dc0                USB_FlushTxFifo
 .text.USB_FlushRxFifo
                0x0000000008004e28       0x60 ./Drivers/STM32F7xx_HAL_Driver/Src/stm32f7xx_ll_usb.o
                0x0000000008004e28                USB_FlushRxFifo
 .text.USB_SetDevSpeed
                0x0000000008004e88       0x32 ./Drivers/STM32F7xx_HAL_Driver/Src/stm32f7xx_ll_usb.o
                0x0000000008004e88                USB_SetDevSpeed
 .text.USB_DevDisconnect
                0x0000000008004eba       0x42 ./Drivers/STM32F7xx_HAL_Driver/Src/stm32f7xx_ll_usb.o
                0x0000000008004eba                USB_DevDisconnect
 .text.USB_GetMode
                0x0000000008004efc       0x1c ./Drivers/STM32F7xx_HAL_Driver/Src/stm32f7xx_ll_usb.o
                0x0000000008004efc                USB_GetMode
 .text.USB_CoreReset
                0x0000000008004f18       0x68 ./Drivers/STM32F7xx_HAL_Driver/Src/stm32f7xx_ll_usb.o
 .text.memset   0x0000000008004f80       0x10 C:/MyPrograms/STM32CubeIDE/STM32CubeIDE_1.14.0/STM32CubeIDE/plugins/com.st.stm32cube.ide.mcu.externaltools.gnu-tools-for-stm32.11.3.rel1.win32_1.1.100.202309141235/tools/bin/../lib/gcc/arm-none-eabi/11.3.1/../../../../arm-none-eabi/lib/thumb/v7e-m+dp/hard\libc_nano.a(libc_a-memset.o)
                0x0000000008004f80                memset
 .text.__libc_init_array
                0x0000000008004f90       0x48 C:/MyPrograms/STM32CubeIDE/STM32CubeIDE_1.14.0/STM32CubeIDE/plugins/com.st.stm32cube.ide.mcu.externaltools.gnu-tools-for-stm32.11.3.rel1.win32_1.1.100.202309141235/tools/bin/../lib/gcc/arm-none-eabi/11.3.1/../../../../arm-none-eabi/lib/thumb/v7e-m+dp/hard\libc_nano.a(libc_a-init.o)
                0x0000000008004f90                __libc_init_array
 *(.glue_7)
 .glue_7        0x0000000008004fd8        0x0 linker stubs
 *(.glue_7t)
 .glue_7t       0x0000000008004fd8        0x0 linker stubs
 *(.eh_frame)
 .eh_frame      0x0000000008004fd8        0x0 C:/MyPrograms/STM32CubeIDE/STM32CubeIDE_1.14.0/STM32CubeIDE/plugins/com.st.stm32cube.ide.mcu.externaltools.gnu-tools-for-stm32.11.3.rel1.win32_1.1.100.202309141235/tools/bin/../lib/gcc/arm-none-eabi/11.3.1/thumb/v7e-m+dp/hard/crtbegin.o
 *(.init)
 .init          0x0000000008004fd8        0x4 C:/MyPrograms/STM32CubeIDE/STM32CubeIDE_1.14.0/STM32CubeIDE/plugins/com.st.stm32cube.ide.mcu.externaltools.gnu-tools-for-stm32.11.3.rel1.win32_1.1.100.202309141235/tools/bin/../lib/gcc/arm-none-eabi/11.3.1/thumb/v7e-m+dp/hard/crti.o
                0x0000000008004fd8                _init
 .init          0x0000000008004fdc        0x8 C:/MyPrograms/STM32CubeIDE/STM32CubeIDE_1.14.0/STM32CubeIDE/plugins/com.st.stm32cube.ide.mcu.externaltools.gnu-tools-for-stm32.11.3.rel1.win32_1.1.100.202309141235/tools/bin/../lib/gcc/arm-none-eabi/11.3.1/thumb/v7e-m+dp/hard/crtn.o
 *(.fini)
 .fini          0x0000000008004fe4        0x4 C:/MyPrograms/STM32CubeIDE/STM32CubeIDE_1.14.0/STM32CubeIDE/plugins/com.st.stm32cube.ide.mcu.externaltools.gnu-tools-for-stm32.11.3.rel1.win32_1.1.100.202309141235/tools/bin/../lib/gcc/arm-none-eabi/11.3.1/thumb/v7e-m+dp/hard/crti.o
                0x0000000008004fe4                _fini
 .fini          0x0000000008004fe8        0x8 C:/MyPrograms/STM32CubeIDE/STM32CubeIDE_1.14.0/STM32CubeIDE/plugins/com.st.stm32cube.ide.mcu.externaltools.gnu-tools-for-stm32.11.3.rel1.win32_1.1.100.202309141235/tools/bin/../lib/gcc/arm-none-eabi/11.3.1/thumb/v7e-m+dp/hard/crtn.o
                0x0000000008004ff0                . = ALIGN (0x4)
                0x0000000008004ff0                _etext = .

.vfp11_veneer   0x0000000008004ff0        0x0
 .vfp11_veneer  0x0000000008004ff0        0x0 linker stubs

.v4_bx          0x0000000008004ff0        0x0
 .v4_bx         0x0000000008004ff0        0x0 linker stubs

.iplt           0x0000000008004ff0        0x0
 .iplt          0x0000000008004ff0        0x0 C:/MyPrograms/STM32CubeIDE/STM32CubeIDE_1.14.0/STM32CubeIDE/plugins/com.st.stm32cube.ide.mcu.externaltools.gnu-tools-for-stm32.11.3.rel1.win32_1.1.100.202309141235/tools/bin/../lib/gcc/arm-none-eabi/11.3.1/thumb/v7e-m+dp/hard/crtbegin.o

.rodata         0x0000000008004ff0       0x18
                0x0000000008004ff0                . = ALIGN (0x4)
 *(.rodata)
 *(.rodata*)
 .rodata.AHBPrescTable
                0x0000000008004ff0       0x10 ./Core/Src/system_stm32f7xx.o
                0x0000000008004ff0                AHBPrescTable
 .rodata.APBPrescTable
                0x0000000008005000        0x8 ./Core/Src/system_stm32f7xx.o
                0x0000000008005000                APBPrescTable
                0x0000000008005008                . = ALIGN (0x4)

.ARM.extab      0x0000000008005008        0x0
                0x0000000008005008                . = ALIGN (0x4)
 *(.ARM.extab* .gnu.linkonce.armextab.*)
                0x0000000008005008                . = ALIGN (0x4)

.ARM            0x0000000008005008        0x8
                0x0000000008005008                . = ALIGN (0x4)
                0x0000000008005008                __exidx_start = .
 *(.ARM.exidx*)
 .ARM.exidx     0x0000000008005008        0x8 C:/MyPrograms/STM32CubeIDE/STM32CubeIDE_1.14.0/STM32CubeIDE/plugins/com.st.stm32cube.ide.mcu.externaltools.gnu-tools-for-stm32.11.3.rel1.win32_1.1.100.202309141235/tools/bin/../lib/gcc/arm-none-eabi/11.3.1/thumb/v7e-m+dp/hard\libgcc.a(_udivmoddi4.o)
                0x0000000008005010                __exidx_end = .
                0x0000000008005010                . = ALIGN (0x4)

.rel.dyn        0x0000000008005010        0x0
 .rel.iplt      0x0000000008005010        0x0 C:/MyPrograms/STM32CubeIDE/STM32CubeIDE_1.14.0/STM32CubeIDE/plugins/com.st.stm32cube.ide.mcu.externaltools.gnu-tools-for-stm32.11.3.rel1.win32_1.1.100.202309141235/tools/bin/../lib/gcc/arm-none-eabi/11.3.1/thumb/v7e-m+dp/hard/crtbegin.o

.preinit_array  0x0000000008005010        0x0
                0x0000000008005010                . = ALIGN (0x4)
                0x0000000008005010                PROVIDE (__preinit_array_start = .)
 *(.preinit_array*)
                0x0000000008005010                PROVIDE (__preinit_array_end = .)
                0x0000000008005010                . = ALIGN (0x4)

.init_array     0x0000000008005010        0x4
                0x0000000008005010                . = ALIGN (0x4)
                0x0000000008005010                PROVIDE (__init_array_start = .)
 *(SORT_BY_NAME(.init_array.*))
 *(.init_array*)
 .init_array    0x0000000008005010        0x4 C:/MyPrograms/STM32CubeIDE/STM32CubeIDE_1.14.0/STM32CubeIDE/plugins/com.st.stm32cube.ide.mcu.externaltools.gnu-tools-for-stm32.11.3.rel1.win32_1.1.100.202309141235/tools/bin/../lib/gcc/arm-none-eabi/11.3.1/thumb/v7e-m+dp/hard/crtbegin.o
                0x0000000008005014                PROVIDE (__init_array_end = .)
                0x0000000008005014                . = ALIGN (0x4)

.fini_array     0x0000000008005014        0x4
                0x0000000008005014                . = ALIGN (0x4)
                [!provide]                        PROVIDE (__fini_array_start = .)
 *(SORT_BY_NAME(.fini_array.*))
 *(.fini_array*)
 .fini_array    0x0000000008005014        0x4 C:/MyPrograms/STM32CubeIDE/STM32CubeIDE_1.14.0/STM32CubeIDE/plugins/com.st.stm32cube.ide.mcu.externaltools.gnu-tools-for-stm32.11.3.rel1.win32_1.1.100.202309141235/tools/bin/../lib/gcc/arm-none-eabi/11.3.1/thumb/v7e-m+dp/hard/crtbegin.o
                [!provide]                        PROVIDE (__fini_array_end = .)
                0x0000000008005018                . = ALIGN (0x4)
                0x0000000008005018                _sidata = LOADADDR (.data)

.data           0x0000000020000000        0xc load address 0x0000000008005018
                0x0000000020000000                . = ALIGN (0x4)
                0x0000000020000000                _sdata = .
 *(.data)
 *(.data*)
 .data.SystemCoreClock
                0x0000000020000000        0x4 ./Core/Src/system_stm32f7xx.o
                0x0000000020000000                SystemCoreClock
 .data.uwTickPrio
                0x0000000020000004        0x4 ./Drivers/STM32F7xx_HAL_Driver/Src/stm32f7xx_hal.o
                0x0000000020000004                uwTickPrio
 .data.uwTickFreq
                0x0000000020000008        0x1 ./Drivers/STM32F7xx_HAL_Driver/Src/stm32f7xx_hal.o
                0x0000000020000008                uwTickFreq
 *(.RamFunc)
 *(.RamFunc*)
                0x000000002000000c                . = ALIGN (0x4)
 *fill*         0x0000000020000009        0x3 
                0x000000002000000c                _edata = .

.igot.plt       0x000000002000000c        0x0 load address 0x0000000008005024
 .igot.plt      0x000000002000000c        0x0 C:/MyPrograms/STM32CubeIDE/STM32CubeIDE_1.14.0/STM32CubeIDE/plugins/com.st.stm32cube.ide.mcu.externaltools.gnu-tools-for-stm32.11.3.rel1.win32_1.1.100.202309141235/tools/bin/../lib/gcc/arm-none-eabi/11.3.1/thumb/v7e-m+dp/hard/crtbegin.o

.RxDecripSection
                0x000000002000000c       0xa0 load address 0x0000000008005024
 .RxDecripSection
                0x000000002000000c       0xa0 ./Core/Src/eth.o
                0x000000002000000c                DMARxDscrTab

.TxDecripSection
                0x00000000200000ac       0xa0 load address 0x00000000080050c4
 .TxDecripSection
                0x00000000200000ac       0xa0 ./Core/Src/eth.o
                0x00000000200000ac                DMATxDscrTab
                0x000000002000014c                . = ALIGN (0x4)

.bss            0x000000002000014c      0x734 load address 0x0000000008005164
                0x000000002000014c                _sbss = .
                0x000000002000014c                __bss_start__ = _sbss
 *(.bss)
 .bss           0x000000002000014c       0x1c C:/MyPrograms/STM32CubeIDE/STM32CubeIDE_1.14.0/STM32CubeIDE/plugins/com.st.stm32cube.ide.mcu.externaltools.gnu-tools-for-stm32.11.3.rel1.win32_1.1.100.202309141235/tools/bin/../lib/gcc/arm-none-eabi/11.3.1/thumb/v7e-m+dp/hard/crtbegin.o
 *(.bss*)
 .bss.TxConfig  0x0000000020000168       0x38 ./Core/Src/eth.o
                0x0000000020000168                TxConfig
 .bss.heth      0x00000000200001a0       0xb0 ./Core/Src/eth.o
                0x00000000200001a0                heth
 .bss.MACAddr.0
                0x0000000020000250        0x6 ./Core/Src/eth.o
 *fill*         0x0000000020000256        0x2 
 .bss.Rx_data   0x0000000020000258        0xa ./Core/Src/main.o
                0x0000000020000258                Rx_data
 *fill*         0x0000000020000262        0x2 
 .bss.huart2    0x0000000020000264       0x88 ./Core/Src/usart.o
                0x0000000020000264                huart2
 .bss.huart3    0x00000000200002ec       0x88 ./Core/Src/usart.o
                0x00000000200002ec                huart3
 .bss.hpcd_USB_OTG_FS
                0x0000000020000374      0x508 ./Core/Src/usb_otg.o
                0x0000000020000374                hpcd_USB_OTG_FS
 .bss.uwTick    0x000000002000087c        0x4 ./Drivers/STM32F7xx_HAL_Driver/Src/stm32f7xx_hal.o
                0x000000002000087c                uwTick
 *(COMMON)
                0x0000000020000880                . = ALIGN (0x4)
                0x0000000020000880                _ebss = .
                0x0000000020000880                __bss_end__ = _ebss

._user_heap_stack
                0x0000000020000880      0x600 load address 0x0000000008005164
                0x0000000020000880                . = ALIGN (0x8)
                [!provide]                        PROVIDE (end = .)
                0x0000000020000880                PROVIDE (_end = .)
                0x0000000020000a80                . = (. + _Min_Heap_Size)
 *fill*         0x0000000020000880      0x200 
                0x0000000020000e80                . = (. + _Min_Stack_Size)
 *fill*         0x0000000020000a80      0x400 
                0x0000000020000e80                . = ALIGN (0x8)

/DISCARD/
 libc.a(*)
 libm.a(*)
 libgcc.a(*)

.ARM.attributes
                0x0000000000000000       0x2e
 *(.ARM.attributes)
 .ARM.attributes
                0x0000000000000000       0x1e C:/MyPrograms/STM32CubeIDE/STM32CubeIDE_1.14.0/STM32CubeIDE/plugins/com.st.stm32cube.ide.mcu.externaltools.gnu-tools-for-stm32.11.3.rel1.win32_1.1.100.202309141235/tools/bin/../lib/gcc/arm-none-eabi/11.3.1/thumb/v7e-m+dp/hard/crti.o
 .ARM.attributes
                0x000000000000001e       0x32 C:/MyPrograms/STM32CubeIDE/STM32CubeIDE_1.14.0/STM32CubeIDE/plugins/com.st.stm32cube.ide.mcu.externaltools.gnu-tools-for-stm32.11.3.rel1.win32_1.1.100.202309141235/tools/bin/../lib/gcc/arm-none-eabi/11.3.1/thumb/v7e-m+dp/hard/crtbegin.o
 .ARM.attributes
                0x0000000000000050       0x32 ./Core/Src/eth.o
 .ARM.attributes
                0x0000000000000082       0x32 ./Core/Src/gpio.o
 .ARM.attributes
                0x00000000000000b4       0x32 ./Core/Src/main.o
 .ARM.attributes
                0x00000000000000e6       0x32 ./Core/Src/stm32f7xx_hal_msp.o
 .ARM.attributes
                0x0000000000000118       0x32 ./Core/Src/stm32f7xx_it.o
 .ARM.attributes
                0x000000000000014a       0x32 ./Core/Src/system_stm32f7xx.o
 .ARM.attributes
                0x000000000000017c       0x32 ./Core/Src/usart.o
 .ARM.attributes
                0x00000000000001ae       0x32 ./Core/Src/usb_otg.o
 .ARM.attributes
                0x00000000000001e0       0x21 ./Core/Startup/startup_stm32f767zitx.o
 .ARM.attributes
                0x0000000000000201       0x32 ./Drivers/STM32F7xx_HAL_Driver/Src/stm32f7xx_hal.o
 .ARM.attributes
                0x0000000000000233       0x32 ./Drivers/STM32F7xx_HAL_Driver/Src/stm32f7xx_hal_cortex.o
 .ARM.attributes
                0x0000000000000265       0x32 ./Drivers/STM32F7xx_HAL_Driver/Src/stm32f7xx_hal_dma.o
 .ARM.attributes
                0x0000000000000297       0x32 ./Drivers/STM32F7xx_HAL_Driver/Src/stm32f7xx_hal_eth.o
 .ARM.attributes
                0x00000000000002c9       0x32 ./Drivers/STM32F7xx_HAL_Driver/Src/stm32f7xx_hal_gpio.o
 .ARM.attributes
                0x00000000000002fb       0x32 ./Drivers/STM32F7xx_HAL_Driver/Src/stm32f7xx_hal_pcd.o
 .ARM.attributes
                0x000000000000032d       0x32 ./Drivers/STM32F7xx_HAL_Driver/Src/stm32f7xx_hal_pcd_ex.o
 .ARM.attributes
                0x000000000000035f       0x32 ./Drivers/STM32F7xx_HAL_Driver/Src/stm32f7xx_hal_pwr.o
 .ARM.attributes
                0x0000000000000391       0x32 ./Drivers/STM32F7xx_HAL_Driver/Src/stm32f7xx_hal_pwr_ex.o
 .ARM.attributes
                0x00000000000003c3       0x32 ./Drivers/STM32F7xx_HAL_Driver/Src/stm32f7xx_hal_rcc.o
 .ARM.attributes
                0x00000000000003f5       0x32 ./Drivers/STM32F7xx_HAL_Driver/Src/stm32f7xx_hal_rcc_ex.o
 .ARM.attributes
                0x0000000000000427       0x32 ./Drivers/STM32F7xx_HAL_Driver/Src/stm32f7xx_hal_uart.o
 .ARM.attributes
                0x0000000000000459       0x32 ./Drivers/STM32F7xx_HAL_Driver/Src/stm32f7xx_ll_usb.o
 .ARM.attributes
                0x000000000000048b       0x32 C:/MyPrograms/STM32CubeIDE/STM32CubeIDE_1.14.0/STM32CubeIDE/plugins/com.st.stm32cube.ide.mcu.externaltools.gnu-tools-for-stm32.11.3.rel1.win32_1.1.100.202309141235/tools/bin/../lib/gcc/arm-none-eabi/11.3.1/../../../../arm-none-eabi/lib/thumb/v7e-m+dp/hard\libc_nano.a(libc_a-memset.o)
 .ARM.attributes
                0x00000000000004bd       0x32 C:/MyPrograms/STM32CubeIDE/STM32CubeIDE_1.14.0/STM32CubeIDE/plugins/com.st.stm32cube.ide.mcu.externaltools.gnu-tools-for-stm32.11.3.rel1.win32_1.1.100.202309141235/tools/bin/../lib/gcc/arm-none-eabi/11.3.1/../../../../arm-none-eabi/lib/thumb/v7e-m+dp/hard\libc_nano.a(libc_a-init.o)
 .ARM.attributes
                0x00000000000004ef       0x1e C:/MyPrograms/STM32CubeIDE/STM32CubeIDE_1.14.0/STM32CubeIDE/plugins/com.st.stm32cube.ide.mcu.externaltools.gnu-tools-for-stm32.11.3.rel1.win32_1.1.100.202309141235/tools/bin/../lib/gcc/arm-none-eabi/11.3.1/thumb/v7e-m+dp/hard\libgcc.a(_aeabi_uldivmod.o)
 .ARM.attributes
                0x000000000000050d       0x32 C:/MyPrograms/STM32CubeIDE/STM32CubeIDE_1.14.0/STM32CubeIDE/plugins/com.st.stm32cube.ide.mcu.externaltools.gnu-tools-for-stm32.11.3.rel1.win32_1.1.100.202309141235/tools/bin/../lib/gcc/arm-none-eabi/11.3.1/thumb/v7e-m+dp/hard\libgcc.a(_udivmoddi4.o)
 .ARM.attributes
                0x000000000000053f       0x1e C:/MyPrograms/STM32CubeIDE/STM32CubeIDE_1.14.0/STM32CubeIDE/plugins/com.st.stm32cube.ide.mcu.externaltools.gnu-tools-for-stm32.11.3.rel1.win32_1.1.100.202309141235/tools/bin/../lib/gcc/arm-none-eabi/11.3.1/thumb/v7e-m+dp/hard\libgcc.a(_dvmd_tls.o)
 .ARM.attributes
                0x000000000000055d       0x1e C:/MyPrograms/STM32CubeIDE/STM32CubeIDE_1.14.0/STM32CubeIDE/plugins/com.st.stm32cube.ide.mcu.externaltools.gnu-tools-for-stm32.11.3.rel1.win32_1.1.100.202309141235/tools/bin/../lib/gcc/arm-none-eabi/11.3.1/thumb/v7e-m+dp/hard/crtn.o
OUTPUT(Wifi_module_simulator.elf elf32-littlearm)
LOAD linker stubs
LOAD C:/MyPrograms/STM32CubeIDE/STM32CubeIDE_1.14.0/STM32CubeIDE/plugins/com.st.stm32cube.ide.mcu.externaltools.gnu-tools-for-stm32.11.3.rel1.win32_1.1.100.202309141235/tools/bin/../lib/gcc/arm-none-eabi/11.3.1/../../../../arm-none-eabi/lib/thumb/v7e-m+dp/hard\libc.a
LOAD C:/MyPrograms/STM32CubeIDE/STM32CubeIDE_1.14.0/STM32CubeIDE/plugins/com.st.stm32cube.ide.mcu.externaltools.gnu-tools-for-stm32.11.3.rel1.win32_1.1.100.202309141235/tools/bin/../lib/gcc/arm-none-eabi/11.3.1/../../../../arm-none-eabi/lib/thumb/v7e-m+dp/hard\libm.a
LOAD C:/MyPrograms/STM32CubeIDE/STM32CubeIDE_1.14.0/STM32CubeIDE/plugins/com.st.stm32cube.ide.mcu.externaltools.gnu-tools-for-stm32.11.3.rel1.win32_1.1.100.202309141235/tools/bin/../lib/gcc/arm-none-eabi/11.3.1/thumb/v7e-m+dp/hard\libgcc.a

.comment        0x0000000000000000       0x43
 .comment       0x0000000000000000       0x43 C:/MyPrograms/STM32CubeIDE/STM32CubeIDE_1.14.0/STM32CubeIDE/plugins/com.st.stm32cube.ide.mcu.externaltools.gnu-tools-for-stm32.11.3.rel1.win32_1.1.100.202309141235/tools/bin/../lib/gcc/arm-none-eabi/11.3.1/thumb/v7e-m+dp/hard/crtbegin.o
                                         0x44 (size before relaxing)
 .comment       0x0000000000000043       0x44 ./Core/Src/eth.o
 .comment       0x0000000000000043       0x44 ./Core/Src/gpio.o
 .comment       0x0000000000000043       0x44 ./Core/Src/main.o
 .comment       0x0000000000000043       0x44 ./Core/Src/stm32f7xx_hal_msp.o
 .comment       0x0000000000000043       0x44 ./Core/Src/stm32f7xx_it.o
 .comment       0x0000000000000043       0x44 ./Core/Src/system_stm32f7xx.o
 .comment       0x0000000000000043       0x44 ./Core/Src/usart.o
 .comment       0x0000000000000043       0x44 ./Core/Src/usb_otg.o
 .comment       0x0000000000000043       0x44 ./Drivers/STM32F7xx_HAL_Driver/Src/stm32f7xx_hal.o
 .comment       0x0000000000000043       0x44 ./Drivers/STM32F7xx_HAL_Driver/Src/stm32f7xx_hal_cortex.o
 .comment       0x0000000000000043       0x44 ./Drivers/STM32F7xx_HAL_Driver/Src/stm32f7xx_hal_dma.o
 .comment       0x0000000000000043       0x44 ./Drivers/STM32F7xx_HAL_Driver/Src/stm32f7xx_hal_eth.o
 .comment       0x0000000000000043       0x44 ./Drivers/STM32F7xx_HAL_Driver/Src/stm32f7xx_hal_gpio.o
 .comment       0x0000000000000043       0x44 ./Drivers/STM32F7xx_HAL_Driver/Src/stm32f7xx_hal_pcd.o
 .comment       0x0000000000000043       0x44 ./Drivers/STM32F7xx_HAL_Driver/Src/stm32f7xx_hal_pcd_ex.o
 .comment       0x0000000000000043       0x44 ./Drivers/STM32F7xx_HAL_Driver/Src/stm32f7xx_hal_pwr.o
 .comment       0x0000000000000043       0x44 ./Drivers/STM32F7xx_HAL_Driver/Src/stm32f7xx_hal_pwr_ex.o
 .comment       0x0000000000000043       0x44 ./Drivers/STM32F7xx_HAL_Driver/Src/stm32f7xx_hal_rcc.o
 .comment       0x0000000000000043       0x44 ./Drivers/STM32F7xx_HAL_Driver/Src/stm32f7xx_hal_rcc_ex.o
 .comment       0x0000000000000043       0x44 ./Drivers/STM32F7xx_HAL_Driver/Src/stm32f7xx_hal_uart.o
 .comment       0x0000000000000043       0x44 ./Drivers/STM32F7xx_HAL_Driver/Src/stm32f7xx_ll_usb.o

.debug_info     0x0000000000000000    0x12989
 .debug_info    0x0000000000000000      0xf78 ./Core/Src/eth.o
 .debug_info    0x0000000000000f78      0x465 ./Core/Src/gpio.o
 .debug_info    0x00000000000013dd      0xb77 ./Core/Src/main.o
 .debug_info    0x0000000000001f54      0x28d ./Core/Src/stm32f7xx_hal_msp.o
 .debug_info    0x00000000000021e1      0x736 ./Core/Src/stm32f7xx_it.o
 .debug_info    0x0000000000002917      0x6ed ./Core/Src/system_stm32f7xx.o
 .debug_info    0x0000000000003004     0x1009 ./Core/Src/usart.o
 .debug_info    0x000000000000400d      0xc05 ./Core/Src/usb_otg.o
 .debug_info    0x0000000000004c12       0x23 ./Core/Startup/startup_stm32f767zitx.o
 .debug_info    0x0000000000004c35      0xa4c ./Drivers/STM32F7xx_HAL_Driver/Src/stm32f7xx_hal.o
 .debug_info    0x0000000000005681      0xf8b ./Drivers/STM32F7xx_HAL_Driver/Src/stm32f7xx_hal_cortex.o
 .debug_info    0x000000000000660c      0x8e7 ./Drivers/STM32F7xx_HAL_Driver/Src/stm32f7xx_hal_dma.o
 .debug_info    0x0000000000006ef3     0x2090 ./Drivers/STM32F7xx_HAL_Driver/Src/stm32f7xx_hal_eth.o
 .debug_info    0x0000000000008f83      0x6f3 ./Drivers/STM32F7xx_HAL_Driver/Src/stm32f7xx_hal_gpio.o
 .debug_info    0x0000000000009676     0x156c ./Drivers/STM32F7xx_HAL_Driver/Src/stm32f7xx_hal_pcd.o
 .debug_info    0x000000000000abe2      0x78b ./Drivers/STM32F7xx_HAL_Driver/Src/stm32f7xx_hal_pcd_ex.o
 .debug_info    0x000000000000b36d      0x90e ./Drivers/STM32F7xx_HAL_Driver/Src/stm32f7xx_hal_pwr.o
 .debug_info    0x000000000000bc7b      0x8cd ./Drivers/STM32F7xx_HAL_Driver/Src/stm32f7xx_hal_pwr_ex.o
 .debug_info    0x000000000000c548      0x937 ./Drivers/STM32F7xx_HAL_Driver/Src/stm32f7xx_hal_rcc.o
 .debug_info    0x000000000000ce7f      0x6e1 ./Drivers/STM32F7xx_HAL_Driver/Src/stm32f7xx_hal_rcc_ex.o
 .debug_info    0x000000000000d560     0x3a6d ./Drivers/STM32F7xx_HAL_Driver/Src/stm32f7xx_hal_uart.o
 .debug_info    0x0000000000010fcd     0x19bc ./Drivers/STM32F7xx_HAL_Driver/Src/stm32f7xx_ll_usb.o

.debug_abbrev   0x0000000000000000     0x2c97
 .debug_abbrev  0x0000000000000000      0x249 ./Core/Src/eth.o
 .debug_abbrev  0x0000000000000249      0x152 ./Core/Src/gpio.o
 .debug_abbrev  0x000000000000039b      0x24f ./Core/Src/main.o
 .debug_abbrev  0x00000000000005ea       0xd8 ./Core/Src/stm32f7xx_hal_msp.o
 .debug_abbrev  0x00000000000006c2      0x176 ./Core/Src/stm32f7xx_it.o
 .debug_abbrev  0x0000000000000838      0x13b ./Core/Src/system_stm32f7xx.o
 .debug_abbrev  0x0000000000000973      0x21e ./Core/Src/usart.o
 .debug_abbrev  0x0000000000000b91      0x230 ./Core/Src/usb_otg.o
 .debug_abbrev  0x0000000000000dc1       0x12 ./Core/Startup/startup_stm32f767zitx.o
 .debug_abbrev  0x0000000000000dd3      0x213 ./Drivers/STM32F7xx_HAL_Driver/Src/stm32f7xx_hal.o
 .debug_abbrev  0x0000000000000fe6      0x329 ./Drivers/STM32F7xx_HAL_Driver/Src/stm32f7xx_hal_cortex.o
 .debug_abbrev  0x000000000000130f      0x264 ./Drivers/STM32F7xx_HAL_Driver/Src/stm32f7xx_hal_dma.o
 .debug_abbrev  0x0000000000001573      0x2ec ./Drivers/STM32F7xx_HAL_Driver/Src/stm32f7xx_hal_eth.o
 .debug_abbrev  0x000000000000185f      0x1d4 ./Drivers/STM32F7xx_HAL_Driver/Src/stm32f7xx_hal_gpio.o
 .debug_abbrev  0x0000000000001a33      0x2e7 ./Drivers/STM32F7xx_HAL_Driver/Src/stm32f7xx_hal_pcd.o
 .debug_abbrev  0x0000000000001d1a      0x1ca ./Drivers/STM32F7xx_HAL_Driver/Src/stm32f7xx_hal_pcd_ex.o
 .debug_abbrev  0x0000000000001ee4      0x1c5 ./Drivers/STM32F7xx_HAL_Driver/Src/stm32f7xx_hal_pwr.o
 .debug_abbrev  0x00000000000020a9      0x1d5 ./Drivers/STM32F7xx_HAL_Driver/Src/stm32f7xx_hal_pwr_ex.o
 .debug_abbrev  0x000000000000227e      0x2de ./Drivers/STM32F7xx_HAL_Driver/Src/stm32f7xx_hal_rcc.o
 .debug_abbrev  0x000000000000255c      0x1c9 ./Drivers/STM32F7xx_HAL_Driver/Src/stm32f7xx_hal_rcc_ex.o
 .debug_abbrev  0x0000000000002725      0x2e6 ./Drivers/STM32F7xx_HAL_Driver/Src/stm32f7xx_hal_uart.o
 .debug_abbrev  0x0000000000002a0b      0x28c ./Drivers/STM32F7xx_HAL_Driver/Src/stm32f7xx_ll_usb.o

.debug_aranges  0x0000000000000000      0xe20
 .debug_aranges
                0x0000000000000000       0x30 ./Core/Src/eth.o
 .debug_aranges
                0x0000000000000030       0x20 ./Core/Src/gpio.o
 .debug_aranges
                0x0000000000000050       0x38 ./Core/Src/main.o
 .debug_aranges
                0x0000000000000088       0x20 ./Core/Src/stm32f7xx_hal_msp.o
 .debug_aranges
                0x00000000000000a8       0x70 ./Core/Src/stm32f7xx_it.o
 .debug_aranges
                0x0000000000000118       0x28 ./Core/Src/system_stm32f7xx.o
 .debug_aranges
                0x0000000000000140       0x38 ./Core/Src/usart.o
 .debug_aranges
                0x0000000000000178       0x30 ./Core/Src/usb_otg.o
 .debug_aranges
                0x00000000000001a8       0x28 ./Core/Startup/startup_stm32f767zitx.o
 .debug_aranges
                0x00000000000001d0      0x110 ./Drivers/STM32F7xx_HAL_Driver/Src/stm32f7xx_hal.o
 .debug_aranges
                0x00000000000002e0      0x118 ./Drivers/STM32F7xx_HAL_Driver/Src/stm32f7xx_hal_cortex.o
 .debug_aranges
                0x00000000000003f8       0x90 ./Drivers/STM32F7xx_HAL_Driver/Src/stm32f7xx_hal_dma.o
 .debug_aranges
                0x0000000000000488      0x1e0 ./Drivers/STM32F7xx_HAL_Driver/Src/stm32f7xx_hal_eth.o
 .debug_aranges
                0x0000000000000668       0x58 ./Drivers/STM32F7xx_HAL_Driver/Src/stm32f7xx_hal_gpio.o
 .debug_aranges
                0x00000000000006c0      0x148 ./Drivers/STM32F7xx_HAL_Driver/Src/stm32f7xx_hal_pcd.o
 .debug_aranges
                0x0000000000000808       0x48 ./Drivers/STM32F7xx_HAL_Driver/Src/stm32f7xx_hal_pcd_ex.o
 .debug_aranges
                0x0000000000000850       0xa0 ./Drivers/STM32F7xx_HAL_Driver/Src/stm32f7xx_hal_pwr.o
 .debug_aranges
                0x00000000000008f0       0x80 ./Drivers/STM32F7xx_HAL_Driver/Src/stm32f7xx_hal_pwr_ex.o
 .debug_aranges
                0x0000000000000970       0x88 ./Drivers/STM32F7xx_HAL_Driver/Src/stm32f7xx_hal_rcc.o
 .debug_aranges
                0x00000000000009f8       0x50 ./Drivers/STM32F7xx_HAL_Driver/Src/stm32f7xx_hal_rcc_ex.o
 .debug_aranges
                0x0000000000000a48      0x230 ./Drivers/STM32F7xx_HAL_Driver/Src/stm32f7xx_hal_uart.o
 .debug_aranges
                0x0000000000000c78      0x1a8 ./Drivers/STM32F7xx_HAL_Driver/Src/stm32f7xx_ll_usb.o

.debug_rnglists
                0x0000000000000000      0xac9
 .debug_rnglists
                0x0000000000000000       0x21 ./Core/Src/eth.o
 .debug_rnglists
                0x0000000000000021       0x14 ./Core/Src/gpio.o
 .debug_rnglists
                0x0000000000000035       0x26 ./Core/Src/main.o
 .debug_rnglists
                0x000000000000005b       0x13 ./Core/Src/stm32f7xx_hal_msp.o
 .debug_rnglists
                0x000000000000006e       0x4f ./Core/Src/stm32f7xx_it.o
 .debug_rnglists
                0x00000000000000bd       0x1a ./Core/Src/system_stm32f7xx.o
 .debug_rnglists
                0x00000000000000d7       0x26 ./Core/Src/usart.o
 .debug_rnglists
                0x00000000000000fd       0x20 ./Core/Src/usb_otg.o
 .debug_rnglists
                0x000000000000011d       0x19 ./Core/Startup/startup_stm32f767zitx.o
 .debug_rnglists
                0x0000000000000136       0xc7 ./Drivers/STM32F7xx_HAL_Driver/Src/stm32f7xx_hal.o
 .debug_rnglists
                0x00000000000001fd       0xce ./Drivers/STM32F7xx_HAL_Driver/Src/stm32f7xx_hal_cortex.o
 .debug_rnglists
                0x00000000000002cb       0x70 ./Drivers/STM32F7xx_HAL_Driver/Src/stm32f7xx_hal_dma.o
 .debug_rnglists
                0x000000000000033b      0x17d ./Drivers/STM32F7xx_HAL_Driver/Src/stm32f7xx_hal_eth.o
 .debug_rnglists
                0x00000000000004b8       0x3f ./Drivers/STM32F7xx_HAL_Driver/Src/stm32f7xx_hal_gpio.o
 .debug_rnglists
                0x00000000000004f7       0xfc ./Drivers/STM32F7xx_HAL_Driver/Src/stm32f7xx_hal_pcd.o
 .debug_rnglists
                0x00000000000005f3       0x32 ./Drivers/STM32F7xx_HAL_Driver/Src/stm32f7xx_hal_pcd_ex.o
 .debug_rnglists
                0x0000000000000625       0x74 ./Drivers/STM32F7xx_HAL_Driver/Src/stm32f7xx_hal_pwr.o
 .debug_rnglists
                0x0000000000000699       0x5f ./Drivers/STM32F7xx_HAL_Driver/Src/stm32f7xx_hal_pwr_ex.o
 .debug_rnglists
                0x00000000000006f8       0x67 ./Drivers/STM32F7xx_HAL_Driver/Src/stm32f7xx_hal_rcc.o
 .debug_rnglists
                0x000000000000075f       0x3c ./Drivers/STM32F7xx_HAL_Driver/Src/stm32f7xx_hal_rcc_ex.o
 .debug_rnglists
                0x000000000000079b      0x1e0 ./Drivers/STM32F7xx_HAL_Driver/Src/stm32f7xx_hal_uart.o
 .debug_rnglists
                0x000000000000097b      0x14e ./Drivers/STM32F7xx_HAL_Driver/Src/stm32f7xx_ll_usb.o

.debug_macro    0x0000000000000000    0x28ff0
 .debug_macro   0x0000000000000000      0x2e4 ./Core/Src/eth.o
 .debug_macro   0x00000000000002e4      0xac0 ./Core/Src/eth.o
 .debug_macro   0x0000000000000da4      0x299 ./Core/Src/eth.o
 .debug_macro   0x000000000000103d       0x2e ./Core/Src/eth.o
 .debug_macro   0x000000000000106b       0x3b ./Core/Src/eth.o
 .debug_macro   0x00000000000010a6       0x22 ./Core/Src/eth.o
 .debug_macro   0x00000000000010c8       0x8e ./Core/Src/eth.o
 .debug_macro   0x0000000000001156       0x51 ./Core/Src/eth.o
 .debug_macro   0x00000000000011a7      0x103 ./Core/Src/eth.o
 .debug_macro   0x00000000000012aa       0x6a ./Core/Src/eth.o
 .debug_macro   0x0000000000001314      0x1df ./Core/Src/eth.o
 .debug_macro   0x00000000000014f3       0x1c ./Core/Src/eth.o
 .debug_macro   0x000000000000150f       0x22 ./Core/Src/eth.o
 .debug_macro   0x0000000000001531       0xd9 ./Core/Src/eth.o
 .debug_macro   0x000000000000160a     0x12cd ./Core/Src/eth.o
 .debug_macro   0x00000000000028d7      0x11f ./Core/Src/eth.o
 .debug_macro   0x00000000000029f6       0x19 ./Core/Src/eth.o
 .debug_macro   0x0000000000002a0f    0x1aa0d ./Core/Src/eth.o
 .debug_macro   0x000000000001d41c       0x6d ./Core/Src/eth.o
 .debug_macro   0x000000000001d489     0x3749 ./Core/Src/eth.o
 .debug_macro   0x0000000000020bd2      0x174 ./Core/Src/eth.o
 .debug_macro   0x0000000000020d46       0x63 ./Core/Src/eth.o
 .debug_macro   0x0000000000020da9     0x1add ./Core/Src/eth.o
 .debug_macro   0x0000000000022886      0x6c4 ./Core/Src/eth.o
 .debug_macro   0x0000000000022f4a      0x18b ./Core/Src/eth.o
 .debug_macro   0x00000000000230d5      0x115 ./Core/Src/eth.o
 .debug_macro   0x00000000000231ea      0x26e ./Core/Src/eth.o
 .debug_macro   0x0000000000023458       0xa5 ./Core/Src/eth.o
 .debug_macro   0x00000000000234fd      0x24f ./Core/Src/eth.o
 .debug_macro   0x000000000002374c       0x71 ./Core/Src/eth.o
 .debug_macro   0x00000000000237bd       0x58 ./Core/Src/eth.o
 .debug_macro   0x0000000000023815      0x236 ./Core/Src/eth.o
 .debug_macro   0x0000000000023a4b      0xd44 ./Core/Src/eth.o
 .debug_macro   0x000000000002478f      0x14e ./Core/Src/eth.o
 .debug_macro   0x00000000000248dd      0x3db ./Core/Src/eth.o
 .debug_macro   0x0000000000024cb8       0x12 ./Core/Src/eth.o
 .debug_macro   0x0000000000024cca      0x22c ./Core/Src/eth.o
 .debug_macro   0x0000000000024ef6       0x61 ./Core/Src/eth.o
 .debug_macro   0x0000000000024f57       0xa5 ./Core/Src/eth.o
 .debug_macro   0x0000000000024ffc      0x12e ./Core/Src/eth.o
 .debug_macro   0x000000000002512a      0x108 ./Core/Src/eth.o
 .debug_macro   0x0000000000025232       0x35 ./Core/Src/eth.o
 .debug_macro   0x0000000000025267      0x5ba ./Core/Src/eth.o
 .debug_macro   0x0000000000025821       0x44 ./Core/Src/eth.o
 .debug_macro   0x0000000000025865      0x256 ./Core/Src/eth.o
 .debug_macro   0x0000000000025abb       0xba ./Core/Src/eth.o
 .debug_macro   0x0000000000025b75      0x15b ./Core/Src/eth.o
 .debug_macro   0x0000000000025cd0      0x13c ./Core/Src/eth.o
 .debug_macro   0x0000000000025e0c       0x61 ./Core/Src/eth.o
 .debug_macro   0x0000000000025e6d       0x29 ./Core/Src/eth.o
 .debug_macro   0x0000000000025e96       0x43 ./Core/Src/eth.o
 .debug_macro   0x0000000000025ed9       0x34 ./Core/Src/eth.o
 .debug_macro   0x0000000000025f0d       0x16 ./Core/Src/eth.o
 .debug_macro   0x0000000000025f23       0x43 ./Core/Src/eth.o
 .debug_macro   0x0000000000025f66       0x34 ./Core/Src/eth.o
 .debug_macro   0x0000000000025f9a       0x10 ./Core/Src/eth.o
 .debug_macro   0x0000000000025faa       0x58 ./Core/Src/eth.o
 .debug_macro   0x0000000000026002       0x8e ./Core/Src/eth.o
 .debug_macro   0x0000000000026090       0x1c ./Core/Src/eth.o
 .debug_macro   0x00000000000260ac      0x177 ./Core/Src/eth.o
 .debug_macro   0x0000000000026223      0x369 ./Core/Src/eth.o
 .debug_macro   0x000000000002658c       0x10 ./Core/Src/eth.o
 .debug_macro   0x000000000002659c       0x35 ./Core/Src/eth.o
 .debug_macro   0x00000000000265d1       0x20 ./Core/Src/eth.o
 .debug_macro   0x00000000000265f1      0x216 ./Core/Src/gpio.o
 .debug_macro   0x0000000000026807      0x238 ./Core/Src/main.o
 .debug_macro   0x0000000000026a3f      0x20c ./Core/Src/stm32f7xx_hal_msp.o
 .debug_macro   0x0000000000026c4b      0x216 ./Core/Src/stm32f7xx_it.o
 .debug_macro   0x0000000000026e61      0x1fd ./Core/Src/system_stm32f7xx.o
 .debug_macro   0x000000000002705e      0x216 ./Core/Src/usart.o
 .debug_macro   0x0000000000027274      0x216 ./Core/Src/usb_otg.o
 .debug_macro   0x000000000002748a      0x221 ./Drivers/STM32F7xx_HAL_Driver/Src/stm32f7xx_hal.o
 .debug_macro   0x00000000000276ab      0x1fd ./Drivers/STM32F7xx_HAL_Driver/Src/stm32f7xx_hal_cortex.o
 .debug_macro   0x00000000000278a8      0x203 ./Drivers/STM32F7xx_HAL_Driver/Src/stm32f7xx_hal_dma.o
 .debug_macro   0x0000000000027aab      0x2d7 ./Drivers/STM32F7xx_HAL_Driver/Src/stm32f7xx_hal_eth.o
 .debug_macro   0x0000000000027d82      0x203 ./Drivers/STM32F7xx_HAL_Driver/Src/stm32f7xx_hal_gpio.o
 .debug_macro   0x0000000000027f85      0x209 ./Drivers/STM32F7xx_HAL_Driver/Src/stm32f7xx_hal_pcd.o
 .debug_macro   0x000000000002818e      0x1fd ./Drivers/STM32F7xx_HAL_Driver/Src/stm32f7xx_hal_pcd_ex.o
 .debug_macro   0x000000000002838b      0x21b ./Drivers/STM32F7xx_HAL_Driver/Src/stm32f7xx_hal_pwr.o
 .debug_macro   0x00000000000285a6      0x215 ./Drivers/STM32F7xx_HAL_Driver/Src/stm32f7xx_hal_pwr_ex.o
 .debug_macro   0x00000000000287bb      0x221 ./Drivers/STM32F7xx_HAL_Driver/Src/stm32f7xx_hal_rcc.o
 .debug_macro   0x00000000000289dc      0x1fd ./Drivers/STM32F7xx_HAL_Driver/Src/stm32f7xx_hal_rcc_ex.o
 .debug_macro   0x0000000000028bd9      0x21a ./Drivers/STM32F7xx_HAL_Driver/Src/stm32f7xx_hal_uart.o
 .debug_macro   0x0000000000028df3      0x1fd ./Drivers/STM32F7xx_HAL_Driver/Src/stm32f7xx_ll_usb.o

.debug_line     0x0000000000000000    0x12b1e
 .debug_line    0x0000000000000000      0xa8c ./Core/Src/eth.o
 .debug_line    0x0000000000000a8c      0x79e ./Core/Src/gpio.o
 .debug_line    0x000000000000122a      0x82d ./Core/Src/main.o
 .debug_line    0x0000000000001a57      0x76b ./Core/Src/stm32f7xx_hal_msp.o
 .debug_line    0x00000000000021c2      0x85d ./Core/Src/stm32f7xx_it.o
 .debug_line    0x0000000000002a1f      0x7ea ./Core/Src/system_stm32f7xx.o
 .debug_line    0x0000000000003209      0x881 ./Core/Src/usart.o
 .debug_line    0x0000000000003a8a      0x7fb ./Core/Src/usb_otg.o
 .debug_line    0x0000000000004285       0x7a ./Core/Startup/startup_stm32f767zitx.o
 .debug_line    0x00000000000042ff      0xaab ./Drivers/STM32F7xx_HAL_Driver/Src/stm32f7xx_hal.o
 .debug_line    0x0000000000004daa      0xd01 ./Drivers/STM32F7xx_HAL_Driver/Src/stm32f7xx_hal_cortex.o
 .debug_line    0x0000000000005aab      0xfca ./Drivers/STM32F7xx_HAL_Driver/Src/stm32f7xx_hal_dma.o
 .debug_line    0x0000000000006a75     0x19c1 ./Drivers/STM32F7xx_HAL_Driver/Src/stm32f7xx_hal_eth.o
 .debug_line    0x0000000000008436      0xbef ./Drivers/STM32F7xx_HAL_Driver/Src/stm32f7xx_hal_gpio.o
 .debug_line    0x0000000000009025     0x14ca ./Drivers/STM32F7xx_HAL_Driver/Src/stm32f7xx_hal_pcd.o
 .debug_line    0x000000000000a4ef      0x87c ./Drivers/STM32F7xx_HAL_Driver/Src/stm32f7xx_hal_pcd_ex.o
 .debug_line    0x000000000000ad6b      0x97f ./Drivers/STM32F7xx_HAL_Driver/Src/stm32f7xx_hal_pwr.o
 .debug_line    0x000000000000b6ea      0x9e7 ./Drivers/STM32F7xx_HAL_Driver/Src/stm32f7xx_hal_pwr_ex.o
 .debug_line    0x000000000000c0d1      0xeea ./Drivers/STM32F7xx_HAL_Driver/Src/stm32f7xx_hal_rcc.o
 .debug_line    0x000000000000cfbb      0xec1 ./Drivers/STM32F7xx_HAL_Driver/Src/stm32f7xx_hal_rcc_ex.o
 .debug_line    0x000000000000de7c     0x316b ./Drivers/STM32F7xx_HAL_Driver/Src/stm32f7xx_hal_uart.o
 .debug_line    0x0000000000010fe7     0x1b37 ./Drivers/STM32F7xx_HAL_Driver/Src/stm32f7xx_ll_usb.o

.debug_str      0x0000000000000000    0xf9a7c
 .debug_str     0x0000000000000000    0xf48b9 ./Core/Src/eth.o
                                      0xf5011 (size before relaxing)
 .debug_str     0x00000000000f48b9       0x68 ./Core/Src/gpio.o
                                      0xf17f5 (size before relaxing)
 .debug_str     0x00000000000f4921      0x670 ./Core/Src/main.o
                                      0xf1e8b (size before relaxing)
 .debug_str     0x00000000000f4f91       0x2c ./Core/Src/stm32f7xx_hal_msp.o
                                      0xf172a (size before relaxing)
 .debug_str     0x00000000000f4fbd      0x101 ./Core/Src/stm32f7xx_it.o
                                      0xf1b88 (size before relaxing)
 .debug_str     0x00000000000f50be      0x190 ./Core/Src/system_stm32f7xx.o
                                      0xf13bb (size before relaxing)
 .debug_str     0x00000000000f524e      0x94f ./Core/Src/usart.o
                                      0xf2654 (size before relaxing)
 .debug_str     0x00000000000f5b9d      0x3c4 ./Core/Src/usb_otg.o
                                      0xf1f26 (size before relaxing)
 .debug_str     0x00000000000f5f61       0x34 ./Core/Startup/startup_stm32f767zitx.o
                                         0x7e (size before relaxing)
 .debug_str     0x00000000000f5f95      0x451 ./Drivers/STM32F7xx_HAL_Driver/Src/stm32f7xx_hal.o
                                      0xf1dfb (size before relaxing)
 .debug_str     0x00000000000f63e6      0x317 ./Drivers/STM32F7xx_HAL_Driver/Src/stm32f7xx_hal_cortex.o
                                      0xf1dab (size before relaxing)
 .debug_str     0x00000000000f66fd      0x322 ./Drivers/STM32F7xx_HAL_Driver/Src/stm32f7xx_hal_dma.o
                                      0xf16fa (size before relaxing)
 .debug_str     0x00000000000f6a1f     0x11c7 ./Drivers/STM32F7xx_HAL_Driver/Src/stm32f7xx_hal_eth.o
                                      0xf2b88 (size before relaxing)
 .debug_str     0x00000000000f7be6       0xe8 ./Drivers/STM32F7xx_HAL_Driver/Src/stm32f7xx_hal_gpio.o
                                      0xf1479 (size before relaxing)
 .debug_str     0x00000000000f7cce      0x823 ./Drivers/STM32F7xx_HAL_Driver/Src/stm32f7xx_hal_pcd.o
                                      0xf1dd8 (size before relaxing)
 .debug_str     0x00000000000f84f1      0x12d ./Drivers/STM32F7xx_HAL_Driver/Src/stm32f7xx_hal_pcd_ex.o
                                      0xf16d9 (size before relaxing)
 .debug_str     0x00000000000f861e      0x2ac ./Drivers/STM32F7xx_HAL_Driver/Src/stm32f7xx_hal_pwr.o
                                      0xf165c (size before relaxing)
 .debug_str     0x00000000000f88ca      0x1bd ./Drivers/STM32F7xx_HAL_Driver/Src/stm32f7xx_hal_pwr_ex.o
                                      0xf162a (size before relaxing)
 .debug_str     0x00000000000f8a87      0x24c ./Drivers/STM32F7xx_HAL_Driver/Src/stm32f7xx_hal_rcc.o
                                      0xf1736 (size before relaxing)
 .debug_str     0x00000000000f8cd3      0x13f ./Drivers/STM32F7xx_HAL_Driver/Src/stm32f7xx_hal_rcc_ex.o
                                      0xf1699 (size before relaxing)
 .debug_str     0x00000000000f8e12      0x80f ./Drivers/STM32F7xx_HAL_Driver/Src/stm32f7xx_hal_uart.o
                                      0xf2084 (size before relaxing)
 .debug_str     0x00000000000f9621      0x45b ./Drivers/STM32F7xx_HAL_Driver/Src/stm32f7xx_ll_usb.o
                                      0xf1c5e (size before relaxing)

.debug_frame    0x0000000000000000     0x3958
 .debug_frame   0x0000000000000000       0x74 ./Core/Src/eth.o
 .debug_frame   0x0000000000000074       0x34 ./Core/Src/gpio.o
 .debug_frame   0x00000000000000a8       0x8c ./Core/Src/main.o
 .debug_frame   0x0000000000000134       0x38 ./Core/Src/stm32f7xx_hal_msp.o
 .debug_frame   0x000000000000016c      0x13c ./Core/Src/stm32f7xx_it.o
 .debug_frame   0x00000000000002a8       0x58 ./Core/Src/system_stm32f7xx.o
 .debug_frame   0x0000000000000300       0x94 ./Core/Src/usart.o
 .debug_frame   0x0000000000000394       0x78 ./Core/Src/usb_otg.o
 .debug_frame   0x000000000000040c      0x3f4 ./Drivers/STM32F7xx_HAL_Driver/Src/stm32f7xx_hal.o
 .debug_frame   0x0000000000000800      0x498 ./Drivers/STM32F7xx_HAL_Driver/Src/stm32f7xx_hal_cortex.o
 .debug_frame   0x0000000000000c98      0x250 ./Drivers/STM32F7xx_HAL_Driver/Src/stm32f7xx_hal_dma.o
 .debug_frame   0x0000000000000ee8      0x898 ./Drivers/STM32F7xx_HAL_Driver/Src/stm32f7xx_hal_eth.o
 .debug_frame   0x0000000000001780      0x14c ./Drivers/STM32F7xx_HAL_Driver/Src/stm32f7xx_hal_gpio.o
 .debug_frame   0x00000000000018cc      0x5bc ./Drivers/STM32F7xx_HAL_Driver/Src/stm32f7xx_hal_pcd.o
 .debug_frame   0x0000000000001e88      0x100 ./Drivers/STM32F7xx_HAL_Driver/Src/stm32f7xx_hal_pcd_ex.o
 .debug_frame   0x0000000000001f88      0x254 ./Drivers/STM32F7xx_HAL_Driver/Src/stm32f7xx_hal_pwr.o
 .debug_frame   0x00000000000021dc      0x1c8 ./Drivers/STM32F7xx_HAL_Driver/Src/stm32f7xx_hal_pwr_ex.o
 .debug_frame   0x00000000000023a4      0x1f8 ./Drivers/STM32F7xx_HAL_Driver/Src/stm32f7xx_hal_rcc.o
 .debug_frame   0x000000000000259c      0x118 ./Drivers/STM32F7xx_HAL_Driver/Src/stm32f7xx_hal_rcc_ex.o
 .debug_frame   0x00000000000026b4      0xa10 ./Drivers/STM32F7xx_HAL_Driver/Src/stm32f7xx_hal_uart.o
 .debug_frame   0x00000000000030c4      0x7e8 ./Drivers/STM32F7xx_HAL_Driver/Src/stm32f7xx_ll_usb.o
 .debug_frame   0x00000000000038ac       0x20 C:/MyPrograms/STM32CubeIDE/STM32CubeIDE_1.14.0/STM32CubeIDE/plugins/com.st.stm32cube.ide.mcu.externaltools.gnu-tools-for-stm32.11.3.rel1.win32_1.1.100.202309141235/tools/bin/../lib/gcc/arm-none-eabi/11.3.1/../../../../arm-none-eabi/lib/thumb/v7e-m+dp/hard\libc_nano.a(libc_a-memset.o)
 .debug_frame   0x00000000000038cc       0x2c C:/MyPrograms/STM32CubeIDE/STM32CubeIDE_1.14.0/STM32CubeIDE/plugins/com.st.stm32cube.ide.mcu.externaltools.gnu-tools-for-stm32.11.3.rel1.win32_1.1.100.202309141235/tools/bin/../lib/gcc/arm-none-eabi/11.3.1/../../../../arm-none-eabi/lib/thumb/v7e-m+dp/hard\libc_nano.a(libc_a-init.o)
 .debug_frame   0x00000000000038f8       0x2c C:/MyPrograms/STM32CubeIDE/STM32CubeIDE_1.14.0/STM32CubeIDE/plugins/com.st.stm32cube.ide.mcu.externaltools.gnu-tools-for-stm32.11.3.rel1.win32_1.1.100.202309141235/tools/bin/../lib/gcc/arm-none-eabi/11.3.1/thumb/v7e-m+dp/hard\libgcc.a(_aeabi_uldivmod.o)
 .debug_frame   0x0000000000003924       0x34 C:/MyPrograms/STM32CubeIDE/STM32CubeIDE_1.14.0/STM32CubeIDE/plugins/com.st.stm32cube.ide.mcu.externaltools.gnu-tools-for-stm32.11.3.rel1.win32_1.1.100.202309141235/tools/bin/../lib/gcc/arm-none-eabi/11.3.1/thumb/v7e-m+dp/hard\libgcc.a(_udivmoddi4.o)

.debug_line_str
                0x0000000000000000       0x72
 .debug_line_str
                0x0000000000000000       0x72 ./Core/Startup/startup_stm32f767zitx.o
                                         0x8a (size before relaxing)
