../Core/Src/app_freertos.c:123:10:readADCData	16	static
../Core/Src/app_freertos.c:137:6:SetChannel	48	static
../Core/Src/app_freertos.c:171:6:MX_FREERTOS_Init	8	static
../Core/Src/app_freertos.c:242:6:sensAnalog01Task	128	static
../Core/Src/app_freertos.c:278:6:sensUARTTask	24	static
../Core/Src/app_freertos.c:301:6:sensI2CTask	32	static
../Core/Src/app_freertos.c:330:6:sensAnalog02Task	128	static
../Core/Src/app_freertos.c:364:6:StartPumpTask	16	static
../Core/Src/app_freertos.c:383:6:sensGPIOTask	24	static
../Core/Src/app_freertos.c:406:6:_putchar	16	static
