../Core/Src/app_freertos.c:135:10:readADCData	16	static
../Core/Src/app_freertos.c:149:6:SetChannel	48	static
../Core/Src/app_freertos.c:183:6:MX_FREERTOS_Init	8	static
../Core/Src/app_freertos.c:254:6:sensAnalog01Task	128	static
../Core/Src/app_freertos.c:282:6:sensUARTTask	24	static
../Core/Src/app_freertos.c:304:6:sensI2CTask	32	static
../Core/Src/app_freertos.c:334:6:sensAnalog02Task	128	static
../Core/Src/app_freertos.c:361:6:StartInfoTask	24	static
../Core/Src/app_freertos.c:426:6:sensGPIOTask	24	static
../Core/Src/app_freertos.c:447:6:_putchar	16	static
